WARNING: Final field parent in class maestro.cli.command.TestCommand has been mutated reflectively by class picocli.CommandLine$Model$FieldBinding in unnamed module @2d9d4f9d (file:/D:/Automation-Tool/maestro/lib/picocli-4.6.3.jar)
WARNING: Use --enable-final-field-mutation=ALL-UNNAMED to avoid a warning
WARNING: Mutating final fields will be blocked in a future release unless final field mutation is enabled
Running on Pixel_8
 > Flow PRJ-001 Project opens Available Units list (PRJ-002 project summary)
WARNING: A terminally deprecated method in sun.misc.Unsafe has been called
WARNING: sun.misc.Unsafe::arrayBaseOffset has been called by com.google.protobuf.UnsafeUtil$MemoryAccessor (file:/D:/Automation-Tool/maestro/lib/protobuf-java-3.21.9.jar)
WARNING: Please consider reporting this to the maintainers of class com.google.protobuf.UnsafeUtil$MemoryAccessor
WARNING: sun.misc.Unsafe::arrayBaseOffset will be removed in a future release
Launch app "fi.iwa.sakani"... COMPLETED
Run ../subflows/clear-overlays.yaml...
  Repeat while "${ANCHOR}" is not visible (up to 26 times)...
    Run ${output.handled = false}... COMPLETED
    Run flow when "(?s)(?:Don.t allow|Skip|Dismiss|Ok|Marketplace Day|Start comparing properties|Go to the weekly (offer|deal)|Update email|Number and Email Already Linked|.*would you recommend benefiting from Sakani.*|Maybe Later|Reject cookies)" is visible...
      Run flow when "Don.t allow" is visible...
      Run flow when "Don.t allow" is visible... SKIPPED
      Run flow when "Skip" is visible...
        Tap on "Skip"... COMPLETED
        Run ${output.handled = true}... COMPLETED
        Wait for animation to end within 3000 ms... COMPLETED
      Run flow when "Skip" is visible... COMPLETED
      Run flow when "Dismiss" is visible...
      Run flow when "Dismiss" is visible... SKIPPED
      Run flow when "Ok" is visible...
      Run flow when "Ok" is visible... SKIPPED
      Run flow when "Marketplace Day" is visible...
      Run flow when "Marketplace Day" is visible... SKIPPED
      Run flow when "Start comparing properties" is visible...
        Press back... COMPLETED
        Run ${output.handled = true}... COMPLETED
        Wait for animation to end within 3000 ms... COMPLETED
      Run flow when "Start comparing properties" is visible... COMPLETED
      Run flow when "Go to the weekly (offer|deal)" is visible...
      Run flow when "Go to the weekly (offer|deal)" is visible... SKIPPED
      Run flow when "Update email" is visible...
      Run flow when "Update email" is visible... SKIPPED
      Run flow when "Number and Email Already Linked" is visible...
      Run flow when "Number and Email Already Linked" is visible... SKIPPED
      Run flow when "(?s).*would you recommend benefiting from Sakani.*" is visible...
      Run flow when "(?s).*would you recommend benefiting from Sakani.*" is visible... SKIPPED
      Run flow when "Maybe Later" is visible...
      Run flow when "Maybe Later" is visible... SKIPPED
      Run flow when "Reject cookies" is visible...
      Run flow when "Reject cookies" is visible... SKIPPED
    Run flow when "(?s)(?:Don.t allow|Skip|Dismiss|Ok|Marketplace Day|Start comparing properties|Go to the weekly (offer|deal)|Update email|Number and Email Already Linked|.*would you recommend benefiting from Sakani.*|Maybe Later|Reject cookies)" is visible... COMPLETED
    Run flow when ${output.handled !== true} is true...
    Run flow when false is true... SKIPPED
  Repeat while "${ANCHOR}" is not visible (up to 26 times)... COMPLETED
  Run flow when ${output.npsLeftToCaller !== true} is true...
    Repeat while "(?s).*would you recommend benefiting from Sakani.*" is visible (up to 3 times)...
    Repeat while "(?s).*would you recommend benefiting from Sakani.*" is visible (up to 3 times)... SKIPPED
    Assert that "(?s).*would you recommend benefiting from Sakani.*" is not visible... COMPLETED
  Run flow when true is true... COMPLETED
  Run flow when ${output.anchorOptional !== true} is true...
    Repeat while "${ANCHOR}" is not visible (up to 6 times)...
    Repeat while "${ANCHOR}" is not visible (up to 6 times)... SKIPPED
    Repeat while "(?s).*would you recommend benefiting from Sakani.*" is visible (up to 3 times)...
    Repeat while "(?s).*would you recommend benefiting from Sakani.*" is visible (up to 3 times)... SKIPPED
    Assert that "(?s).*would you recommend benefiting from Sakani.*" is not visible... COMPLETED
    Assert that "${ANCHOR}" is visible... COMPLETED
  Run flow when true is true... COMPLETED
Run ../subflows/clear-overlays.yaml... COMPLETED
Tap on "Explore\s*Tab 2 of 4"... COMPLETED
Assert that "Registered Interests" is visible... COMPLETED
Run flow when "[Uu]nits\s*Tab 2 of 2" is not visible...
  Tap on "(Construction Status|Ready Units|Readymade|Offplan|Land)"... COMPLETED
  Assert that "(Start searching|Apply)" is visible... COMPLETED
  Run flow when "Start searching" is visible...
    Tap on "Buy"... COMPLETED
    Tap on "Ready(made| Units)"... COMPLETED
    Tap on "Start searching"... COMPLETED
  Run flow when "Start searching" is visible... COMPLETED
  Run flow when "Apply" is visible...
  Run flow when "Apply" is visible... SKIPPED
Run flow when "[Uu]nits\s*Tab 2 of 2" is not visible... COMPLETED
Assert that "[Uu]nits\s*Tab 2 of 2" is visible... COMPLETED
Tap on "Projects\s*Tab 1 of 2"... COMPLETED
Assert that "Projects\s*Tab 1 of 2", selected is visible... COMPLETED
Tap on Below "Projects\s*Tab 1 of 2"... COMPLETED
Run ../subflows/clear-overlays.yaml...
  Repeat while "${ANCHOR}" is not visible (up to 26 times)...
    Run ${output.handled = false}... COMPLETED
    Run flow when "(?s)(?:Don.t allow|Skip|Dismiss|Ok|Marketplace Day|Start comparing properties|Go to the weekly (offer|deal)|Update email|Number and Email Already Linked|.*would you recommend benefiting from Sakani.*|Maybe Later|Reject cookies)" is visible...
      Run flow when "Don.t allow" is visible...
      Run flow when "Don.t allow" is visible... SKIPPED
      Run flow when "Skip" is visible...
      Run flow when "Skip" is visible... SKIPPED
      Run flow when "Dismiss" is visible...
      Run flow when "Dismiss" is visible... SKIPPED
      Run flow when "Ok" is visible...
      Run flow when "Ok" is visible... SKIPPED
      Run flow when "Marketplace Day" is visible...
      Run flow when "Marketplace Day" is visible... SKIPPED
      Run flow when "Start comparing properties" is visible...
        Press back... COMPLETED
        Run ${output.handled = true}... COMPLETED
        Wait for animation to end within 3000 ms... COMPLETED
      Run flow when "Start comparing properties" is visible... COMPLETED
      Run flow when "Go to the weekly (offer|deal)" is visible...
      Run flow when "Go to the weekly (offer|deal)" is visible... SKIPPED
      Run flow when "Update email" is visible...
      Run flow when "Update email" is visible... SKIPPED
      Run flow when "Number and Email Already Linked" is visible...
      Run flow when "Number and Email Already Linked" is visible... SKIPPED
      Run flow when "(?s).*would you recommend benefiting from Sakani.*" is visible...
      Run flow when "(?s).*would you recommend benefiting from Sakani.*" is visible... SKIPPED
      Run flow when "Maybe Later" is visible...
      Run flow when "Maybe Later" is visible... SKIPPED
      Run flow when "Reject cookies" is visible...
      Run flow when "Reject cookies" is visible... SKIPPED
    Run flow when "(?s)(?:Don.t allow|Skip|Dismiss|Ok|Marketplace Day|Start comparing properties|Go to the weekly (offer|deal)|Update email|Number and Email Already Linked|.*would you recommend benefiting from Sakani.*|Maybe Later|Reject cookies)" is visible... COMPLETED
    Run flow when ${output.handled !== true} is true...
    Run flow when false is true... SKIPPED
  Repeat while "${ANCHOR}" is not visible (up to 26 times)... COMPLETED
  Run flow when ${output.npsLeftToCaller !== true} is true...
    Repeat while "(?s).*would you recommend benefiting from Sakani.*" is visible (up to 3 times)...
    Repeat while "(?s).*would you recommend benefiting from Sakani.*" is visible (up to 3 times)... SKIPPED
    Assert that "(?s).*would you recommend benefiting from Sakani.*" is not visible... COMPLETED
  Run flow when true is true... COMPLETED
  Run flow when ${output.anchorOptional !== true} is true...
    Repeat while "${ANCHOR}" is not visible (up to 6 times)...
    Repeat while "${ANCHOR}" is not visible (up to 6 times)... SKIPPED
    Repeat while "(?s).*would you recommend benefiting from Sakani.*" is visible (up to 3 times)...
    Repeat while "(?s).*would you recommend benefiting from Sakani.*" is visible (up to 3 times)... SKIPPED
    Assert that "(?s).*would you recommend benefiting from Sakani.*" is not visible... COMPLETED
    Assert that "${ANCHOR}" is visible... COMPLETED
  Run flow when true is true... COMPLETED
Run ../subflows/clear-overlays.yaml... COMPLETED
Assert that "View units" is visible... COMPLETED
Assert that "About this project" is visible... COMPLETED
Assert that "(?s).*Prices start from.*" is visible... COMPLETED
Assert that "\d+ - \d+" is visible... COMPLETED
Assert that "(?s).*\d+ - \d+ m.*" is visible... COMPLETED
Assert that "(?s).*available units.*" is visible... COMPLETED
Tap on "View units"... COMPLETED
Assert that "(?s)Unit list.*Tab 1 of 2", selected is visible... COMPLETED
Assert that "(?s)Project details.*Tab 2 of 2" is visible... COMPLETED
Assert that "(Price|Area size|Property type|Bedroom|Bathroom|Block)" is visible... COMPLETED
Assert that "(?s).*[0-9]+ available units.*" is visible... COMPLETED
