WARNING: Final field parent in class maestro.cli.command.TestCommand has been mutated reflectively by class picocli.CommandLine$Model$FieldBinding in unnamed module @2d9d4f9d (file:/D:/Automation-Tool/maestro/lib/picocli-4.6.3.jar)
WARNING: Use --enable-final-field-mutation=ALL-UNNAMED to avoid a warning
WARNING: Mutating final fields will be blocked in a future release unless final field mutation is enabled
Running on Pixel_8
 > Flow DIAG - guest Home overlay phase (read-only hold)
WARNING: A terminally deprecated method in sun.misc.Unsafe has been called
WARNING: sun.misc.Unsafe::arrayBaseOffset has been called by com.google.protobuf.UnsafeUtil$MemoryAccessor (file:/D:/Automation-Tool/maestro/lib/protobuf-java-3.21.9.jar)
WARNING: Please consider reporting this to the maintainers of class com.google.protobuf.UnsafeUtil$MemoryAccessor
WARNING: sun.misc.Unsafe::arrayBaseOffset will be removed in a future release
Launch app "fi.iwa.sakani" with clear state... COMPLETED
Run ../../../.maestro/subflows/clear-overlays.yaml...
  Repeat while "${ANCHOR}" is not visible (up to 26 times)...
    Run ${output.handled = false}... COMPLETED
    Run flow when "(?s)(?:Don.t allow|Skip|Dismiss|Ok|Marketplace Day|Start comparing properties|Go to the weekly (offer|deal)|Update email|Number and Email Already Linked|.*would you recommend benefiting from Sakani.*|Thank you for your feedback|Maybe Later|Reject cookies)" is visible...
      Run flow when "Don.t allow" is visible...
      Run flow when "Don.t allow" is visible... SKIPPED
      Run flow when "Skip" is visible...
        Tap on "Skip"... COMPLETED
        Run ${output.handled = true}... COMPLETED
        Wait for animation to end within 3000 ms... COMPLETED
      Run flow when "Skip" is visible... COMPLETED
      Run flow when "Dismiss" is visible...
      Run flow when "Dismiss" is visible... SKIPPED
      Run flow when "Ok" is visible...
      Run flow when "Ok" is visible... SKIPPED
      Run flow when "Marketplace Day" is visible...
      Run flow when "Marketplace Day" is visible... SKIPPED
      Run flow when "Start comparing properties" is visible...
        Press back... COMPLETED
        Run ${output.handled = true}... COMPLETED
        Wait for animation to end within 3000 ms... COMPLETED
      Run flow when "Start comparing properties" is visible... COMPLETED
      Run flow when "Go to the weekly (offer|deal)" is visible...
      Run flow when "Go to the weekly (offer|deal)" is visible... SKIPPED
      Run flow when "Update email" is visible...
      Run flow when "Update email" is visible... SKIPPED
      Run flow when "Number and Email Already Linked" is visible...
      Run flow when "Number and Email Already Linked" is visible... SKIPPED
      Run flow when "(?s)(.*would you recommend benefiting from Sakani.*|Thank you for your feedback)" is visible...
      Run flow when "(?s)(.*would you recommend benefiting from Sakani.*|Thank you for your feedback)" is visible... SKIPPED
      Run flow when "Maybe Later" is visible...
      Run flow when "Maybe Later" is visible... SKIPPED
      Run flow when "Reject cookies" is visible...
      Run flow when "Reject cookies" is visible... SKIPPED
    Run flow when "(?s)(?:Don.t allow|Skip|Dismiss|Ok|Marketplace Day|Start comparing properties|Go to the weekly (offer|deal)|Update email|Number and Email Already Linked|.*would you recommend benefiting from Sakani.*|Thank you for your feedback|Maybe Later|Reject cookies)" is visible... COMPLETED
    Run flow when ${output.handled !== true} is true...
    Run flow when false is true... SKIPPED
  Repeat while "${ANCHOR}" is not visible (up to 26 times)... COMPLETED
  Run flow when ${output.npsLeftToCaller !== true} is true...
    Run dismiss-nps.yaml...
      Run flow when "(?s).*would you recommend benefiting from Sakani.*" is visible...
      Run flow when "(?s).*would you recommend benefiting from Sakani.*" is visible... SKIPPED
      Run flow when "Thank you for your feedback" is visible...
      Run flow when "Thank you for your feedback" is visible... SKIPPED
    Run dismiss-nps.yaml... COMPLETED
  Run flow when true is true... COMPLETED
  Run flow when ${output.anchorOptional !== true} is true...
    Repeat while "${ANCHOR}" is not visible (up to 6 times)...
    Repeat while "${ANCHOR}" is not visible (up to 6 times)... SKIPPED
    Run dismiss-nps.yaml...
      Run flow when "(?s).*would you recommend benefiting from Sakani.*" is visible...
      Run flow when "(?s).*would you recommend benefiting from Sakani.*" is visible... SKIPPED
      Run flow when "Thank you for your feedback" is visible...
      Run flow when "Thank you for your feedback" is visible... SKIPPED
    Run dismiss-nps.yaml... COMPLETED
    Assert that "${ANCHOR}" is visible... COMPLETED
  Run flow when true is true... COMPLETED
Run ../../../.maestro/subflows/clear-overlays.yaml... COMPLETED
Assert that "(?s).*Login / Sign up.*" is visible... COMPLETED
Run ${console.log('DIAG HOLD START - guest Home stable')}... COMPLETED
Repeat 5 times...
  Run flow when "(?s).*would you recommend benefiting from Sakani.*" is visible...
  Run flow when "(?s).*would you recommend benefiting from Sakani.*" is visible... SKIPPED
  Run flow when "Thank you for your feedback" is visible...
  Run flow when "Thank you for your feedback" is visible... SKIPPED
  Run flow when "Trending Services" is visible...
  Run flow when "Trending Services" is visible... SKIPPED
Repeat 5 times... COMPLETED
Run ${console.log('DIAG HOLD END')}... COMPLETED
DIAG - guest Home no longer visible at the end of the hold... COMPLETED
