Running on Pixel_8
 > Flow Check Eligibility With New User
Run ${output.generatedNationalId = String(Math.floor(1000000000 + Math.random() * 1000000000))}... COMPLETED
TEST DATA - generated National ID does not match 1 followed by 9 digits... COMPLETED
Run ${output.generatedPhone = String(Math.floor(500000000 + Math.random() * 10000000))}... COMPLETED
Run ${output.generatedEmail = 'elig.' + output.generatedNationalId + '@example.com'}... COMPLETED
Run ${console.log('ELIGIBILITY NEW USER - National ID [' + output.generatedNationalId + '] phone [+966' + output.generatedPhone + '] email [' + output.generatedEmail + ']')}... COMPLETED
Launch app "fi.iwa.sakani" with clear state... COMPLETED
Run ../subflows/register-new-user.yaml...
  Assert that ${typeof NATIONAL_ID !== "undefined" && String(NATIONAL_ID).length === 10 && !/[^0-9]/.test(String(NATIONAL_ID))} is true... COMPLETED
  Run clear-overlays.yaml...
    Repeat while "${ANCHOR}" is not visible (up to 26 times)...
      Run ${output.handled = false}... COMPLETED
      Run flow when "(?s)(?:Don.t allow|Skip|Dismiss|Ok|Marketplace Day|Start comparing properties|Go to the weekly (offer|deal)|Update email|Number and Email Already Linked|.*would you recommend benefiting from Sakani.*|Thank you for your feedback|Maybe Later|Reject cookies)" is visible...
        Run flow when "Don.t allow" is visible...
        Run flow when "Don.t allow" is visible... SKIPPED
        Run flow when "Skip" is visible...
          Tap on "Skip"... COMPLETED
          Run ${output.handled = true}... COMPLETED
          Wait for animation to end within 3000 ms... COMPLETED
        Run flow when "Skip" is visible... COMPLETED
        Run flow when "Dismiss" is visible...
        Run flow when "Dismiss" is visible... SKIPPED
        Run flow when "Ok" is visible...
        Run flow when "Ok" is visible... SKIPPED
        Run flow when "Marketplace Day" is visible...
        Run flow when "Marketplace Day" is visible... SKIPPED
        Run flow when "Start comparing properties" is visible...
          Press back... COMPLETED
          Run ${output.handled = true}... COMPLETED
          Wait for animation to end within 3000 ms... COMPLETED
        Run flow when "Start comparing properties" is visible... COMPLETED
        Run flow when "Go to the weekly (offer|deal)" is visible...
        Run flow when "Go to the weekly (offer|deal)" is visible... SKIPPED
        Run flow when "Update email" is visible...
        Run flow when "Update email" is visible... SKIPPED
        Run flow when "Number and Email Already Linked" is visible...
        Run flow when "Number and Email Already Linked" is visible... SKIPPED
        Run flow when "(?s)(.*would you recommend benefiting from Sakani.*|Thank you for your feedback)" is visible...
        Run flow when "(?s)(.*would you recommend benefiting from Sakani.*|Thank you for your feedback)" is visible... SKIPPED
        Run flow when "Maybe Later" is visible...
        Run flow when "Maybe Later" is visible... SKIPPED
        Run flow when "Reject cookies" is visible...
        Run flow when "Reject cookies" is visible... SKIPPED
      Run flow when "(?s)(?:Don.t allow|Skip|Dismiss|Ok|Marketplace Day|Start comparing properties|Go to the weekly (offer|deal)|Update email|Number and Email Already Linked|.*would you recommend benefiting from Sakani.*|Thank you for your feedback|Maybe Later|Reject cookies)" is visible... COMPLETED
      Run flow when ${output.handled !== true} is true...
      Run flow when false is true... SKIPPED
    Repeat while "${ANCHOR}" is not visible (up to 26 times)... COMPLETED
    Run flow when ${output.npsLeftToCaller !== true} is true...
      Run dismiss-nps.yaml...
        Run flow when "(?s).*would you recommend benefiting from Sakani.*" is visible...
        Run flow when "(?s).*would you recommend benefiting from Sakani.*" is visible... SKIPPED
        Run flow when "Thank you for your feedback" is visible...
        Run flow when "Thank you for your feedback" is visible... SKIPPED
      Run dismiss-nps.yaml... COMPLETED
    Run flow when true is true... COMPLETED
    Run flow when ${output.anchorOptional !== true} is true...
      Repeat while "${ANCHOR}" is not visible (up to 6 times)...
      Repeat while "${ANCHOR}" is not visible (up to 6 times)... SKIPPED
      Run dismiss-nps.yaml...
        Run flow when "(?s).*would you recommend benefiting from Sakani.*" is visible...
        Run flow when "(?s).*would you recommend benefiting from Sakani.*" is visible... SKIPPED
        Run flow when "Thank you for your feedback" is visible...
        Run flow when "Thank you for your feedback" is visible... SKIPPED
      Run dismiss-nps.yaml... COMPLETED
      Assert that "${ANCHOR}" is visible... COMPLETED
    Run flow when true is true... COMPLETED
  Run clear-overlays.yaml... COMPLETED
  Assert that "(?s).*Login / Sign up.*" is visible... COMPLETED
  Tap on "(?s).*Login / Sign up.*"... COMPLETED
  Assert that "Continue with N[ae]fath" is visible... COMPLETED
  Tap on "Enter your ID, phone number,? or email"... COMPLETED
  Input text ${NATIONAL_ID}... COMPLETED
  Assert that "${NATIONAL_ID}" is visible... COMPLETED
  Tap on "Continue"... COMPLETED
  Assert that "Login with nafath" is visible... COMPLETED
  Assert that "${NATIONAL_ID}" is visible... COMPLETED
  Tap on "Confirm"... COMPLETED
  Assert that "Personal information" is visible... COMPLETED
  Assert that "We populated the information based on your National ID/Iqama and DOB." is visible... COMPLETED
  Assert that "${NATIONAL_ID}", Below "National ID.*" is visible... COMPLETED
  Tap on "Continue"... COMPLETED
  Assert that "(?s).*Please fill in your mobile number detail and email address.*" is visible... COMPLETED
  Tap on "Enter your phone number"... COMPLETED
  Input text ${PHONE}... COMPLETED
  Hide Keyboard... COMPLETED
  Tap on "Enter your email"... COMPLETED
  Input text ${EMAIL}... COMPLETED
  Hide Keyboard... COMPLETED
  Wait for animation to end within 3000 ms... COMPLETED
  Assert that "${PHONE}" is visible... COMPLETED
  Assert that "${EMAIL}" is visible... COMPLETED
  REGISTRATION - the app rejected the generated phone number... COMPLETED
  Assert that "(?s).*Please fill in your mobile number detail and email address.*" is visible... COMPLETED
  Tap on point (50%,93%)... COMPLETED
  REGISTRATION - contact details were not accepted (no Verification Code screen)... COMPLETED
  Tap on "X", Index: 0... COMPLETED
  Input text ${OTP}... COMPLETED
  Run clear-overlays.yaml...
    Repeat while "${ANCHOR}" is not visible (up to 26 times)...
      Run ${output.handled = false}... COMPLETED
      Run flow when "(?s)(?:Don.t allow|Skip|Dismiss|Ok|Marketplace Day|Start comparing properties|Go to the weekly (offer|deal)|Update email|Number and Email Already Linked|.*would you recommend benefiting from Sakani.*|Thank you for your feedback|Maybe Later|Reject cookies)" is visible...
        Run flow when "Don.t allow" is visible...
        Run flow when "Don.t allow" is visible... SKIPPED
        Run flow when "Skip" is visible...
        Run flow when "Skip" is visible... SKIPPED
        Run flow when "Dismiss" is visible...
        Run flow when "Dismiss" is visible... SKIPPED
        Run flow when "Ok" is visible...
        Run flow when "Ok" is visible... SKIPPED
        Run flow when "Marketplace Day" is visible...
        Run flow when "Marketplace Day" is visible... SKIPPED
        Run flow when "Start comparing properties" is visible...
        Run flow when "Start comparing properties" is visible... SKIPPED
        Run flow when "Go to the weekly (offer|deal)" is visible...
          Press back... COMPLETED
          Run ${output.handled = true}... COMPLETED
          Wait for animation to end within 3000 ms... COMPLETED
        Run flow when "Go to the weekly (offer|deal)" is visible... COMPLETED
        Run flow when "Update email" is visible...
        Run flow when "Update email" is visible... SKIPPED
        Run flow when "Number and Email Already Linked" is visible...
        Run flow when "Number and Email Already Linked" is visible... SKIPPED
        Run flow when "(?s)(.*would you recommend benefiting from Sakani.*|Thank you for your feedback)" is visible...
        Run flow when "(?s)(.*would you recommend benefiting from Sakani.*|Thank you for your feedback)" is visible... SKIPPED
        Run flow when "Maybe Later" is visible...
          Tap on "Maybe Later"... COMPLETED
          Run ${output.handled = true}... COMPLETED
          Wait for animation to end within 3000 ms... COMPLETED
        Run flow when "Maybe Later" is visible... COMPLETED
        Run flow when "Reject cookies" is visible...
        Run flow when "Reject cookies" is visible... SKIPPED
      Run flow when "(?s)(?:Don.t allow|Skip|Dismiss|Ok|Marketplace Day|Start comparing properties|Go to the weekly (offer|deal)|Update email|Number and Email Already Linked|.*would you recommend benefiting from Sakani.*|Thank you for your feedback|Maybe Later|Reject cookies)" is visible... COMPLETED
      Run flow when ${output.handled !== true} is true...
      Run flow when false is true... SKIPPED
    Repeat while "${ANCHOR}" is not visible (up to 26 times)... COMPLETED
    Run flow when ${output.npsLeftToCaller !== true} is true...
      Run dismiss-nps.yaml...
        Run flow when "(?s).*would you recommend benefiting from Sakani.*" is visible...
        Run flow when "(?s).*would you recommend benefiting from Sakani.*" is visible... SKIPPED
        Run flow when "Thank you for your feedback" is visible...
        Run flow when "Thank you for your feedback" is visible... SKIPPED
      Run dismiss-nps.yaml... COMPLETED
    Run flow when true is true... COMPLETED
    Run flow when ${output.anchorOptional !== true} is true...
      Repeat while "${ANCHOR}" is not visible (up to 6 times)...
      Repeat while "${ANCHOR}" is not visible (up to 6 times)... SKIPPED
      Run dismiss-nps.yaml...
        Run flow when "(?s).*would you recommend benefiting from Sakani.*" is visible...
        Run flow when "(?s).*would you recommend benefiting from Sakani.*" is visible... SKIPPED
        Run flow when "Thank you for your feedback" is visible...
        Run flow when "Thank you for your feedback" is visible... SKIPPED
      Run dismiss-nps.yaml... COMPLETED
      Assert that "${ANCHOR}" is visible... COMPLETED
    Run flow when true is true... COMPLETED
  Run clear-overlays.yaml... COMPLETED
  Assert that "Welcome! Your account is all set." is visible... COMPLETED
  Tap on "Continue"... COMPLETED
  Run post-login.yaml...
    Assert that "Login with nafath" is not visible... COMPLETED
    Run ${output.anchorOptional = true}... COMPLETED
    Run clear-overlays.yaml...
      Repeat while "${ANCHOR}" is not visible (up to 26 times)...
        Run ${output.handled = false}... COMPLETED
        Run flow when "(?s)(?:Don.t allow|Skip|Dismiss|Ok|Marketplace Day|Start comparing properties|Go to the weekly (offer|deal)|Update email|Number and Email Already Linked|.*would you recommend benefiting from Sakani.*|Thank you for your feedback|Maybe Later|Reject cookies)" is visible...
          Run flow when "Don.t allow" is visible...
          Run flow when "Don.t allow" is visible... SKIPPED
          Run flow when "Skip" is visible...
            Tap on "Skip"... COMPLETED
            Run ${output.handled = true}... COMPLETED
            Wait for animation to end within 3000 ms... COMPLETED
          Run flow when "Skip" is visible... COMPLETED
          Run flow when "Dismiss" is visible...
          Run flow when "Dismiss" is visible... SKIPPED
          Run flow when "Ok" is visible...
          Run flow when "Ok" is visible... SKIPPED
          Run flow when "Marketplace Day" is visible...
          Run flow when "Marketplace Day" is visible... SKIPPED
          Run flow when "Start comparing properties" is visible...
          Run flow when "Start comparing properties" is visible... SKIPPED
          Run flow when "Go to the weekly (offer|deal)" is visible...
          Run flow when "Go to the weekly (offer|deal)" is visible... SKIPPED
          Run flow when "Update email" is visible...
          Run flow when "Update email" is visible... SKIPPED
          Run flow when "Number and Email Already Linked" is visible...
          Run flow when "Number and Email Already Linked" is visible... SKIPPED
          Run flow when "(?s)(.*would you recommend benefiting from Sakani.*|Thank you for your feedback)" is visible...
          Run flow when "(?s)(.*would you recommend benefiting from Sakani.*|Thank you for your feedback)" is visible... SKIPPED
          Run flow when "Maybe Later" is visible...
          Run flow when "Maybe Later" is visible... SKIPPED
          Run flow when "Reject cookies" is visible...
          Run flow when "Reject cookies" is visible... SKIPPED
        Run flow when "(?s)(?:Don.t allow|Skip|Dismiss|Ok|Marketplace Day|Start comparing properties|Go to the weekly (offer|deal)|Update email|Number and Email Already Linked|.*would you recommend benefiting from Sakani.*|Thank you for your feedback|Maybe Later|Reject cookies)" is visible... COMPLETED
        Run flow when ${output.handled !== true} is true...
        Run flow when false is true... SKIPPED
      Repeat while "${ANCHOR}" is not visible (up to 26 times)... COMPLETED
      Run flow when ${output.npsLeftToCaller !== true} is true...
        Run dismiss-nps.yaml...
          Run flow when "(?s).*would you recommend benefiting from Sakani.*" is visible...
          Run flow when "(?s).*would you recommend benefiting from Sakani.*" is visible... SKIPPED
          Run flow when "Thank you for your feedback" is visible...
          Run flow when "Thank you for your feedback" is visible... SKIPPED
        Run dismiss-nps.yaml... COMPLETED
      Run flow when true is true... COMPLETED
      Run flow when ${output.anchorOptional !== true} is true...
      Run flow when false is true... SKIPPED
    Run clear-overlays.yaml... COMPLETED
    Run ${output.anchorOptional = false}... COMPLETED
    Run flow when "New service" is visible...
    Run flow when "New service" is visible... SKIPPED
    Run flow when "Go to the weekly (offer|deal)" is visible...
    Run flow when "Go to the weekly (offer|deal)" is visible... SKIPPED
    Run flow when "Continue with N[ae]fath" is visible...
    Run flow when "Continue with N[ae]fath" is visible... SKIPPED
    Repeat while "(?si)(Hello|Good (morning|afternoon|evening)),\s*\S.*" is not visible (up to 6 times)...
    Repeat while "(?si)(Hello|Good (morning|afternoon|evening)),\s*\S.*" is not visible (up to 6 times)... SKIPPED
    Run dismiss-nps.yaml...
      Run flow when "(?s).*would you recommend benefiting from Sakani.*" is visible...
      Run flow when "(?s).*would you recommend benefiting from Sakani.*" is visible... SKIPPED
      Run flow when "Thank you for your feedback" is visible...
      Run flow when "Thank you for your feedback" is visible... SKIPPED
    Run dismiss-nps.yaml... COMPLETED
    Assert that "(?si)(Hello|Good (morning|afternoon|evening)),\s*\S.*" is visible... COMPLETED
    Assert that "(?s).*Login / Sign up.*" is not visible... COMPLETED
  Run post-login.yaml... COMPLETED
Run ../subflows/register-new-user.yaml... COMPLETED
Run ../subflows/open-account-tab.yaml...
  Run tap-until-destination.yaml...
    Repeat while "${DESTINATION}" is not visible (up to 6 times)...
      Run dismiss-nps.yaml...
        Run flow when "(?s).*would you recommend benefiting from Sakani.*" is visible...
        Run flow when "(?s).*would you recommend benefiting from Sakani.*" is visible... SKIPPED
        Run flow when "Thank you for your feedback" is visible...
        Run flow when "Thank you for your feedback" is visible... SKIPPED
      Run dismiss-nps.yaml... COMPLETED
      Tap on (Optional) "${TARGET}"... COMPLETED
      Wait for animation to end within 3000 ms... COMPLETED
    Repeat while "${DESTINATION}" is not visible (up to 6 times)... COMPLETED
    Assert that "${DESTINATION}" is visible... COMPLETED
  Run tap-until-destination.yaml... COMPLETED
Run ../subflows/open-account-tab.yaml... COMPLETED
Run ${console.log('ELIGIBILITY - Account opened')}... COMPLETED
Run ${output.accountService = "(?s)Eligibility checker status.*"}... COMPLETED
Run ../subflows/open-account-service.yaml...
  Run account-ready.yaml...
    Assert that "Account\s*Tab 4 of 4", selected is visible... COMPLETED
    Assert that "(Profile details|Invoices)" is visible... COMPLETED
  Run account-ready.yaml... COMPLETED
  Repeat while "${output.accountService}", enabled, Below "(?s)(Account|Hello\s.*)", Above "Home\s*Tab 1 of 4", Size: 996x147(tolerance: 4) is not visible (up to 6 times)...
  Repeat while "${output.accountService}", enabled, Below "(?s)(Account|Hello\s.*)", Above "Home\s*Tab 1 of 4", Size: 996x147(tolerance: 4) is not visible (up to 6 times)... SKIPPED
  Assert that "${output.accountService}", enabled, Below "(?s)(Account|Hello\s.*)", Above "Home\s*Tab 1 of 4", Size: 996x147(tolerance: 4) is visible... COMPLETED
  Tap on "${output.accountService}", enabled, Below "(?s)(Account|Hello\s.*)", Above "Home\s*Tab 1 of 4", Size: 996x147(tolerance: 4)... COMPLETED
Run ../subflows/open-account-service.yaml... COMPLETED
Assert that "Check your eligibility" is visible... COMPLETED
Assert that "Eligibility" is visible... COMPLETED
Assert that "Housing options, picked for you" is visible... COMPLETED
Take screenshot elig-1-eligibility-checker... COMPLETED
Tap on "Check your eligibility"... COMPLETED
Assert that "Step 1 of 3" is visible... COMPLETED
Assert that "Terms and Conditions" is visible... COMPLETED
Take screenshot elig-2-step1-terms... COMPLETED
Wait for animation to end within 15000 ms... COMPLETED
Tap on "I have read and understood the terms and conditions of the contract.*"... COMPLETED
Tap on "Accept and continue"... COMPLETED
STEP 1 - Terms were not accepted (Step 2 did not open)... COMPLETED
Assert that "Acknowledgement" is visible... COMPLETED
Assert that "1\. Have you or any of your dependents resided outside.*" is visible... COMPLETED
Assert that "2\. Do you or your family have financial assets.*" is visible... COMPLETED
Assert that "3\. Did you or any of your dependents own a house title.*" is visible... COMPLETED
Tap on Below "1\. Have you or any of your dependents resided outside.*", Above "2\. Do you or your family have financial assets.*", Size: 63x63(tolerance: 3), Index: 1... COMPLETED
Wait for animation to end within 3000 ms... COMPLETED
STEP 2 - Q1 (resided outside KSA) is not answered No... COMPLETED
Tap on Below "2\. Do you or your family have financial assets.*", Above "3\. Did you or any of your dependents own a house title.*", Size: 63x63(tolerance: 3), Index: 1... COMPLETED
Wait for animation to end within 3000 ms... COMPLETED
STEP 2 - Q2 (financial assets) is not answered No... COMPLETED
Tap on Below "3\. Did you or any of your dependents own a house title.*", Above "Continue", Size: 63x63(tolerance: 3), Index: 1... COMPLETED
Wait for animation to end within 3000 ms... COMPLETED
STEP 2 - Q3 (house title) is not answered No... COMPLETED
Run ${console.log('STEP 2 - all three mandatory Yes/No questions answered No (pixel-proven)')}... COMPLETED
Take screenshot elig-3-step2-all-no... COMPLETED
Tap on "Continue"... COMPLETED
STEP 2 - answers were not accepted (Step 3 did not open)... COMPLETED
Assert that "Family and Preferences information" is visible... COMPLETED
Tap on "Select region", Index: 0... COMPLETED
Assert that "Search" is visible... COMPLETED
Copy text from element with Below "Search", Size: 1080x147(tolerance: 4), Index: 0... COMPLETED
Run ${output.currentRegion = String(maestro.copiedText)}... COMPLETED
Tap on Below "Search", Size: 1080x147(tolerance: 4), Index: 0... COMPLETED
Tap on "Select city", Index: 0... COMPLETED
Assert that "Search" is visible... COMPLETED
Copy text from element with Below "Search", Size: 1080x147(tolerance: 4), Index: 0... COMPLETED
Run ${output.currentCity = String(maestro.copiedText)}... COMPLETED
Tap on Below "Search", Size: 1080x147(tolerance: 4), Index: 0... COMPLETED
Tap on "Select region", Index: 0... COMPLETED
Assert that "Search" is visible... COMPLETED
Copy text from element with Below "Search", Size: 1080x147(tolerance: 4), Index: 0... COMPLETED
Run ${output.preferredRegion = String(maestro.copiedText)}... COMPLETED
Tap on Below "Search", Size: 1080x147(tolerance: 4), Index: 0... COMPLETED
Tap on "Select city", Index: 0... COMPLETED
Assert that "Search" is visible... COMPLETED
Copy text from element with Below "Search", Size: 1080x147(tolerance: 4), Index: 0... COMPLETED
Run ${output.preferredCity = String(maestro.copiedText)}... COMPLETED
Tap on Below "Search", Size: 1080x147(tolerance: 4), Index: 0... COMPLETED
Scrolling DOWN until "Select District" is visible with speed 40, visibility percentage 100%, timeout 15000 ms, with centering disabled... COMPLETED
Tap on "Select District"... COMPLETED
Assert that "Search" is visible... COMPLETED
Copy text from element with Below "Search", Size: 1080x147(tolerance: 4), Index: 0... COMPLETED
Run ${output.firstDistrictIsPlaceholder = String(maestro.copiedText).trim().toUpperCase() === 'UNKNOWN'}... COMPLETED
Run flow when ${output.firstDistrictIsPlaceholder !== true} is true...
Run flow when false is true... SKIPPED
Run flow when ${output.firstDistrictIsPlaceholder === true} is true...
  Copy text from element with Below "Search", Size: 1080x147(tolerance: 4), Index: 1... COMPLETED
  Run ${output.preferredDistrict = String(maestro.copiedText)}... COMPLETED
  Tap on Below "Search", Size: 1080x147(tolerance: 4), Index: 1... COMPLETED
Run flow when true is true... COMPLETED
Run ${console.log('STEP 3 - current [' + output.currentRegion + ' / ' + output.currentCity + '] preferred [' + output.preferredRegion + ' / ' + output.preferredCity + ' / ' + output.preferredDistrict + ']')}... COMPLETED
Scrolling DOWN until "Select an option" is visible with speed 40, visibility percentage 100%, timeout 15000 ms, with centering disabled... COMPLETED
Tap on "Select an option"... COMPLETED
Assert that "Rented house" is visible... COMPLETED
Tap on "Rented house"... COMPLETED
STEP 3 - Current housing status is not Rented house... COMPLETED
Run ${console.log('STEP 3 - Current housing status = Rented house')}... COMPLETED
Run flow when "Divorce date.*" is visible...
Run flow when "Divorce date.*" is visible... SKIPPED
Scrolling DOWN until "Family Information" is visible with speed 40, visibility percentage 100%, timeout 15000 ms, with centering disabled... COMPLETED
Swipe from (50%,70%) to (50%,40%) in 600 ms... COMPLETED
Wait for animation to end within 3000 ms... COMPLETED
Run ${output.familyDobs = ''}... COMPLETED
Run ${output.familyDobCount = 0}... COMPLETED
Repeat while "Enter DOB" is visible (up to 6 times)...
  Copy text from element with "(?i).*date of birth.*", Above "Enter DOB"... COMPLETED
  Run ${output.dobLabel = String(maestro.copiedText).replace(/\s*\*\s*/g, ' ').trim()}... COMPLETED
  Run ${output.dobPerson = (output.dobLabel.match(/^(.*?)\s+date of birth/i) || ['', 'Person'])[1].trim()}... COMPLETED
  FAMILY DOB - could not read whose date of birth this field is... COMPLETED
  Tap on "Hijri", Below "${output.dobPerson} date of birth.*"... COMPLETED
  FAMILY DOB - the Hijri date picker did not open... COMPLETED
  Copy text from element with "[0-9]{4} AH"... COMPLETED
  Run ${output.pickerYear = Number(String(maestro.copiedText).replace(/[^0-9]/g, ''))}... COMPLETED
  Run ${output.dobTargetYear = String(output.pickerYear - 31)}... COMPLETED
  FAMILY DOB - could not read the Hijri picker's current year... COMPLETED
  Tap on "[0-9]{4} AH"... COMPLETED
  FAMILY DOB - the year grid did not open... COMPLETED
  FAMILY DOB - the target year was not found in the year grid... COMPLETED
  Tap on "${output.dobTargetYear}"... COMPLETED
  FAMILY DOB - the picker did not move to the adult year... COMPLETED
  Tap on "[A-Za-z]{3},1 .*"... COMPLETED
  Tap on "OK"... COMPLETED
  FAMILY DOB - the date picker did not close... COMPLETED
  FAMILY DOB - the field does not show a date in the adult year... COMPLETED
  Copy text from element with "[0-9]{2}-[0-9]{2}-${output.dobTargetYear}", Below "${output.dobPerson} date of birth.*"... COMPLETED
  Run ${output['dob' + output.dobPerson.replace(/[^A-Za-z]/g, '')] = String(maestro.copiedText)}... COMPLETED
  Run ${output.familyDobCount = output.familyDobCount + 1}... COMPLETED
  Run ${output.familyDobs = output.familyDobs + output.dobPerson + '=' + String(maestro.copiedText) + ' '}... COMPLETED
  FAMILY DOB - PRE rejected the date of birth (not retried; see the screen)... COMPLETED
  Run ${console.log('FAMILY TEST DATA - ' + output.dobPerson + ' DOB [' + String(maestro.copiedText) + '] (Hijri, picker year ' + output.pickerYear + ' minus 31)')}... COMPLETED
Repeat while "Enter DOB" is visible (up to 6 times)... COMPLETED
Run ${console.log('STEP 3 - person DOB fields filled: ' + output.familyDobCount + (output.familyDobs ? ' [' + output.familyDobs.trim() + ']' : ''))}... COMPLETED
Run ${output.usedIds = ',' + output.generatedNationalId + ','}... COMPLETED
Run ${output.generatedAdditionalIds = ''}... COMPLETED
Run ${output.additionalIdCount = 0}... COMPLETED
Scrolling DOWN until "Family Information" is visible with speed 40, visibility percentage 100%, timeout 15000 ms, with centering disabled... FAILED

No visible element found: "Family Information"

Could not find a visible element matching selector: "Family Information"
Tip: Try adjusting the following settings to improve detection:
- `timeout`: current = 15000ms ? Increase if you need more time to find the element
- `speed`: current = 40 (0-100 scale) ? Increase for faster scrolling if element is far away
- `waitToSettleTimeoutMs`: current = Not defined ? Set this value (e.g., 500ms) if your UI updates frequently between scrolls
- `visibilityPercentage`: current = 100% ? Lower this value if you want to detect partially visible elements
- `centerElement`: current = false ? Enable if you want the element to be centered after finding it


==== Debug output (logs & screenshots) ====

D:\Automation\Maestro-Mobile\report-dashboard\maestro-output\check elgibilty\debug\.maestro\tests\2026-10-04_110151
WARNING: Final field parent in class maestro.cli.command.TestCommand has been mutated reflectively by class picocli.CommandLine$Model$FieldBinding in unnamed module @2d9d4f9d (file:/D:/Automation-Tool/maestro/lib/picocli-4.6.3.jar)
WARNING: Use --enable-final-field-mutation=ALL-UNNAMED to avoid a warning
WARNING: Mutating final fields will be blocked in a future release unless final field mutation is enabled
WARNING: A terminally deprecated method in sun.misc.Unsafe has been called
WARNING: sun.misc.Unsafe::arrayBaseOffset has been called by com.google.protobuf.UnsafeUtil$MemoryAccessor (file:/D:/Automation-Tool/maestro/lib/protobuf-java-3.21.9.jar)
WARNING: Please consider reporting this to the maintainers of class com.google.protobuf.UnsafeUtil$MemoryAccessor
WARNING: sun.misc.Unsafe::arrayBaseOffset will be removed in a future release
