WARNING: Final field parent in class maestro.cli.command.TestCommand has been mutated reflectively by class picocli.CommandLine$Model$FieldBinding in unnamed module @2d9d4f9d (file:/D:/Automation-Tool/maestro/lib/picocli-4.6.3.jar)
WARNING: Use --enable-final-field-mutation=ALL-UNNAMED to avoid a warning
WARNING: Mutating final fields will be blocked in a future release unless final field mutation is enabled
Running on Pixel_8
 > Flow PRJ-001 Project opens Available Units list (PRJ-002 project summary)
WARNING: A terminally deprecated method in sun.misc.Unsafe has been called
WARNING: sun.misc.Unsafe::arrayBaseOffset has been called by com.google.protobuf.UnsafeUtil$MemoryAccessor (file:/D:/Automation-Tool/maestro/lib/protobuf-java-3.21.9.jar)
WARNING: Please consider reporting this to the maintainers of class com.google.protobuf.UnsafeUtil$MemoryAccessor
WARNING: sun.misc.Unsafe::arrayBaseOffset will be removed in a future release
Launch app "fi.iwa.sakani"... COMPLETED
Run ../subflows/clear-overlays.yaml...
  Repeat while "${ANCHOR}" is not visible (up to 26 times)...
    Run ${output.handled = false}... COMPLETED
    Run flow when "(?s)(?:Don.t allow|Skip|Dismiss|Ok|Marketplace Day|Start comparing properties|Go to the weekly (offer|deal)|Update email|Number and Email Already Linked|.*would you recommend benefiting from Sakani.*|Maybe Later|Reject cookies)" is visible...
    Run flow when "(?s)(?:Don.t allow|Skip|Dismiss|Ok|Marketplace Day|Start comparing properties|Go to the weekly (offer|deal)|Update email|Number and Email Already Linked|.*would you recommend benefiting from Sakani.*|Maybe Later|Reject cookies)" is visible... SKIPPED
    Run flow when ${output.handled !== true} is true...
      Wait for animation to end within 5000 ms... COMPLETED
    Run flow when true is true... COMPLETED
      Run flow when "Don.t allow" is visible...
      Run flow when "Don.t allow" is visible... SKIPPED
      Run flow when "Skip" is visible...
      Run flow when "Skip" is visible... SKIPPED
      Run flow when "Dismiss" is visible...
      Run flow when "Dismiss" is visible... SKIPPED
      Run flow when "Ok" is visible...
      Run flow when "Ok" is visible... SKIPPED
      Run flow when "Marketplace Day" is visible...
      Run flow when "Marketplace Day" is visible... SKIPPED
      Run flow when "Start comparing properties" is visible...
      Run flow when "Start comparing properties" is visible... SKIPPED
      Run flow when "Go to the weekly (offer|deal)" is visible...
      Run flow when "Go to the weekly (offer|deal)" is visible... SKIPPED
      Run flow when "Update email" is visible...
      Run flow when "Update email" is visible... SKIPPED
      Run flow when "Number and Email Already Linked" is visible...
      Run flow when "Number and Email Already Linked" is visible... SKIPPED
      Run flow when "(?s).*would you recommend benefiting from Sakani.*" is visible...
        Run flow when "(?s)(.*There.s something wrong.*|.*the service is down.*|Error!)" is not visible...
          Run flow when "Submit" is visible...
            Tap on point (73,1434)... COMPLETED
            Run ${output.handled = true}... COMPLETED
            Wait for animation to end within 3000 ms... COMPLETED
          Run flow when "Submit" is visible... COMPLETED
          Run flow when "(?s).*would you recommend benefiting from Sakani.*" is not visible...
            Run ${console.log('NPS - gone after the close-X step')}... COMPLETED
          Run flow when "(?s).*would you recommend benefiting from Sakani.*" is not visible... COMPLETED
          Run flow when "(?s).*would you recommend benefiting from Sakani.*" is visible...
            Run ${console.log('NPS - still visible after the close X, drag fallback')}... COMPLETED
            Swipe from (50%,58%) to (50%,99%) in 400 ms... COMPLETED
            Run ${output.handled = true}... COMPLETED
            Wait for animation to end within 4000 ms... COMPLETED
            Run flow when "(?s).*would you recommend benefiting from Sakani.*" is not visible...
              Run ${console.log('NPS - gone after the drag fallback')}... COMPLETED
            Run flow when "(?s).*would you recommend benefiting from Sakani.*" is not visible... COMPLETED
          Run flow when "(?s).*would you recommend benefiting from Sakani.*" is visible... COMPLETED
        Run flow when "(?s)(.*There.s something wrong.*|.*the service is down.*|Error!)" is not visible... COMPLETED
      Run flow when "(?s).*would you recommend benefiting from Sakani.*" is visible... COMPLETED
      Run flow when "Maybe Later" is visible...
      Run flow when "Maybe Later" is visible... SKIPPED
      Run flow when "Reject cookies" is visible...
      Run flow when "Reject cookies" is visible... SKIPPED
