Running on Pixel_8
 > Flow Full Journey - booking without fee
Run ${console.log('FULL JOURNEY TARGET NATIONAL_ID = [' + NATIONAL_ID + ']')}... COMPLETED
Run ${output.targetNationalId = String(NATIONAL_ID)}... COMPLETED
Assert that ${String(NATIONAL_ID).length === 10 && !/[^0-9]/.test(String(NATIONAL_ID)) && (String(NATIONAL_ID).charAt(0) === "1" || String(NATIONAL_ID).charAt(0) === "2")} is true... COMPLETED
Launch app "fi.iwa.sakani" with clear state... COMPLETED
Run ../subflows/login.yaml...
  Assert that ${typeof NATIONAL_ID !== "undefined" && String(NATIONAL_ID).length === 10 && !/[^0-9]/.test(String(NATIONAL_ID)) && (String(NATIONAL_ID).charAt(0) === "1" || String(NATIONAL_ID).charAt(0) === "2")} is true... COMPLETED
  Run clear-overlays.yaml...
    Repeat while "${ANCHOR}" is not visible (up to 26 times)...
      Run ${output.handled = false}... COMPLETED
      Run flow when "(?s)(?:Don.t allow|Skip|Dismiss|Ok|Marketplace Day|Start comparing properties|Go to the weekly (offer|deal)|Update email|Number and Email Already Linked|.*would you recommend benefiting from Sakani.*|Thank you for your feedback|Maybe Later|Reject cookies)" is visible...
        Run flow when "Don.t allow" is visible...
        Run flow when "Don.t allow" is visible... SKIPPED
        Run flow when "Skip" is visible...
          Tap on "Skip"... COMPLETED
          Run ${output.handled = true}... COMPLETED
          Wait for animation to end within 3000 ms... COMPLETED
        Run flow when "Skip" is visible... COMPLETED
        Run flow when "Dismiss" is visible...
        Run flow when "Dismiss" is visible... SKIPPED
        Run flow when "Ok" is visible...
        Run flow when "Ok" is visible... SKIPPED
        Run flow when "Marketplace Day" is visible...
        Run flow when "Marketplace Day" is visible... SKIPPED
        Run flow when "Start comparing properties" is visible...
          Press back... COMPLETED
          Run ${output.handled = true}... COMPLETED
          Wait for animation to end within 3000 ms... COMPLETED
        Run flow when "Start comparing properties" is visible... COMPLETED
        Run flow when "Go to the weekly (offer|deal)" is visible...
        Run flow when "Go to the weekly (offer|deal)" is visible... SKIPPED
        Run flow when "Update email" is visible...
        Run flow when "Update email" is visible... SKIPPED
        Run flow when "Number and Email Already Linked" is visible...
        Run flow when "Number and Email Already Linked" is visible... SKIPPED
        Run flow when "(?s)(.*would you recommend benefiting from Sakani.*|Thank you for your feedback)" is visible...
        Run flow when "(?s)(.*would you recommend benefiting from Sakani.*|Thank you for your feedback)" is visible... SKIPPED
        Run flow when "Maybe Later" is visible...
        Run flow when "Maybe Later" is visible... SKIPPED
        Run flow when "Reject cookies" is visible...
        Run flow when "Reject cookies" is visible... SKIPPED
      Run flow when "(?s)(?:Don.t allow|Skip|Dismiss|Ok|Marketplace Day|Start comparing properties|Go to the weekly (offer|deal)|Update email|Number and Email Already Linked|.*would you recommend benefiting from Sakani.*|Thank you for your feedback|Maybe Later|Reject cookies)" is visible... COMPLETED
      Run flow when ${output.handled !== true} is true...
      Run flow when false is true... SKIPPED
    Repeat while "${ANCHOR}" is not visible (up to 26 times)... COMPLETED
    Run flow when ${output.npsLeftToCaller !== true} is true...
      Run dismiss-nps.yaml...
        Run flow when "(?s).*would you recommend benefiting from Sakani.*" is visible...
        Run flow when "(?s).*would you recommend benefiting from Sakani.*" is visible... SKIPPED
        Run flow when "Thank you for your feedback" is visible...
        Run flow when "Thank you for your feedback" is visible... SKIPPED
      Run dismiss-nps.yaml... COMPLETED
    Run flow when true is true... COMPLETED
    Run flow when ${output.anchorOptional !== true} is true...
      Repeat while "${ANCHOR}" is not visible (up to 6 times)...
      Repeat while "${ANCHOR}" is not visible (up to 6 times)... SKIPPED
      Run dismiss-nps.yaml...
        Run flow when "(?s).*would you recommend benefiting from Sakani.*" is visible...
        Run flow when "(?s).*would you recommend benefiting from Sakani.*" is visible... SKIPPED
        Run flow when "Thank you for your feedback" is visible...
        Run flow when "Thank you for your feedback" is visible... SKIPPED
      Run dismiss-nps.yaml... COMPLETED
      Assert that "${ANCHOR}" is visible... COMPLETED
    Run flow when true is true... COMPLETED
  Run clear-overlays.yaml... COMPLETED
  Assert that "(?s).*Login / Sign up.*" is visible... COMPLETED
  Tap on "(?s).*Login / Sign up.*"... COMPLETED
  Assert that "Continue with N[ae]fath" is visible... COMPLETED
  Tap on "Enter your ID, phone number,? or email"... COMPLETED
  Input text ${NATIONAL_ID}... COMPLETED
  Assert that "${NATIONAL_ID}" is visible... COMPLETED
  Tap on "Continue"... COMPLETED
  Assert that "Login with nafath" is visible... COMPLETED
  Assert that "${NATIONAL_ID}" is visible... COMPLETED
  Run ${output.loginNationalId = String(NATIONAL_ID)}... COMPLETED
  Tap on "Confirm"... COMPLETED
  Run post-login.yaml...
    Assert that "Login with nafath" is not visible... COMPLETED
    Run ${output.anchorOptional = true}... COMPLETED
    Run clear-overlays.yaml...
      Repeat while "${ANCHOR}" is not visible (up to 26 times)...
        Run ${output.handled = false}... COMPLETED
        Run flow when "(?s)(?:Don.t allow|Skip|Dismiss|Ok|Marketplace Day|Start comparing properties|Go to the weekly (offer|deal)|Update email|Number and Email Already Linked|.*would you recommend benefiting from Sakani.*|Thank you for your feedback|Maybe Later|Reject cookies)" is visible...
          Run flow when "Don.t allow" is visible...
          Run flow when "Don.t allow" is visible... SKIPPED
          Run flow when "Skip" is visible...
          Run flow when "Skip" is visible... SKIPPED
          Run flow when "Dismiss" is visible...
          Run flow when "Dismiss" is visible... SKIPPED
          Run flow when "Ok" is visible...
          Run flow when "Ok" is visible... SKIPPED
          Run flow when "Marketplace Day" is visible...
          Run flow when "Marketplace Day" is visible... SKIPPED
          Run flow when "Start comparing properties" is visible...
          Run flow when "Start comparing properties" is visible... SKIPPED
          Run flow when "Go to the weekly (offer|deal)" is visible...
          Run flow when "Go to the weekly (offer|deal)" is visible... SKIPPED
          Run flow when "Update email" is visible...
          Run flow when "Update email" is visible... SKIPPED
          Run flow when "Number and Email Already Linked" is visible...
            Tap on point (7%,9%)... COMPLETED
            Run ${output.handled = true}... COMPLETED
            Wait for animation to end within 4000 ms... COMPLETED
          Run flow when "Number and Email Already Linked" is visible... COMPLETED
          Run flow when "(?s)(.*would you recommend benefiting from Sakani.*|Thank you for your feedback)" is visible...
          Run flow when "(?s)(.*would you recommend benefiting from Sakani.*|Thank you for your feedback)" is visible... SKIPPED
          Run flow when "Maybe Later" is visible...
          Run flow when "Maybe Later" is visible... SKIPPED
          Run flow when "Reject cookies" is visible...
          Run flow when "Reject cookies" is visible... SKIPPED
        Run flow when "(?s)(?:Don.t allow|Skip|Dismiss|Ok|Marketplace Day|Start comparing properties|Go to the weekly (offer|deal)|Update email|Number and Email Already Linked|.*would you recommend benefiting from Sakani.*|Thank you for your feedback|Maybe Later|Reject cookies)" is visible... COMPLETED
        Run flow when ${output.handled !== true} is true...
        Run flow when false is true... SKIPPED
      Repeat while "${ANCHOR}" is not visible (up to 26 times)... COMPLETED
      Run flow when ${output.npsLeftToCaller !== true} is true...
        Run dismiss-nps.yaml...
          Run flow when "(?s).*would you recommend benefiting from Sakani.*" is visible...
          Run flow when "(?s).*would you recommend benefiting from Sakani.*" is visible... SKIPPED
          Run flow when "Thank you for your feedback" is visible...
          Run flow when "Thank you for your feedback" is visible... SKIPPED
        Run dismiss-nps.yaml... COMPLETED
      Run flow when true is true... COMPLETED
      Run flow when ${output.anchorOptional !== true} is true...
      Run flow when false is true... SKIPPED
    Run clear-overlays.yaml... COMPLETED
    Run ${output.anchorOptional = false}... COMPLETED
    Run flow when "New service" is visible...
    Run flow when "New service" is visible... SKIPPED
    Run flow when "Go to the weekly (offer|deal)" is visible...
    Run flow when "Go to the weekly (offer|deal)" is visible... SKIPPED
    Run flow when "Continue with N[ae]fath" is visible...
    Run flow when "Continue with N[ae]fath" is visible... SKIPPED
    Repeat while "(?si)(Hello|Good (morning|afternoon|evening)),\s*\S.*" is not visible (up to 6 times)...
    Repeat while "(?si)(Hello|Good (morning|afternoon|evening)),\s*\S.*" is not visible (up to 6 times)... SKIPPED
    Run dismiss-nps.yaml...
      Run flow when "(?s).*would you recommend benefiting from Sakani.*" is visible...
      Run flow when "(?s).*would you recommend benefiting from Sakani.*" is visible... SKIPPED
      Run flow when "Thank you for your feedback" is visible...
      Run flow when "Thank you for your feedback" is visible... SKIPPED
    Run dismiss-nps.yaml... COMPLETED
    Assert that "(?si)(Hello|Good (morning|afternoon|evening)),\s*\S.*" is visible... COMPLETED
    Assert that "(?s).*Login / Sign up.*" is not visible... COMPLETED
  Run post-login.yaml... COMPLETED
Run ../subflows/login.yaml... COMPLETED
Tap on "Account\s*Tab 4 of 4"... COMPLETED
Assert that "My bookings" is visible... COMPLETED
Run ../subflows/verify-signed-in-account.yaml...
  Assert that ${typeof NATIONAL_ID !== "undefined" && String(NATIONAL_ID).length === 10 && !/[^0-9]/.test(String(NATIONAL_ID))} is true... COMPLETED
  Tap on "Profile details"... COMPLETED
  Assert that "Personal Detail(s)?" is visible... COMPLETED
  Assert that "National ID" is visible... COMPLETED
  Assert that "${NATIONAL_ID}" is visible... COMPLETED
  Run ${output.profileNationalId = String(NATIONAL_ID)}... COMPLETED
  Run flow when "Personal Detail(s)?" is visible...
    Press back... COMPLETED
  Run flow when "Personal Detail(s)?" is visible... COMPLETED
  Assert that "My bookings" is visible... COMPLETED
Run ../subflows/verify-signed-in-account.yaml... COMPLETED
Scrolling DOWN until "(?s).*Eligibility checker status.*" is visible with speed 40, visibility percentage 100%, timeout 30000 ms, with centering disabled... COMPLETED
Assert that "(?s).*Eligibility checker status\s*Eligible.*" is visible... COMPLETED
Assert that ${output.loginNationalId === output.targetNationalId && output.targetNationalId === String(NATIONAL_ID) && output.profileNationalId === output.targetNationalId} is true... COMPLETED
Tap on "Explore\s*Tab 2 of 4"... COMPLETED
Run ../subflows/clear-overlays.yaml...
  Repeat while "${ANCHOR}" is not visible (up to 26 times)...
  Repeat while "${ANCHOR}" is not visible (up to 26 times)... SKIPPED
  Run flow when ${output.npsLeftToCaller !== true} is true...
    Run dismiss-nps.yaml...
      Run flow when "(?s).*would you recommend benefiting from Sakani.*" is visible...
      Run flow when "(?s).*would you recommend benefiting from Sakani.*" is visible... SKIPPED
      Run flow when "Thank you for your feedback" is visible...
      Run flow when "Thank you for your feedback" is visible... SKIPPED
    Run dismiss-nps.yaml... COMPLETED
  Run flow when true is true... COMPLETED
  Run flow when ${output.anchorOptional !== true} is true...
    Repeat while "${ANCHOR}" is not visible (up to 6 times)...
    Repeat while "${ANCHOR}" is not visible (up to 6 times)... SKIPPED
    Run dismiss-nps.yaml...
      Run flow when "(?s).*would you recommend benefiting from Sakani.*" is visible...
      Run flow when "(?s).*would you recommend benefiting from Sakani.*" is visible... SKIPPED
      Run flow when "Thank you for your feedback" is visible...
      Run flow when "Thank you for your feedback" is visible... SKIPPED
    Run dismiss-nps.yaml... COMPLETED
    Assert that "${ANCHOR}" is visible... COMPLETED
  Run flow when true is true... COMPLETED
Run ../subflows/clear-overlays.yaml... COMPLETED
Assert that "Registered Interests" is visible... COMPLETED
Tap on "(Construction Status|Ready Units|Readymade|Offplan|Land)"... COMPLETED
Wait for animation to end within 8000 ms... COMPLETED
Run flow when "Start searching" is visible...
  Tap on "Buy"... COMPLETED
  Assert that "Offplan" is visible... COMPLETED
  Tap on "Offplan"... COMPLETED
  Tap on "Start searching"... COMPLETED
Run flow when "Start searching" is visible... COMPLETED
Run flow when "Apply" is visible...
Run flow when "Apply" is visible... SKIPPED
Wait for animation to end within 20000 ms... COMPLETED
Assert that "Offplan" is visible... COMPLETED
Assert that "Projects\s*Tab 1 of 2" is visible... COMPLETED
Take screenshot journey-2-marketplace... COMPLETED
Repeat 3 times...
  Run flow when "Popular locations" is not visible...
    Tap on point (55%,11%)... COMPLETED
    Wait for animation to end within 8000 ms... COMPLETED
  Run flow when "Popular locations" is not visible... COMPLETED
Repeat 3 times... COMPLETED
Assert that "Popular locations" is visible... COMPLETED
Tap on "Enter Region, City, Neighborhood, Street, Project, Developer, Building Number, Block Number"... COMPLETED
Input text ${PROJECT_SEARCH}... COMPLETED
Assert that "Property" is visible... COMPLETED
Take screenshot journey-2-search-results... COMPLETED
Tap on "(?s).*${PROJECT}.*", Below "Property"... COMPLETED
Run ../subflows/clear-overlays.yaml...
  Repeat while "${ANCHOR}" is not visible (up to 26 times)...
    Run ${output.handled = false}... COMPLETED
    Run flow when "(?s)(?:Don.t allow|Skip|Dismiss|Ok|Marketplace Day|Start comparing properties|Go to the weekly (offer|deal)|Update email|Number and Email Already Linked|.*would you recommend benefiting from Sakani.*|Thank you for your feedback|Maybe Later|Reject cookies)" is visible...
      Run flow when "Don.t allow" is visible...
      Run flow when "Don.t allow" is visible... SKIPPED
      Run flow when "Skip" is visible...
      Run flow when "Skip" is visible... SKIPPED
      Run flow when "Dismiss" is visible...
      Run flow when "Dismiss" is visible... SKIPPED
      Run flow when "Ok" is visible...
      Run flow when "Ok" is visible... SKIPPED
      Run flow when "Marketplace Day" is visible...
      Run flow when "Marketplace Day" is visible... SKIPPED
      Run flow when "Start comparing properties" is visible...
        Press back... COMPLETED
        Run ${output.handled = true}... COMPLETED
        Wait for animation to end within 3000 ms... COMPLETED
      Run flow when "Start comparing properties" is visible... COMPLETED
      Run flow when "Go to the weekly (offer|deal)" is visible...
      Run flow when "Go to the weekly (offer|deal)" is visible... SKIPPED
      Run flow when "Update email" is visible...
      Run flow when "Update email" is visible... SKIPPED
      Run flow when "Number and Email Already Linked" is visible...
      Run flow when "Number and Email Already Linked" is visible... SKIPPED
      Run flow when "(?s)(.*would you recommend benefiting from Sakani.*|Thank you for your feedback)" is visible...
      Run flow when "(?s)(.*would you recommend benefiting from Sakani.*|Thank you for your feedback)" is visible... SKIPPED
      Run flow when "Maybe Later" is visible...
      Run flow when "Maybe Later" is visible... SKIPPED
      Run flow when "Reject cookies" is visible...
      Run flow when "Reject cookies" is visible... SKIPPED
    Run flow when "(?s)(?:Don.t allow|Skip|Dismiss|Ok|Marketplace Day|Start comparing properties|Go to the weekly (offer|deal)|Update email|Number and Email Already Linked|.*would you recommend benefiting from Sakani.*|Thank you for your feedback|Maybe Later|Reject cookies)" is visible... COMPLETED
    Run flow when ${output.handled !== true} is true...
    Run flow when false is true... SKIPPED
  Repeat while "${ANCHOR}" is not visible (up to 26 times)... COMPLETED
  Run flow when ${output.npsLeftToCaller !== true} is true...
    Run dismiss-nps.yaml...
      Run flow when "(?s).*would you recommend benefiting from Sakani.*" is visible...
      Run flow when "(?s).*would you recommend benefiting from Sakani.*" is visible... SKIPPED
      Run flow when "Thank you for your feedback" is visible...
      Run flow when "Thank you for your feedback" is visible... SKIPPED
    Run dismiss-nps.yaml... COMPLETED
  Run flow when true is true... COMPLETED
  Run flow when ${output.anchorOptional !== true} is true...
    Repeat while "${ANCHOR}" is not visible (up to 6 times)...
    Repeat while "${ANCHOR}" is not visible (up to 6 times)... SKIPPED
    Run dismiss-nps.yaml...
      Run flow when "(?s).*would you recommend benefiting from Sakani.*" is visible...
      Run flow when "(?s).*would you recommend benefiting from Sakani.*" is visible... SKIPPED
      Run flow when "Thank you for your feedback" is visible...
      Run flow when "Thank you for your feedback" is visible... SKIPPED
    Run dismiss-nps.yaml... COMPLETED
    Assert that "${ANCHOR}" is visible... COMPLETED
  Run flow when true is true... COMPLETED
Run ../subflows/clear-overlays.yaml... COMPLETED
Assert that "View units" is visible... COMPLETED
Assert that "About this project" is visible... COMPLETED
Assert that "Bookings open" is visible... COMPLETED
Assert that "(?s).*available units.*" is visible... COMPLETED
Scrolling DOWN until "Project type" is visible with speed 40, visibility percentage 100%, timeout 45000 ms, with centering disabled... COMPLETED
Assert that "Units under construction" is visible... COMPLETED
Run flow when "Target audience" is visible...
Run flow when "Target audience" is visible... SKIPPED
Assert that "Payment methods" is visible... COMPLETED
Assert that "Cash" is visible... COMPLETED
Tap on "View units"... COMPLETED
Assert that "(?s).*Unit list.*" is visible... COMPLETED
Run flow when "Property type" is visible...
  Tap on "Property type"... COMPLETED
  Assert that "Apply" is visible... COMPLETED
  Assert that "${MODULE}" is visible... COMPLETED
  Tap on "${MODULE}"... COMPLETED
  Tap on "Apply"... COMPLETED
  Assert that "(?s).*Unit list.*" is visible... COMPLETED
Run flow when "Property type" is visible... COMPLETED
Assert that "Scrim" is not visible... COMPLETED
Assert that "(?s).*(Available|matched).*" is visible... COMPLETED
Tap on "(?s).*${MODULE}s? (Available|matched).*"... COMPLETED
Assert that "Eligibility type" is visible... COMPLETED
Assert that "(?s).*Prices.*" is visible... COMPLETED
Copy text from element with "(?s)${MODULE} [0-9A-Za-z-]+\n.*", Index: 0... COMPLETED
Run ${output.selectedUnitCard = String(maestro.copiedText)}... COMPLETED
Tap on "(?s)${MODULE} [0-9A-Za-z-]+\n.*", Index: 0... COMPLETED
Assert that "Mortgage Calculator" is visible... COMPLETED
Assert that "(?s).*Unit Price.*" is visible... COMPLETED
Assert that "Reserve unit" is visible... COMPLETED
Take screenshot journey-3-unit-details... COMPLETED
Tap on "Reserve unit"... COMPLETED
Assert that "Booking summary" is visible... COMPLETED
Assert that "Please check your reservation details below and click Confirm booking." is visible... COMPLETED
Assert that "Booking Details" is visible... COMPLETED
Scrolling DOWN until "Project Type" is visible with speed 40, visibility percentage 100%, timeout 30000 ms, with centering disabled... COMPLETED
Assert that "Project Type" is visible... COMPLETED
Assert that "(?s).*Off-?plan.*" is visible... COMPLETED
Scrolling DOWN until "Booking Fee" is visible with speed 40, visibility percentage 100%, timeout 30000 ms, with centering disabled... COMPLETED
Assert that "Booking Fee" is visible... COMPLETED
Take screenshot journey-4-booking-summary... COMPLETED
Copy text from element with "[0-9]+", Below "Block"... COMPLETED
Run ${output.unitBlock = String(maestro.copiedText)}... COMPLETED
Copy text from element with "[0-9]+", Below "Building"... COMPLETED
Run ${output.unitBuilding = String(maestro.copiedText)}... COMPLETED
Copy text from element with "[0-9]+", Below "${MODULE}", Index: 0... COMPLETED
Run ${output.unitNumber = String(maestro.copiedText)}... COMPLETED
Run ${console.log('ZERO-FEE UNIT - card [' + String(output.selectedUnitCard).replace(/\n/g, ' | ') + '] block [' + output.unitBlock + '] building [' + output.unitBuilding + '] ' + MODULE + ' [' + output.unitNumber + ']')}... COMPLETED
PRECONDITION - zero-fee journey must not expose Pay booking fee... COMPLETED
PRECONDITION - selected unit must expose Confirm booking... COMPLETED
Assert that "Unit booking" is visible... COMPLETED
Copy text from element with "[0-9][0-9,]*(\.[0-9]+)?", Below "Booking Fee", Above "Booking disclaimer"... COMPLETED
Run ${output.bookingFee = Number(String(maestro.copiedText).replace(/,/g, ""))}... COMPLETED
PRECONDITION - without-fee journey requires a numeric zero fee... COMPLETED
Take screenshot journey-without-fee-before-confirm... COMPLETED
Tap on "Confirm booking"... COMPLETED
Take screenshot journey-without-fee-after-confirm... COMPLETED
CONFIRM - the booking summary was not left: Confirm booking was not actionable... COMPLETED
Wait for animation to end within 10000 ms... COMPLETED
Take screenshot journey-without-fee-post-confirm-state... COMPLETED
CONFIRM - the product reported an error after Confirm booking... COMPLETED
Run flow when "(?s)(Account\s*Tab 4 of 4|.*would you recommend benefiting from Sakani.*)" is not visible...
  Run ${console.log('AFTER CONFIRM - no Account tab on the post-confirm screen; warm relaunch to Home')}... COMPLETED
  Launch app "fi.iwa.sakani"... COMPLETED
Run flow when "(?s)(Account\s*Tab 4 of 4|.*would you recommend benefiting from Sakani.*)" is not visible... COMPLETED
Run ../subflows/open-account-tab.yaml...
  Run tap-until-destination.yaml...
    Repeat while "${DESTINATION}" is not visible (up to 6 times)...
      Run dismiss-nps.yaml...
        Run flow when "(?s).*would you recommend benefiting from Sakani.*" is visible...
        Run flow when "(?s).*would you recommend benefiting from Sakani.*" is visible... SKIPPED
        Run flow when "Thank you for your feedback" is visible...
        Run flow when "Thank you for your feedback" is visible... SKIPPED
      Run dismiss-nps.yaml... COMPLETED
      Tap on (Optional) "${TARGET}"... WARNED
      Wait for animation to end within 3000 ms... COMPLETED
    Repeat while "${DESTINATION}" is not visible (up to 6 times)... COMPLETED
    Assert that "${DESTINATION}" is visible... FAILED
  Run tap-until-destination.yaml... FAILED
Run ../subflows/open-account-tab.yaml... FAILED

Assertion is false: "My bookings" is visible

Assertion '"My bookings" is visible' failed. Check the UI hierarchy in debug artifacts to verify the element state and properties.

Possible causes:
- Element selector may be incorrect - check if there are similar elements with slightly different names/properties.
- Element may be temporarily unavailable due to loading state
- This could be a real regression that needs to be addressed

==== Debug output (logs & screenshots) ====

D:\Automation\Maestro-Mobile\report-dashboard\maestro-output\full-journey-without-fee\debug\.maestro\tests\2026-09-29_111933
WARNING: Final field parent in class maestro.cli.command.TestCommand has been mutated reflectively by class picocli.CommandLine$Model$FieldBinding in unnamed module @2d9d4f9d (file:/D:/Automation-Tool/maestro/lib/picocli-4.6.3.jar)
WARNING: Use --enable-final-field-mutation=ALL-UNNAMED to avoid a warning
WARNING: Mutating final fields will be blocked in a future release unless final field mutation is enabled
WARNING: A terminally deprecated method in sun.misc.Unsafe has been called
WARNING: sun.misc.Unsafe::arrayBaseOffset has been called by com.google.protobuf.UnsafeUtil$MemoryAccessor (file:/D:/Automation-Tool/maestro/lib/protobuf-java-3.21.9.jar)
WARNING: Please consider reporting this to the maintainers of class com.google.protobuf.UnsafeUtil$MemoryAccessor
WARNING: sun.misc.Unsafe::arrayBaseOffset will be removed in a future release
