Running on Pixel_8
 > Flow Account services - read-only profile, wallet, preferences, eligibility, bookings and settings
Run ${console.log('ACCOUNT.YAML TARGET NATIONAL_ID = [' + NATIONAL_ID + ']')}... COMPLETED
Assert that ${String(NATIONAL_ID).length === 10 && !/[^0-9]/.test(String(NATIONAL_ID)) && (String(NATIONAL_ID).charAt(0) === "1" || String(NATIONAL_ID).charAt(0) === "2")} is true... COMPLETED
Launch app "fi.iwa.sakani" with clear state... COMPLETED
Run ../subflows/login.yaml...
  Assert that ${typeof NATIONAL_ID !== "undefined" && String(NATIONAL_ID).length === 10 && !/[^0-9]/.test(String(NATIONAL_ID)) && (String(NATIONAL_ID).charAt(0) === "1" || String(NATIONAL_ID).charAt(0) === "2")} is true... COMPLETED
  Run clear-overlays.yaml...
    Repeat while "${ANCHOR}" is not visible (up to 26 times)...
      Run ${output.handled = false}... COMPLETED
      Run flow when "(?s)(?:Don.t allow|Skip|Dismiss|Ok|Marketplace Day|Start comparing properties|Go to the weekly (offer|deal)|Update email|Number and Email Already Linked|.*would you recommend benefiting from Sakani.*|Maybe Later|Reject cookies)" is visible...
        Run flow when "Don.t allow" is visible...
        Run flow when "Don.t allow" is visible... SKIPPED
        Run flow when "Skip" is visible...
          Tap on "Skip"... COMPLETED
          Run ${output.handled = true}... COMPLETED
          Wait for animation to end within 3000 ms... COMPLETED
        Run flow when "Skip" is visible... COMPLETED
        Run flow when "Dismiss" is visible...
        Run flow when "Dismiss" is visible... SKIPPED
        Run flow when "Ok" is visible...
        Run flow when "Ok" is visible... SKIPPED
        Run flow when "Marketplace Day" is visible...
        Run flow when "Marketplace Day" is visible... SKIPPED
        Run flow when "Start comparing properties" is visible...
          Press back... COMPLETED
          Run ${output.handled = true}... COMPLETED
          Wait for animation to end within 3000 ms... COMPLETED
        Run flow when "Start comparing properties" is visible... COMPLETED
        Run flow when "Go to the weekly (offer|deal)" is visible...
        Run flow when "Go to the weekly (offer|deal)" is visible... SKIPPED
        Run flow when "Update email" is visible...
        Run flow when "Update email" is visible... SKIPPED
        Run flow when "Number and Email Already Linked" is visible...
        Run flow when "Number and Email Already Linked" is visible... SKIPPED
        Run flow when "(?s).*would you recommend benefiting from Sakani.*" is visible...
        Run flow when "(?s).*would you recommend benefiting from Sakani.*" is visible... SKIPPED
        Run flow when "Maybe Later" is visible...
        Run flow when "Maybe Later" is visible... SKIPPED
        Run flow when "Reject cookies" is visible...
        Run flow when "Reject cookies" is visible... SKIPPED
      Run flow when "(?s)(?:Don.t allow|Skip|Dismiss|Ok|Marketplace Day|Start comparing properties|Go to the weekly (offer|deal)|Update email|Number and Email Already Linked|.*would you recommend benefiting from Sakani.*|Maybe Later|Reject cookies)" is visible... COMPLETED
      Run flow when ${output.handled !== true} is true...
      Run flow when false is true... SKIPPED
    Repeat while "${ANCHOR}" is not visible (up to 26 times)... COMPLETED
    Run flow when ${output.npsLeftToCaller !== true} is true...
      Run dismiss-nps.yaml...
        Run flow when "(?s).*would you recommend benefiting from Sakani.*" is visible...
        Run flow when "(?s).*would you recommend benefiting from Sakani.*" is visible... SKIPPED
      Run dismiss-nps.yaml... COMPLETED
    Run flow when true is true... COMPLETED
    Run flow when ${output.anchorOptional !== true} is true...
      Repeat while "${ANCHOR}" is not visible (up to 6 times)...
      Repeat while "${ANCHOR}" is not visible (up to 6 times)... SKIPPED
      Run dismiss-nps.yaml...
        Run flow when "(?s).*would you recommend benefiting from Sakani.*" is visible...
        Run flow when "(?s).*would you recommend benefiting from Sakani.*" is visible... SKIPPED
      Run dismiss-nps.yaml... COMPLETED
      Assert that "${ANCHOR}" is visible... COMPLETED
    Run flow when true is true... COMPLETED
  Run clear-overlays.yaml... COMPLETED
  Assert that "(?s).*Login / Sign up.*" is visible... COMPLETED
  Tap on "(?s).*Login / Sign up.*"... COMPLETED
  Assert that "Continue with N[ae]fath" is visible... COMPLETED
  Tap on "Enter your ID, phone number,? or email"... COMPLETED
  Input text ${NATIONAL_ID}... COMPLETED
  Assert that "${NATIONAL_ID}" is visible... COMPLETED
  Tap on "Continue"... COMPLETED
  Assert that "Login with nafath" is visible... COMPLETED
  Assert that "${NATIONAL_ID}" is visible... COMPLETED
  Run ${output.loginNationalId = String(NATIONAL_ID)}... COMPLETED
  Tap on "Confirm"... COMPLETED
  Run post-login.yaml...
    Assert that "Login with nafath" is not visible... COMPLETED
    Run ${output.anchorOptional = true}... COMPLETED
    Run clear-overlays.yaml...
      Repeat while "${ANCHOR}" is not visible (up to 26 times)...
        Run ${output.handled = false}... COMPLETED
        Run flow when "(?s)(?:Don.t allow|Skip|Dismiss|Ok|Marketplace Day|Start comparing properties|Go to the weekly (offer|deal)|Update email|Number and Email Already Linked|.*would you recommend benefiting from Sakani.*|Maybe Later|Reject cookies)" is visible...
          Run flow when "Don.t allow" is visible...
          Run flow when "Don.t allow" is visible... SKIPPED
          Run flow when "Skip" is visible...
          Run flow when "Skip" is visible... SKIPPED
          Run flow when "Dismiss" is visible...
          Run flow when "Dismiss" is visible... SKIPPED
          Run flow when "Ok" is visible...
          Run flow when "Ok" is visible... SKIPPED
          Run flow when "Marketplace Day" is visible...
          Run flow when "Marketplace Day" is visible... SKIPPED
          Run flow when "Start comparing properties" is visible...
          Run flow when "Start comparing properties" is visible... SKIPPED
          Run flow when "Go to the weekly (offer|deal)" is visible...
          Run flow when "Go to the weekly (offer|deal)" is visible... SKIPPED
          Run flow when "Update email" is visible...
            Press back... COMPLETED
            Run ${output.handled = true}... COMPLETED
            Wait for animation to end within 3000 ms... COMPLETED
          Run flow when "Update email" is visible... COMPLETED
          Run flow when "Number and Email Already Linked" is visible...
          Run flow when "Number and Email Already Linked" is visible... SKIPPED
          Run flow when "(?s).*would you recommend benefiting from Sakani.*" is visible...
          Run flow when "(?s).*would you recommend benefiting from Sakani.*" is visible... SKIPPED
          Run flow when "Maybe Later" is visible...
          Run flow when "Maybe Later" is visible... SKIPPED
          Run flow when "Reject cookies" is visible...
          Run flow when "Reject cookies" is visible... SKIPPED
        Run flow when "(?s)(?:Don.t allow|Skip|Dismiss|Ok|Marketplace Day|Start comparing properties|Go to the weekly (offer|deal)|Update email|Number and Email Already Linked|.*would you recommend benefiting from Sakani.*|Maybe Later|Reject cookies)" is visible... COMPLETED
        Run flow when ${output.handled !== true} is true...
        Run flow when false is true... SKIPPED
      Repeat while "${ANCHOR}" is not visible (up to 26 times)... COMPLETED
      Run flow when ${output.npsLeftToCaller !== true} is true...
        Run dismiss-nps.yaml...
          Run flow when "(?s).*would you recommend benefiting from Sakani.*" is visible...
          Run flow when "(?s).*would you recommend benefiting from Sakani.*" is visible... SKIPPED
        Run dismiss-nps.yaml... COMPLETED
      Run flow when true is true... COMPLETED
      Run flow when ${output.anchorOptional !== true} is true...
      Run flow when false is true... SKIPPED
    Run clear-overlays.yaml... COMPLETED
    Run ${output.anchorOptional = false}... COMPLETED
    Run flow when "New service" is visible...
    Run flow when "New service" is visible... SKIPPED
    Run flow when "Go to the weekly (offer|deal)" is visible...
    Run flow when "Go to the weekly (offer|deal)" is visible... SKIPPED
    Run flow when "Continue with N[ae]fath" is visible...
    Run flow when "Continue with N[ae]fath" is visible... SKIPPED
    Repeat while "(?si)(Hello|Good (morning|afternoon|evening)),\s*\S.*" is not visible (up to 6 times)...
    Repeat while "(?si)(Hello|Good (morning|afternoon|evening)),\s*\S.*" is not visible (up to 6 times)... SKIPPED
    Run dismiss-nps.yaml...
      Run flow when "(?s).*would you recommend benefiting from Sakani.*" is visible...
      Run flow when "(?s).*would you recommend benefiting from Sakani.*" is visible... SKIPPED
    Run dismiss-nps.yaml... COMPLETED
    Assert that "(?si)(Hello|Good (morning|afternoon|evening)),\s*\S.*" is visible... COMPLETED
    Assert that "(?s).*Login / Sign up.*" is not visible... COMPLETED
  Run post-login.yaml... COMPLETED
Run ../subflows/login.yaml... COMPLETED
Run ../subflows/open-account-tab.yaml...
  Repeat while "${DESTINATION}" is not visible (up to 6 times)...
    Run dismiss-nps.yaml...
      Run flow when "(?s).*would you recommend benefiting from Sakani.*" is visible...
      Run flow when "(?s).*would you recommend benefiting from Sakani.*" is visible... SKIPPED
    Run dismiss-nps.yaml... COMPLETED
    Tap on (Optional) "Account\s*Tab 4 of 4"... COMPLETED
    Wait for animation to end within 3000 ms... COMPLETED
  Repeat while "${DESTINATION}" is not visible (up to 6 times)... COMPLETED
  Assert that "${DESTINATION}" is visible... COMPLETED
Run ../subflows/open-account-tab.yaml... COMPLETED
Assert that "My bookings" is visible... COMPLETED
Assert that "Log in" is not visible... COMPLETED
Run ../subflows/account-ready.yaml...
  Assert that "Account\s*Tab 4 of 4", selected is visible... COMPLETED
  Assert that "(Profile details|Invoices)" is visible... COMPLETED
Run ../subflows/account-ready.yaml... COMPLETED
Tap on "Profile details"... COMPLETED
Assert that "Personal Detail(s)?" is visible... COMPLETED
Assert that "Profile" is visible... COMPLETED
Assert that "National ID" is visible... COMPLETED
Assert that "${NATIONAL_ID}" is visible... COMPLETED
Assert that "Name" is visible... COMPLETED
Assert that "Date of Birth" is visible... COMPLETED
Assert that "(Sex|Gender)\s*" is visible... COMPLETED
Assert that "Status" is visible... COMPLETED
Assert that "Contact Details" is visible... COMPLETED
Assert that "Phone Number" is visible... COMPLETED
Assert that "Email" is visible... COMPLETED
Assert that "[^\s@]+@[^\s@]+\.[^\s@]+", Below "Email" is visible... COMPLETED
Scrolling DOWN until "Current Region" is visible with speed 40, visibility percentage 100%, timeout 20000 ms, with centering disabled... COMPLETED
Assert that "Housing Details" is visible... COMPLETED
Assert that "Current Housing Type" is visible... COMPLETED
Assert that "Current Region" is visible... COMPLETED
Assert that "Current City" is visible... COMPLETED
Press back... COMPLETED
Run ../subflows/account-ready.yaml...
  Assert that "Account\s*Tab 4 of 4", selected is visible... COMPLETED
  Assert that "(Profile details|Invoices)" is visible... COMPLETED
Run ../subflows/account-ready.yaml... COMPLETED
Run ${output.accountService = "(?s)Wallet\\s.*"}... COMPLETED
Run ../subflows/open-account-service.yaml...
  Run account-ready.yaml...
    Assert that "Account\s*Tab 4 of 4", selected is visible... COMPLETED
    Assert that "(Profile details|Invoices)" is visible... COMPLETED
  Run account-ready.yaml... COMPLETED
  Repeat while "${output.accountService}", enabled, Below "(?s)(Account|Hello\s.*)", Above "Home\s*Tab 1 of 4", Size: 996x147(tolerance: 4) is not visible (up to 6 times)...
  Repeat while "${output.accountService}", enabled, Below "(?s)(Account|Hello\s.*)", Above "Home\s*Tab 1 of 4", Size: 996x147(tolerance: 4) is not visible (up to 6 times)... SKIPPED
  Assert that "${output.accountService}", enabled, Below "(?s)(Account|Hello\s.*)", Above "Home\s*Tab 1 of 4", Size: 996x147(tolerance: 4) is visible... COMPLETED
  Tap on "${output.accountService}", enabled, Below "(?s)(Account|Hello\s.*)", Above "Home\s*Tab 1 of 4", Size: 996x147(tolerance: 4)... COMPLETED
Run ../subflows/open-account-service.yaml... COMPLETED
Assert that "Transaction history" is visible... COMPLETED
Assert that "Wallet" is visible... COMPLETED
Assert that "Available Balance" is visible... COMPLETED
Assert that "Reserved Balance" is visible... COMPLETED
Assert that "Total Balance" is visible... COMPLETED
Assert that "SAR" is visible... COMPLETED
Assert that "[0-9][0-9,.]*", Below "Available Balance", Above "Reserved Balance" is visible... COMPLETED
Tap on point (76,204)... COMPLETED
Run ../subflows/account-ready.yaml...
  Assert that "Account\s*Tab 4 of 4", selected is visible... COMPLETED
  Assert that "(Profile details|Invoices)" is visible... COMPLETED
Run ../subflows/account-ready.yaml... COMPLETED
Run ${output.accountService = "Preferences"}... COMPLETED
Run ../subflows/open-account-service.yaml...
  Run account-ready.yaml...
    Assert that "Account\s*Tab 4 of 4", selected is visible... COMPLETED
    Assert that "(Profile details|Invoices)" is visible... COMPLETED
  Run account-ready.yaml... COMPLETED
  Repeat while "${output.accountService}", enabled, Below "(?s)(Account|Hello\s.*)", Above "Home\s*Tab 1 of 4", Size: 996x147(tolerance: 4) is not visible (up to 6 times)...
  Repeat while "${output.accountService}", enabled, Below "(?s)(Account|Hello\s.*)", Above "Home\s*Tab 1 of 4", Size: 996x147(tolerance: 4) is not visible (up to 6 times)... SKIPPED
  Assert that "${output.accountService}", enabled, Below "(?s)(Account|Hello\s.*)", Above "Home\s*Tab 1 of 4", Size: 996x147(tolerance: 4) is visible... COMPLETED
  Tap on "${output.accountService}", enabled, Below "(?s)(Account|Hello\s.*)", Above "Home\s*Tab 1 of 4", Size: 996x147(tolerance: 4)... COMPLETED
Run ../subflows/open-account-service.yaml... COMPLETED
Assert that "(?s)Registered interest\sView megaprojects.*" is visible... COMPLETED
Assert that "Preferences" is visible... COMPLETED
Assert that "(?s)Preference form\sReview form.*" is visible... COMPLETED
Tap on "(?s)Registered interest\sView megaprojects.*"... COMPLETED
Assert that "Your register interest list is empty" is visible... COMPLETED
Assert that "Registered interest" is visible... COMPLETED
Assert that "Mega projects" is visible... COMPLETED
Assert that "Projects" is visible... COMPLETED
Assert that "Brokers" is visible... COMPLETED
Tap on point (76,204)... COMPLETED
Assert that "(?s)Registered interest\sView megaprojects.*" is visible... COMPLETED
Assert that "Preferences" is visible... COMPLETED
Assert that "(?s)Preference form\sReview form.*" is visible... COMPLETED
Tap on "(?s)Preference form\sReview form.*"... COMPLETED
Assert that "Register interest in projects" is visible... COMPLETED
Assert that "Preference form" is visible... COMPLETED
Assert that "step 1 of 2" is visible... COMPLETED
Assert that "Region" is visible... COMPLETED
Assert that "City" is visible... COMPLETED
Assert that "Neighborhood" is visible... COMPLETED
Assert that "Completion status" is visible... COMPLETED
Assert that "Property type" is visible... COMPLETED
Tap on point (76,204)... COMPLETED
Assert that "(?s)Registered interest\sView megaprojects.*" is visible... COMPLETED
Assert that "Preferences" is visible... COMPLETED
Assert that "(?s)Preference form\sReview form.*" is visible... COMPLETED
Press back... COMPLETED
Run ../subflows/account-ready.yaml...
  Assert that "Account\s*Tab 4 of 4", selected is visible... COMPLETED
  Assert that "(Profile details|Invoices)" is visible... COMPLETED
Run ../subflows/account-ready.yaml... COMPLETED
Run ${output.accountService = "Financial advisory"}... COMPLETED
Run ../subflows/open-account-service.yaml...
  Run account-ready.yaml...
    Assert that "Account\s*Tab 4 of 4", selected is visible... COMPLETED
    Assert that "(Profile details|Invoices)" is visible... COMPLETED
  Run account-ready.yaml... COMPLETED
  Repeat while "${output.accountService}", enabled, Below "(?s)(Account|Hello\s.*)", Above "Home\s*Tab 1 of 4", Size: 996x147(tolerance: 4) is not visible (up to 6 times)...
  Repeat while "${output.accountService}", enabled, Below "(?s)(Account|Hello\s.*)", Above "Home\s*Tab 1 of 4", Size: 996x147(tolerance: 4) is not visible (up to 6 times)... SKIPPED
  Assert that "${output.accountService}", enabled, Below "(?s)(Account|Hello\s.*)", Above "Home\s*Tab 1 of 4", Size: 996x147(tolerance: 4) is visible... COMPLETED
  Tap on "${output.accountService}", enabled, Below "(?s)(Account|Hello\s.*)", Above "Home\s*Tab 1 of 4", Size: 996x147(tolerance: 4)... COMPLETED
Run ../subflows/open-account-service.yaml... COMPLETED
Assert that "Get recommendation" is visible... COMPLETED
Assert that "Financial advisory" is visible... COMPLETED
Assert that "(?s)Beneficiaries\s.*" is visible... COMPLETED
Assert that "(?s)Service Channels\s.*" is visible... COMPLETED
Press back... COMPLETED
Run ../subflows/account-ready.yaml...
  Assert that "Account\s*Tab 4 of 4", selected is visible... COMPLETED
  Assert that "(Profile details|Invoices)" is visible... COMPLETED
Run ../subflows/account-ready.yaml... COMPLETED
Run ${output.accountService = "(?s)Eligibility checker status.*"}... COMPLETED
Run ../subflows/open-account-service.yaml...
  Run account-ready.yaml...
    Assert that "Account\s*Tab 4 of 4", selected is visible... COMPLETED
    Assert that "(Profile details|Invoices)" is visible... COMPLETED
  Run account-ready.yaml... COMPLETED
  Repeat while "${output.accountService}", enabled, Below "(?s)(Account|Hello\s.*)", Above "Home\s*Tab 1 of 4", Size: 996x147(tolerance: 4) is not visible (up to 6 times)...
  Repeat while "${output.accountService}", enabled, Below "(?s)(Account|Hello\s.*)", Above "Home\s*Tab 1 of 4", Size: 996x147(tolerance: 4) is not visible (up to 6 times)... SKIPPED
  Assert that "${output.accountService}", enabled, Below "(?s)(Account|Hello\s.*)", Above "Home\s*Tab 1 of 4", Size: 996x147(tolerance: 4) is visible... COMPLETED
  Tap on "${output.accountService}", enabled, Below "(?s)(Account|Hello\s.*)", Above "Home\s*Tab 1 of 4", Size: 996x147(tolerance: 4)... COMPLETED
Run ../subflows/open-account-service.yaml... COMPLETED
Assert that "Check your eligibility" is visible... COMPLETED
Assert that "Eligibility" is visible... COMPLETED
Assert that "Housing options, picked for you" is visible... COMPLETED
Assert that "A smoother way to book" is visible... COMPLETED
Assert that "See only what fits" is visible... COMPLETED
Assert that "Status" is not visible... COMPLETED
Press back... COMPLETED
Run ../subflows/account-ready.yaml...
  Assert that "Account\s*Tab 4 of 4", selected is visible... COMPLETED
  Assert that "(Profile details|Invoices)" is visible... COMPLETED
Run ../subflows/account-ready.yaml... COMPLETED
Run ${output.accountService = "My bookings"}... COMPLETED
Run ../subflows/open-account-service.yaml...
  Run account-ready.yaml...
    Assert that "Account\s*Tab 4 of 4", selected is visible... COMPLETED
    Assert that "(Profile details|Invoices)" is visible... COMPLETED
  Run account-ready.yaml... COMPLETED
  Repeat while "${output.accountService}", enabled, Below "(?s)(Account|Hello\s.*)", Above "Home\s*Tab 1 of 4", Size: 996x147(tolerance: 4) is not visible (up to 6 times)...
  Repeat while "${output.accountService}", enabled, Below "(?s)(Account|Hello\s.*)", Above "Home\s*Tab 1 of 4", Size: 996x147(tolerance: 4) is not visible (up to 6 times)... SKIPPED
  Assert that "${output.accountService}", enabled, Below "(?s)(Account|Hello\s.*)", Above "Home\s*Tab 1 of 4", Size: 996x147(tolerance: 4) is visible... COMPLETED
  Tap on "${output.accountService}", enabled, Below "(?s)(Account|Hello\s.*)", Above "Home\s*Tab 1 of 4", Size: 996x147(tolerance: 4)... COMPLETED
Run ../subflows/open-account-service.yaml... COMPLETED
Assert that "Active\s*Tab 2 of 4" is visible... COMPLETED
Assert that "All\s*Tab 1 of 4" is visible... COMPLETED
Assert that "Completed\s*Tab 3 of 4" is visible... COMPLETED
Assert that "Cancelled\s*Tab 4 of 4" is visible... COMPLETED
Assert that "Unpaid" is visible... COMPLETED
Assert that "Ready to sign" is visible... COMPLETED
Assert that "(?s).*Unit Type\s.*Unit code\s.*Booking date\s.*" is visible... COMPLETED
Press back... COMPLETED
Run ../subflows/account-ready.yaml...
  Assert that "Account\s*Tab 4 of 4", selected is visible... COMPLETED
  Assert that "(Profile details|Invoices)" is visible... COMPLETED
Run ../subflows/account-ready.yaml... COMPLETED
Run ${output.accountService = "Ejar contracts"}... COMPLETED
Run ../subflows/open-account-service.yaml...
  Run account-ready.yaml...
    Assert that "Account\s*Tab 4 of 4", selected is visible... COMPLETED
    Assert that "(Profile details|Invoices)" is visible... COMPLETED
  Run account-ready.yaml... COMPLETED
  Repeat while "${output.accountService}", enabled, Below "(?s)(Account|Hello\s.*)", Above "Home\s*Tab 1 of 4", Size: 996x147(tolerance: 4) is not visible (up to 6 times)...
  Repeat while "${output.accountService}", enabled, Below "(?s)(Account|Hello\s.*)", Above "Home\s*Tab 1 of 4", Size: 996x147(tolerance: 4) is not visible (up to 6 times)... SKIPPED
  Assert that "${output.accountService}", enabled, Below "(?s)(Account|Hello\s.*)", Above "Home\s*Tab 1 of 4", Size: 996x147(tolerance: 4) is visible... COMPLETED
  Tap on "${output.accountService}", enabled, Below "(?s)(Account|Hello\s.*)", Above "Home\s*Tab 1 of 4", Size: 996x147(tolerance: 4)... COMPLETED
Run ../subflows/open-account-service.yaml... COMPLETED
Assert that "All \([0-9]+\)\s*Tab 1 of 3" is visible... COMPLETED
Assert that "Rental Contracts" is visible... COMPLETED
Assert that "Pending \([0-9]+\)\s*Tab 2 of 3" is visible... COMPLETED
Assert that "Completed \([0-9]+\)\s*Tab 3 of 3" is visible... COMPLETED
Assert that "(?s).*Contract number\s.*Lessor name\s.*Tenant name\s.*Start date\s.*End date\s.*" is visible... COMPLETED
Press back... COMPLETED
Run ../subflows/account-ready.yaml...
  Assert that "Account\s*Tab 4 of 4", selected is visible... COMPLETED
  Assert that "(Profile details|Invoices)" is visible... COMPLETED
Run ../subflows/account-ready.yaml... COMPLETED
Run ${output.accountService = "Real estate tax"}... COMPLETED
Run ../subflows/open-account-service.yaml...
  Run account-ready.yaml...
    Assert that "Account\s*Tab 4 of 4", selected is visible... COMPLETED
    Assert that "(Profile details|Invoices)" is visible... COMPLETED
  Run account-ready.yaml... COMPLETED
  Repeat while "${output.accountService}", enabled, Below "(?s)(Account|Hello\s.*)", Above "Home\s*Tab 1 of 4", Size: 996x147(tolerance: 4) is not visible (up to 6 times)...
    Swipe from (50%,80%) to (50%,40%) in 500 ms... COMPLETED
    Wait for animation to end within 2000 ms... COMPLETED
  Repeat while "${output.accountService}", enabled, Below "(?s)(Account|Hello\s.*)", Above "Home\s*Tab 1 of 4", Size: 996x147(tolerance: 4) is not visible (up to 6 times)... COMPLETED
  Assert that "${output.accountService}", enabled, Below "(?s)(Account|Hello\s.*)", Above "Home\s*Tab 1 of 4", Size: 996x147(tolerance: 4) is visible... COMPLETED
  Tap on "${output.accountService}", enabled, Below "(?s)(Account|Hello\s.*)", Above "Home\s*Tab 1 of 4", Size: 996x147(tolerance: 4)... COMPLETED
Run ../subflows/open-account-service.yaml... COMPLETED
Assert that "Certificate Issued successfully" is visible... COMPLETED
Assert that "First Home VAT Exemption" is visible... COMPLETED
Assert that "Status" is visible... COMPLETED
Assert that "Checked on" is visible... COMPLETED
Assert that "Certificate number" is visible... COMPLETED
Assert that "Your VAT certificate has been issued and is ready to download." is visible... COMPLETED
Press back... COMPLETED
Run ../subflows/account-ready.yaml...
  Assert that "Account\s*Tab 4 of 4", selected is visible... COMPLETED
  Assert that "(Profile details|Invoices)" is visible... COMPLETED
Run ../subflows/account-ready.yaml... COMPLETED
Run ${output.accountService = "Rental Behavior Inquiry"}... COMPLETED
Run ../subflows/open-account-service.yaml...
  Run account-ready.yaml...
    Assert that "Account\s*Tab 4 of 4", selected is visible... COMPLETED
    Assert that "(Profile details|Invoices)" is visible... COMPLETED
  Run account-ready.yaml... COMPLETED
  Repeat while "${output.accountService}", enabled, Below "(?s)(Account|Hello\s.*)", Above "Home\s*Tab 1 of 4", Size: 996x147(tolerance: 4) is not visible (up to 6 times)...
  Repeat while "${output.accountService}", enabled, Below "(?s)(Account|Hello\s.*)", Above "Home\s*Tab 1 of 4", Size: 996x147(tolerance: 4) is not visible (up to 6 times)... SKIPPED
  Assert that "${output.accountService}", enabled, Below "(?s)(Account|Hello\s.*)", Above "Home\s*Tab 1 of 4", Size: 996x147(tolerance: 4) is visible... COMPLETED
  Tap on "${output.accountService}", enabled, Below "(?s)(Account|Hello\s.*)", Above "Home\s*Tab 1 of 4", Size: 996x147(tolerance: 4)... COMPLETED
Run ../subflows/open-account-service.yaml... COMPLETED
Assert that "Request Rental Behavior Report" is visible... COMPLETED
Assert that "Rental Behavior Inquiry" is visible... COMPLETED
Assert that "(?s)Beneficiaries\s.*" is visible... COMPLETED
Assert that "(?s)Expected time\s.*" is visible... COMPLETED
Assert that "(?s)Service fee\s.*" is visible... COMPLETED
Assert that "(?s)Service available on\s.*" is visible... COMPLETED
Press back... COMPLETED
Run ../subflows/account-ready.yaml...
  Assert that "Account\s*Tab 4 of 4", selected is visible... COMPLETED
  Assert that "(Profile details|Invoices)" is visible... COMPLETED
Run ../subflows/account-ready.yaml... COMPLETED
Run ${output.accountService = "Purchased deals"}... COMPLETED
Run ../subflows/open-account-service.yaml...
  Run account-ready.yaml...
    Assert that "Account\s*Tab 4 of 4", selected is visible... COMPLETED
    Assert that "(Profile details|Invoices)" is visible... COMPLETED
  Run account-ready.yaml... COMPLETED
  Repeat while "${output.accountService}", enabled, Below "(?s)(Account|Hello\s.*)", Above "Home\s*Tab 1 of 4", Size: 996x147(tolerance: 4) is not visible (up to 6 times)...
  Repeat while "${output.accountService}", enabled, Below "(?s)(Account|Hello\s.*)", Above "Home\s*Tab 1 of 4", Size: 996x147(tolerance: 4) is not visible (up to 6 times)... SKIPPED
  Assert that "${output.accountService}", enabled, Below "(?s)(Account|Hello\s.*)", Above "Home\s*Tab 1 of 4", Size: 996x147(tolerance: 4) is visible... COMPLETED
  Tap on "${output.accountService}", enabled, Below "(?s)(Account|Hello\s.*)", Above "Home\s*Tab 1 of 4", Size: 996x147(tolerance: 4)... COMPLETED
Run ../subflows/open-account-service.yaml... COMPLETED
Assert that "Sorry, there are no purchased deals" is visible... COMPLETED
Assert that "Purchased deals" is visible... COMPLETED
Assert that "Check latest deal from deals marketplace" is visible... COMPLETED
Press back... COMPLETED
Run ../subflows/account-ready.yaml...
  Assert that "Account\s*Tab 4 of 4", selected is visible... COMPLETED
  Assert that "(Profile details|Invoices)" is visible... COMPLETED
Run ../subflows/account-ready.yaml... COMPLETED
Run ${output.accountService = "Units delivery"}... COMPLETED
Run ../subflows/open-account-service.yaml...
  Run account-ready.yaml...
    Assert that "Account\s*Tab 4 of 4", selected is visible... COMPLETED
    Assert that "(Profile details|Invoices)" is visible... COMPLETED
  Run account-ready.yaml... COMPLETED
  Repeat while "${output.accountService}", enabled, Below "(?s)(Account|Hello\s.*)", Above "Home\s*Tab 1 of 4", Size: 996x147(tolerance: 4) is not visible (up to 6 times)...
  Repeat while "${output.accountService}", enabled, Below "(?s)(Account|Hello\s.*)", Above "Home\s*Tab 1 of 4", Size: 996x147(tolerance: 4) is not visible (up to 6 times)... SKIPPED
  Assert that "${output.accountService}", enabled, Below "(?s)(Account|Hello\s.*)", Above "Home\s*Tab 1 of 4", Size: 996x147(tolerance: 4) is visible... COMPLETED
  Tap on "${output.accountService}", enabled, Below "(?s)(Account|Hello\s.*)", Above "Home\s*Tab 1 of 4", Size: 996x147(tolerance: 4)... COMPLETED
Run ../subflows/open-account-service.yaml... COMPLETED
Assert that "You don't have any all units delivery form yet" is visible... COMPLETED
Assert that "Units Delivery" is visible... COMPLETED
Assert that "All\s*Tab 1 of 5" is visible... COMPLETED
Assert that "Pending\s*Tab 2 of 5" is visible... COMPLETED
Assert that "Approved\s*Tab 3 of 5" is visible... COMPLETED
Assert that "Accepted by developer\s*Tab 4 of 5" is visible... COMPLETED
Press back... COMPLETED
Run ../subflows/account-ready.yaml...
  Assert that "Account\s*Tab 4 of 4", selected is visible... COMPLETED
  Assert that "(Profile details|Invoices)" is visible... COMPLETED
Run ../subflows/account-ready.yaml... COMPLETED
Run ${output.accountService = "Invoices"}... COMPLETED
Run ../subflows/open-account-service.yaml...
  Run account-ready.yaml...
    Assert that "Account\s*Tab 4 of 4", selected is visible... COMPLETED
    Assert that "(Profile details|Invoices)" is visible... COMPLETED
  Run account-ready.yaml... COMPLETED
  Repeat while "${output.accountService}", enabled, Below "(?s)(Account|Hello\s.*)", Above "Home\s*Tab 1 of 4", Size: 996x147(tolerance: 4) is not visible (up to 6 times)...
  Repeat while "${output.accountService}", enabled, Below "(?s)(Account|Hello\s.*)", Above "Home\s*Tab 1 of 4", Size: 996x147(tolerance: 4) is not visible (up to 6 times)... SKIPPED
  Assert that "${output.accountService}", enabled, Below "(?s)(Account|Hello\s.*)", Above "Home\s*Tab 1 of 4", Size: 996x147(tolerance: 4) is visible... COMPLETED
  Tap on "${output.accountService}", enabled, Below "(?s)(Account|Hello\s.*)", Above "Home\s*Tab 1 of 4", Size: 996x147(tolerance: 4)... COMPLETED
Run ../subflows/open-account-service.yaml... COMPLETED
Assert that "Unpaid\s*Tab 2 of 4" is visible... COMPLETED
Assert that "Invoices" is visible... COMPLETED
Assert that "All\s*Tab 1 of 4" is visible... COMPLETED
Assert that "Paid\s*Tab 3 of 4" is visible... COMPLETED
Assert that "Cancelled\s*Tab 4 of 4" is visible... COMPLETED
Assert that "(?s).*Order type\s.*Invoice expires\s.*Amount\s.*" is visible... COMPLETED
Press back... COMPLETED
Run ../subflows/account-ready.yaml...
  Assert that "Account\s*Tab 4 of 4", selected is visible... COMPLETED
  Assert that "(Profile details|Invoices)" is visible... COMPLETED
Run ../subflows/account-ready.yaml... COMPLETED
Run ${output.accountService = "(?s)Language\\s.*"}... COMPLETED
Run ../subflows/open-account-service.yaml...
  Run account-ready.yaml...
    Assert that "Account\s*Tab 4 of 4", selected is visible... COMPLETED
    Assert that "(Profile details|Invoices)" is visible... COMPLETED
  Run account-ready.yaml... COMPLETED
  Repeat while "${output.accountService}", enabled, Below "(?s)(Account|Hello\s.*)", Above "Home\s*Tab 1 of 4", Size: 996x147(tolerance: 4) is not visible (up to 6 times)...
  Repeat while "${output.accountService}", enabled, Below "(?s)(Account|Hello\s.*)", Above "Home\s*Tab 1 of 4", Size: 996x147(tolerance: 4) is not visible (up to 6 times)... SKIPPED
  Assert that "${output.accountService}", enabled, Below "(?s)(Account|Hello\s.*)", Above "Home\s*Tab 1 of 4", Size: 996x147(tolerance: 4) is visible... COMPLETED
  Tap on "${output.accountService}", enabled, Below "(?s)(Account|Hello\s.*)", Above "Home\s*Tab 1 of 4", Size: 996x147(tolerance: 4)... COMPLETED
Run ../subflows/open-account-service.yaml... COMPLETED
Assert that "Select Language" is visible... COMPLETED
Assert that "English" is visible... COMPLETED
Assert that "Confirm" is visible... COMPLETED
Press back... COMPLETED
Run ../subflows/account-ready.yaml...
  Assert that "Account\s*Tab 4 of 4", selected is visible... COMPLETED
  Assert that "(Profile details|Invoices)" is visible... COMPLETED
Run ../subflows/account-ready.yaml... COMPLETED
Run ${output.accountService = "Accessibility"}... COMPLETED
Run ../subflows/open-account-service.yaml...
  Run account-ready.yaml...
    Assert that "Account\s*Tab 4 of 4", selected is visible... COMPLETED
    Assert that "(Profile details|Invoices)" is visible... COMPLETED
  Run account-ready.yaml... COMPLETED
  Repeat while "${output.accountService}", enabled, Below "(?s)(Account|Hello\s.*)", Above "Home\s*Tab 1 of 4", Size: 996x147(tolerance: 4) is not visible (up to 6 times)...
  Repeat while "${output.accountService}", enabled, Below "(?s)(Account|Hello\s.*)", Above "Home\s*Tab 1 of 4", Size: 996x147(tolerance: 4) is not visible (up to 6 times)... SKIPPED
  Assert that "${output.accountService}", enabled, Below "(?s)(Account|Hello\s.*)", Above "Home\s*Tab 1 of 4", Size: 996x147(tolerance: 4) is visible... COMPLETED
  Tap on "${output.accountService}", enabled, Below "(?s)(Account|Hello\s.*)", Above "Home\s*Tab 1 of 4", Size: 996x147(tolerance: 4)... COMPLETED
Run ../subflows/open-account-service.yaml... COMPLETED
Assert that "(?s)Text size\s.*" is visible... COMPLETED
Assert that "Accessibility" is visible... COMPLETED
Assert that "(?s)Text Reader\s.*" is visible... COMPLETED
Assert that "(?s)Color blindness\s.*" is visible... COMPLETED
Press back... COMPLETED
Run ../subflows/account-ready.yaml...
  Assert that "Account\s*Tab 4 of 4", selected is visible... COMPLETED
  Assert that "(Profile details|Invoices)" is visible... COMPLETED
Run ../subflows/account-ready.yaml... COMPLETED
Run ${output.accountService = "App appearance\\s*"}... COMPLETED
Run ../subflows/open-account-service.yaml...
  Run account-ready.yaml...
    Assert that "Account\s*Tab 4 of 4", selected is visible... COMPLETED
    Assert that "(Profile details|Invoices)" is visible... COMPLETED
  Run account-ready.yaml... COMPLETED
  Repeat while "${output.accountService}", enabled, Below "(?s)(Account|Hello\s.*)", Above "Home\s*Tab 1 of 4", Size: 996x147(tolerance: 4) is not visible (up to 6 times)...
  Repeat while "${output.accountService}", enabled, Below "(?s)(Account|Hello\s.*)", Above "Home\s*Tab 1 of 4", Size: 996x147(tolerance: 4) is not visible (up to 6 times)... SKIPPED
  Assert that "${output.accountService}", enabled, Below "(?s)(Account|Hello\s.*)", Above "Home\s*Tab 1 of 4", Size: 996x147(tolerance: 4) is visible... COMPLETED
  Tap on "${output.accountService}", enabled, Below "(?s)(Account|Hello\s.*)", Above "Home\s*Tab 1 of 4", Size: 996x147(tolerance: 4)... COMPLETED
Run ../subflows/open-account-service.yaml... COMPLETED
Assert that "Appearance" is visible... COMPLETED
Assert that "Dark mode" is visible... COMPLETED
Assert that "Light mode" is visible... COMPLETED
Assert that "(?s)System default\s.*" is visible... COMPLETED
Press back... COMPLETED
Run ../subflows/account-ready.yaml...
  Assert that "Account\s*Tab 4 of 4", selected is visible... COMPLETED
  Assert that "(Profile details|Invoices)" is visible... COMPLETED
Run ../subflows/account-ready.yaml... COMPLETED
Run ${output.accountService = "Regulations and policies"}... COMPLETED
Run ../subflows/open-account-service.yaml...
  Run account-ready.yaml...
    Assert that "Account\s*Tab 4 of 4", selected is visible... COMPLETED
    Assert that "(Profile details|Invoices)" is visible... COMPLETED
  Run account-ready.yaml... COMPLETED
  Repeat while "${output.accountService}", enabled, Below "(?s)(Account|Hello\s.*)", Above "Home\s*Tab 1 of 4", Size: 996x147(tolerance: 4) is not visible (up to 6 times)...
    Swipe from (50%,80%) to (50%,40%) in 500 ms... COMPLETED
    Wait for animation to end within 2000 ms... COMPLETED
  Repeat while "${output.accountService}", enabled, Below "(?s)(Account|Hello\s.*)", Above "Home\s*Tab 1 of 4", Size: 996x147(tolerance: 4) is not visible (up to 6 times)... COMPLETED
  Assert that "${output.accountService}", enabled, Below "(?s)(Account|Hello\s.*)", Above "Home\s*Tab 1 of 4", Size: 996x147(tolerance: 4) is visible... COMPLETED
  Tap on "${output.accountService}", enabled, Below "(?s)(Account|Hello\s.*)", Above "Home\s*Tab 1 of 4", Size: 996x147(tolerance: 4)... COMPLETED
Run ../subflows/open-account-service.yaml... COMPLETED
Assert that "Eligibility policy" is visible... COMPLETED
Assert that "Regulations and policies" is visible... COMPLETED
Assert that "Terms & Conditions" is visible... COMPLETED
Press back... COMPLETED
Run ../subflows/account-ready.yaml...
  Assert that "Account\s*Tab 4 of 4", selected is visible... COMPLETED
  Assert that "(Profile details|Invoices)" is visible... COMPLETED
Run ../subflows/account-ready.yaml... COMPLETED
Assert that "Log out" is visible... COMPLETED
Repeat while "Profile details", Below "(?s)Hello\s.*", Above "Home\s*Tab 1 of 4", Size: 996x147(tolerance: 4) is not visible (up to 6 times)...
  Swipe from (50%,40%) to (50%,80%) in 500 ms... COMPLETED
  Wait for animation to end within 2000 ms... COMPLETED
Repeat while "Profile details", Below "(?s)Hello\s.*", Above "Home\s*Tab 1 of 4", Size: 996x147(tolerance: 4) is not visible (up to 6 times)... COMPLETED
Assert that "Profile details", Below "(?s)Hello\s.*", Above "Home\s*Tab 1 of 4", Size: 996x147(tolerance: 4) is visible... COMPLETED
Run ../subflows/account-ready.yaml...
  Assert that "Account\s*Tab 4 of 4", selected is visible... COMPLETED
  Assert that "(Profile details|Invoices)" is visible... COMPLETED
Run ../subflows/account-ready.yaml... COMPLETED
Assert that "Enable Touch ID" is visible... COMPLETED
Tap on "Notifications"... COMPLETED
Assert that "There is no notification" is visible... COMPLETED
Assert that "Notifications Center" is visible... COMPLETED
Press back... COMPLETED
Run ../subflows/account-ready.yaml...
  Assert that "Account\s*Tab 4 of 4", selected is visible... COMPLETED
  Assert that "(Profile details|Invoices)" is visible... COMPLETED
Run ../subflows/account-ready.yaml... COMPLETED
Tap on "Favorites"... COMPLETED
Assert that "Land" is visible... COMPLETED
Assert that "Favorites" is visible... COMPLETED
Assert that "Compare" is visible... COMPLETED
Assert that "All" is visible... COMPLETED
Assert that "Mega projects" is visible... COMPLETED
Assert that "Projects" is visible... COMPLETED
Tap on "Mega projects"... COMPLETED
Wait for animation to end within 5000 ms... COMPLETED
Assert screenshot matches ../reference-screenshots/favorites/mega-projects-selected.png (threshold: 95%) (cropped on "Mega projects")... COMPLETED
Run flow when "Your favorites list is empty" is visible...
  Assert that "Explore marketplace to find what suit your needs" is visible... COMPLETED
  Assert that "Explore marketplace" is visible... COMPLETED
Run flow when "Your favorites list is empty" is visible... COMPLETED
Run flow when "Your favorites list is empty" is not visible...
Run flow when "Your favorites list is empty" is not visible... SKIPPED
Tap on "Projects"... COMPLETED
Wait for animation to end within 5000 ms... COMPLETED
Assert screenshot matches ../reference-screenshots/favorites/projects-selected.png (threshold: 95%) (cropped on "Projects")... COMPLETED
Assert screenshot matches ../reference-screenshots/favorites/mega-projects-unselected.png (threshold: 95%) (cropped on "Mega projects")... COMPLETED
Run flow when "Your favorites list is empty" is visible...
  Assert that "Explore marketplace to find what suit your needs" is visible... COMPLETED
  Assert that "Explore marketplace" is visible... COMPLETED
Run flow when "Your favorites list is empty" is visible... COMPLETED
Run flow when "Your favorites list is empty" is not visible...
Run flow when "Your favorites list is empty" is not visible... SKIPPED
Tap on "Land"... COMPLETED
Wait for animation to end within 5000 ms... COMPLETED
Assert screenshot matches ../reference-screenshots/favorites/land-selected.png (threshold: 95%) (cropped on "Land")... COMPLETED
Assert screenshot matches ../reference-screenshots/favorites/projects-unselected.png (threshold: 95%) (cropped on "Projects")... COMPLETED
Run flow when "Your favorites list is empty" is visible...
  Assert that "Explore marketplace to find what suit your needs" is visible... COMPLETED
  Assert that "Explore marketplace" is visible... COMPLETED
Run flow when "Your favorites list is empty" is visible... COMPLETED
Run flow when "Your favorites list is empty" is not visible...
Run flow when "Your favorites list is empty" is not visible... SKIPPED
Press back... COMPLETED
Run ../subflows/account-ready.yaml...
  Assert that "Account\s*Tab 4 of 4", selected is visible... COMPLETED
  Assert that "(Profile details|Invoices)" is visible... COMPLETED
Run ../subflows/account-ready.yaml... COMPLETED
Tap on "Help"... COMPLETED
Assert that "Help & Support" is visible... COMPLETED
Assert that "Read frequently asked questions" is visible... COMPLETED
Assert that "(?s)Contact Us\s.*" is visible... COMPLETED
Assert that "(?s)Phone call\s.*" is visible... COMPLETED
Assert that "(?s)Send us an email\s.*" is visible... COMPLETED
Assert that "(?s)Send us a message on Whatsapp\s.*" is visible... COMPLETED
Assert that "(?s)Send us a message on X\s.*" is visible... COMPLETED
Assert that "(?s)Live sign language support\s.*" is visible... COMPLETED
Press back... COMPLETED
Run ../subflows/account-ready.yaml...
  Assert that "Account\s*Tab 4 of 4", selected is visible... COMPLETED
  Assert that "(Profile details|Invoices)" is visible... COMPLETED
Run ../subflows/account-ready.yaml... COMPLETED
Take screenshot account-services-complete... COMPLETED
WARNING: Final field parent in class maestro.cli.command.TestCommand has been mutated reflectively by class picocli.CommandLine$Model$FieldBinding in unnamed module @2d9d4f9d (file:/D:/Automation-Tool/maestro/lib/picocli-4.6.3.jar)
WARNING: Use --enable-final-field-mutation=ALL-UNNAMED to avoid a warning
WARNING: Mutating final fields will be blocked in a future release unless final field mutation is enabled
WARNING: A terminally deprecated method in sun.misc.Unsafe has been called
WARNING: sun.misc.Unsafe::arrayBaseOffset has been called by com.google.protobuf.UnsafeUtil$MemoryAccessor (file:/D:/Automation-Tool/maestro/lib/protobuf-java-3.21.9.jar)
WARNING: Please consider reporting this to the maintainers of class com.google.protobuf.UnsafeUtil$MemoryAccessor
WARNING: sun.misc.Unsafe::arrayBaseOffset will be removed in a future release
