WARNING: Final field parent in class maestro.cli.command.TestCommand has been mutated reflectively by class picocli.CommandLine$Model$FieldBinding in unnamed module @2d9d4f9d (file:/D:/Automation-Tool/maestro/lib/picocli-4.6.3.jar)
WARNING: Use --enable-final-field-mutation=ALL-UNNAMED to avoid a warning
WARNING: Mutating final fields will be blocked in a future release unless final field mutation is enabled
Running on Pixel_8
 > Flow PROBE - zero-fee Stage 6 final verbatim (read-only)
WARNING: A terminally deprecated method in sun.misc.Unsafe has been called
WARNING: sun.misc.Unsafe::arrayBaseOffset has been called by com.google.protobuf.UnsafeUtil$MemoryAccessor (file:/D:/Automation-Tool/maestro/lib/protobuf-java-3.21.9.jar)
WARNING: Please consider reporting this to the maintainers of class com.google.protobuf.UnsafeUtil$MemoryAccessor
WARNING: sun.misc.Unsafe::arrayBaseOffset will be removed in a future release
Run ${output.unitBlock = "999"}... COMPLETED
Run ${output.unitNumber = "182"}... COMPLETED
Launch app "fi.iwa.sakani"... COMPLETED
Run flow when "(?s)(Account\s*Tab 4 of 4|.*would you recommend benefiting from Sakani.*)" is not visible...
  Run ${console.log('AFTER CONFIRM - no Account tab on the post-confirm screen; warm relaunch to Home')}... COMPLETED
  Launch app "fi.iwa.sakani"... COMPLETED
Run flow when "(?s)(Account\s*Tab 4 of 4|.*would you recommend benefiting from Sakani.*)" is not visible... COMPLETED
Run D:/Automation/Maestro-Mobile/.maestro/subflows/clear-overlays.yaml...
  Repeat while "${ANCHOR}" is not visible (up to 26 times)...
    Run ${output.handled = false}... COMPLETED
    Run flow when "(?s)(?:Don.t allow|Skip|Dismiss|Ok|Marketplace Day|Start comparing properties|Go to the weekly (offer|deal)|Update email|Number and Email Already Linked|.*would you recommend benefiting from Sakani.*|Thank you for your feedback|Maybe Later|Reject cookies)" is visible...
      Run flow when "Don.t allow" is visible...
      Run flow when "Don.t allow" is visible... SKIPPED
      Run flow when "Skip" is visible...
      Run flow when "Skip" is visible... SKIPPED
      Run flow when "Dismiss" is visible...
        Tap on "Dismiss"... COMPLETED
        Run ${output.handled = true}... COMPLETED
        Wait for animation to end within 3000 ms... COMPLETED
      Run flow when "Dismiss" is visible... COMPLETED
      Run flow when "Ok" is visible...
      Run flow when "Ok" is visible... SKIPPED
      Run flow when "Marketplace Day" is visible...
      Run flow when "Marketplace Day" is visible... SKIPPED
      Run flow when "Start comparing properties" is visible...
      Run flow when "Start comparing properties" is visible... SKIPPED
      Run flow when "Go to the weekly (offer|deal)" is visible...
      Run flow when "Go to the weekly (offer|deal)" is visible... SKIPPED
      Run flow when "Update email" is visible...
      Run flow when "Update email" is visible... SKIPPED
      Run flow when "Number and Email Already Linked" is visible...
      Run flow when "Number and Email Already Linked" is visible... SKIPPED
      Run flow when "(?s)(.*would you recommend benefiting from Sakani.*|Thank you for your feedback)" is visible...
      Run flow when "(?s)(.*would you recommend benefiting from Sakani.*|Thank you for your feedback)" is visible... SKIPPED
      Run flow when "Maybe Later" is visible...
      Run flow when "Maybe Later" is visible... SKIPPED
      Run flow when "Reject cookies" is visible...
      Run flow when "Reject cookies" is visible... SKIPPED
    Run flow when "(?s)(?:Don.t allow|Skip|Dismiss|Ok|Marketplace Day|Start comparing properties|Go to the weekly (offer|deal)|Update email|Number and Email Already Linked|.*would you recommend benefiting from Sakani.*|Thank you for your feedback|Maybe Later|Reject cookies)" is visible... COMPLETED
    Run flow when ${output.handled !== true} is true...
    Run flow when false is true... SKIPPED
  Repeat while "${ANCHOR}" is not visible (up to 26 times)... COMPLETED
  Run flow when ${output.npsLeftToCaller !== true} is true...
    Run dismiss-nps.yaml...
      Run flow when "(?s).*would you recommend benefiting from Sakani.*" is visible...
      Run flow when "(?s).*would you recommend benefiting from Sakani.*" is visible... SKIPPED
      Run flow when "Thank you for your feedback" is visible...
      Run flow when "Thank you for your feedback" is visible... SKIPPED
    Run dismiss-nps.yaml... COMPLETED
  Run flow when true is true... COMPLETED
  Run flow when ${output.anchorOptional !== true} is true...
    Repeat while "${ANCHOR}" is not visible (up to 6 times)...
    Repeat while "${ANCHOR}" is not visible (up to 6 times)... SKIPPED
    Run dismiss-nps.yaml...
      Run flow when "(?s).*would you recommend benefiting from Sakani.*" is visible...
      Run flow when "(?s).*would you recommend benefiting from Sakani.*" is visible... SKIPPED
      Run flow when "Thank you for your feedback" is visible...
      Run flow when "Thank you for your feedback" is visible... SKIPPED
    Run dismiss-nps.yaml... COMPLETED
    Assert that "${ANCHOR}" is visible... COMPLETED
  Run flow when true is true... COMPLETED
Run D:/Automation/Maestro-Mobile/.maestro/subflows/clear-overlays.yaml... COMPLETED
Run D:/Automation/Maestro-Mobile/.maestro/subflows/open-account-tab.yaml...
  Run tap-until-destination.yaml...
    Repeat while "${DESTINATION}" is not visible (up to 6 times)...
      Run dismiss-nps.yaml...
        Run flow when "(?s).*would you recommend benefiting from Sakani.*" is visible...
        Run flow when "(?s).*would you recommend benefiting from Sakani.*" is visible... SKIPPED
        Run flow when "Thank you for your feedback" is visible...
        Run flow when "Thank you for your feedback" is visible... SKIPPED
      Run dismiss-nps.yaml... COMPLETED
      Tap on (Optional) "${TARGET}"... COMPLETED
      Wait for animation to end within 3000 ms... COMPLETED
    Repeat while "${DESTINATION}" is not visible (up to 6 times)... COMPLETED
    Assert that "${DESTINATION}" is visible... COMPLETED
  Run tap-until-destination.yaml... COMPLETED
Run D:/Automation/Maestro-Mobile/.maestro/subflows/open-account-tab.yaml... COMPLETED
Run D:/Automation/Maestro-Mobile/.maestro/subflows/tap-until-destination.yaml...
  Repeat while "${DESTINATION}" is not visible (up to 6 times)...
    Run dismiss-nps.yaml...
      Run flow when "(?s).*would you recommend benefiting from Sakani.*" is visible...
      Run flow when "(?s).*would you recommend benefiting from Sakani.*" is visible... SKIPPED
      Run flow when "Thank you for your feedback" is visible...
      Run flow when "Thank you for your feedback" is visible... SKIPPED
    Run dismiss-nps.yaml... COMPLETED
    Tap on (Optional) "${TARGET}"... COMPLETED
    Wait for animation to end within 3000 ms... COMPLETED
  Repeat while "${DESTINATION}" is not visible (up to 6 times)... COMPLETED
  Assert that "${DESTINATION}" is visible... COMPLETED
Run D:/Automation/Maestro-Mobile/.maestro/subflows/tap-until-destination.yaml... COMPLETED
Tap on "Active\s*Tab 2 of 4"... COMPLETED
Assert that "(?s).*(
Active
.*Unit code|don.t have any active booking).*" is visible... COMPLETED
Take screenshot journey-without-fee-my-bookings-active... COMPLETED
BOOKING - no Active booking exists after Confirm booking... COMPLETED
Copy text from element with "(?s).*
Active
.*
Unit code
.*"... COMPLETED
Run ${output.activeCard = String(maestro.copiedText)}... COMPLETED
Run ${output.unitCode = (output.activeCard.match(/Unit code\s*([0-9]{2}(-[0-9]+)+)/) || ["", ""])[1]}... COMPLETED
Run ${console.log('ZERO-FEE BOOKING - Active card [' + output.activeCard.replace(/\n/g, ' | ') + '] unit code [' + output.unitCode + ']')}... COMPLETED
BOOKING - the Active booking's unit code is not the booked unit... COMPLETED
Tap on "(?s).*
Active
.*
Unit code
${output.unitCode}
.*"... COMPLETED
Assert that "Booking Details\s*Tab 1 of 2" is visible... COMPLETED
Assert that "Offplan MOH land" is visible... COMPLETED
Assert that "Complete your booking" is visible... COMPLETED
Assert that "Select payment method" is visible... COMPLETED
Assert that "Booking date" is visible... COMPLETED
BOOKING - zero-fee booking unexpectedly asks for a booking fee... COMPLETED
Assert that "Booking fee status" is not visible... COMPLETED
Take screenshot journey-without-fee-booking-details... COMPLETED
Tap on "Unit Details\s*Tab 2 of 2"... COMPLETED
BOOKING - Unit Details is not the booked unit... COMPLETED
Assert that "${output.unitBlock}", Below "Block" is visible... COMPLETED
Assert that "${output.unitNumber}", Below "Block" is visible... COMPLETED
Take screenshot journey-without-fee-unit-details... COMPLETED
Run ${console.log('FULL JOURNEY END - zero-fee booking Active, unit code [' + output.unitCode + '], block [' + output.unitBlock + '], unit [' + output.unitNumber + ']')}... COMPLETED
