Running on Pixel_8
 > Flow Check Eligibility With New User
Run ${output.candidateIdx = 0}... COMPLETED
Run ${output.usedCandidateIds = ','}... COMPLETED
Run ${output.candidateLog = ''}... COMPLETED
Run ${output.suitableFound = false}... COMPLETED
Repeat while ${output.suitableFound !== true && output.candidateIdx < 5} is true (up to 5 times)...
  Run ../subflows/eligibility-candidate.yaml...
    Run ${output.candidateIdx = output.candidateIdx + 1}... COMPLETED
    Run ${output.generatedNationalId = String(Math.floor(1000000000 + Math.random() * 1000000000))}... COMPLETED
    TEST DATA - candidate National ID does not match 1 followed by 9 digits, or was already used in this run... COMPLETED
    Run ${output.usedCandidateIds = output.usedCandidateIds + output.generatedNationalId + ','}... COMPLETED
    Run ${output.generatedPhone = String(Math.floor(500000000 + Math.random() * 10000000))}... COMPLETED
    Run ${output.generatedEmail = 'elig.' + output.generatedNationalId + '@example.com'}... COMPLETED
    Run ${output.candidateState = 'active'}... COMPLETED
    Run ${output.candidateReason = ''}... COMPLETED
    Run ${output.candidateRegistered = false}... COMPLETED
    Run ${output.candidateFamilySubmitted = false}... COMPLETED
    Run ${console.log('CANDIDATE ' + output.candidateIdx + ' [' + output.generatedNationalId + '] - phone [+966' + output.generatedPhone + '] email [' + output.generatedEmail + ']')}... COMPLETED
    Launch app "fi.iwa.sakani" with clear state... COMPLETED
    Run register-new-user.yaml...
      Assert that ${typeof NATIONAL_ID !== "undefined" && String(NATIONAL_ID).length === 10 && !/[^0-9]/.test(String(NATIONAL_ID))} is true... COMPLETED
      Run clear-overlays.yaml...
        Repeat while "${ANCHOR}" is not visible (up to 26 times)...
          Run ${output.handled = false}... COMPLETED
          Run flow when "(?s)(?:Don.t allow|Skip|Dismiss|Ok|Marketplace Day|Start comparing properties|Go to the weekly (offer|deal)|Update email|Number and Email Already Linked|.*would you recommend benefiting from Sakani.*|Thank you for your feedback|Maybe Later|Reject cookies)" is visible...
            Run flow when "Don.t allow" is visible...
            Run flow when "Don.t allow" is visible... SKIPPED
            Run flow when "Skip" is visible...
              Tap on "Skip"... COMPLETED
              Run ${output.handled = true}... COMPLETED
              Wait for animation to end within 3000 ms... COMPLETED
            Run flow when "Skip" is visible... COMPLETED
            Run flow when "Dismiss" is visible...
            Run flow when "Dismiss" is visible... SKIPPED
            Run flow when "Ok" is visible...
            Run flow when "Ok" is visible... SKIPPED
            Run flow when "Marketplace Day" is visible...
            Run flow when "Marketplace Day" is visible... SKIPPED
            Run flow when "Start comparing properties" is visible...
              Press back... COMPLETED
              Run ${output.handled = true}... COMPLETED
              Wait for animation to end within 3000 ms... COMPLETED
            Run flow when "Start comparing properties" is visible... COMPLETED
            Run flow when "Go to the weekly (offer|deal)" is visible...
            Run flow when "Go to the weekly (offer|deal)" is visible... SKIPPED
            Run flow when "Update email" is visible...
            Run flow when "Update email" is visible... SKIPPED
            Run flow when "Number and Email Already Linked" is visible...
            Run flow when "Number and Email Already Linked" is visible... SKIPPED
            Run flow when "(?s)(.*would you recommend benefiting from Sakani.*|Thank you for your feedback)" is visible...
            Run flow when "(?s)(.*would you recommend benefiting from Sakani.*|Thank you for your feedback)" is visible... SKIPPED
            Run flow when "Maybe Later" is visible...
            Run flow when "Maybe Later" is visible... SKIPPED
            Run flow when "Reject cookies" is visible...
            Run flow when "Reject cookies" is visible... SKIPPED
          Run flow when "(?s)(?:Don.t allow|Skip|Dismiss|Ok|Marketplace Day|Start comparing properties|Go to the weekly (offer|deal)|Update email|Number and Email Already Linked|.*would you recommend benefiting from Sakani.*|Thank you for your feedback|Maybe Later|Reject cookies)" is visible... COMPLETED
          Run flow when ${output.handled !== true} is true...
          Run flow when false is true... SKIPPED
            Wait for animation to end within 5000 ms... COMPLETED
        Repeat while "${ANCHOR}" is not visible (up to 26 times)... COMPLETED
        Run flow when ${output.npsLeftToCaller !== true} is true...
          Run dismiss-nps.yaml...
            Run flow when "(?s).*would you recommend benefiting from Sakani.*" is visible...
            Run flow when "(?s).*would you recommend benefiting from Sakani.*" is visible... SKIPPED
            Run flow when "Thank you for your feedback" is visible...
            Run flow when "Thank you for your feedback" is visible... SKIPPED
          Run dismiss-nps.yaml... COMPLETED
        Run flow when true is true... COMPLETED
        Run flow when ${output.anchorOptional !== true} is true...
          Repeat while "${ANCHOR}" is not visible (up to 6 times)...
          Repeat while "${ANCHOR}" is not visible (up to 6 times)... SKIPPED
          Run dismiss-nps.yaml...
            Run flow when "(?s).*would you recommend benefiting from Sakani.*" is visible...
            Run flow when "(?s).*would you recommend benefiting from Sakani.*" is visible... SKIPPED
            Run flow when "Thank you for your feedback" is visible...
            Run flow when "Thank you for your feedback" is visible... SKIPPED
          Run dismiss-nps.yaml... COMPLETED
          Assert that "${ANCHOR}" is visible... COMPLETED
        Run flow when true is true... COMPLETED
      Run clear-overlays.yaml... COMPLETED
      Assert that "(?s).*Login / Sign up.*" is visible... COMPLETED
      Tap on "(?s).*Login / Sign up.*"... COMPLETED
      Assert that "Continue with N[ae]fath" is visible... COMPLETED
      Tap on "Enter your ID, phone number,? or email"... COMPLETED
      Input text ${NATIONAL_ID}... COMPLETED
      Assert that "${NATIONAL_ID}" is visible... COMPLETED
      Tap on "Continue"... COMPLETED
      Assert that "Login with nafath" is visible... COMPLETED
      Assert that "${NATIONAL_ID}" is visible... COMPLETED
      Tap on "Confirm"... COMPLETED
      Assert that "Personal information" is visible... COMPLETED
      Assert that "We populated the information based on your National ID/Iqama and DOB." is visible... COMPLETED
      Assert that "${NATIONAL_ID}", Below "National ID.*" is visible... COMPLETED
      Run ${output.registeredApplicantDob = ''}... COMPLETED
      Run flow when "[0-9]{4}-[0-9]{1,2}-[0-9]{1,2}", Below "Date of Birth.*" is visible...
        Copy text from element with "[0-9]{4}-[0-9]{1,2}-[0-9]{1,2}", Below "Date of Birth.*"... COMPLETED
        Run ${output.registeredApplicantDob = String(maestro.copiedText).trim()}... COMPLETED
      Run flow when "[0-9]{4}-[0-9]{1,2}-[0-9]{1,2}", Below "Date of Birth.*" is visible... COMPLETED
      Run ../scripts/hijri-age.js... COMPLETED
      Run ${console.log('REGISTRATION - applicant Date of Birth [' + output.registeredApplicantDob + '] = ' + output.applicantAgeHijri + ' Hijri years (today ' + output.todayHijri + ')')}... COMPLETED
      Run ${output.registrationStoppedForAge = typeof MIN_AGE_HIJRI_YEARS !== "undefined" && !(output.applicantAgeHijri > Number(MIN_AGE_HIJRI_YEARS))}... COMPLETED
      Run flow when ${typeof MIN_AGE_HIJRI_YEARS !== "undefined"} is true...
        REGISTRATION - the applicant Date of Birth could not be read on Personal information... COMPLETED
      Run flow when true is true... COMPLETED
      Run flow when ${output.registrationStoppedForAge !== true} is true...
      Run flow when false is true... SKIPPED
    Run register-new-user.yaml... COMPLETED
    Run flow when ${output.registrationStoppedForAge === true} is true...
      Take screenshot elig-candidate-${output.candidateIdx}-rejected-age... COMPLETED
      Run ${output.candidateState = 'rejected'}... COMPLETED
      Run ${output.candidateReason = 'age <= 25 Hijri years (DOB ' + output.registeredApplicantDob + ', age ' + output.applicantAgeHijri + ')'}... COMPLETED
    Run flow when true is true... COMPLETED
    Run flow when ${output.candidateState === 'active'} is true...
    Run flow when false is true... SKIPPED
    Run flow when ${output.candidateState === 'active'} is true...
    Run flow when false is true... SKIPPED
    Run flow when ${output.candidateState === 'active'} is true...
    Run flow when false is true... SKIPPED
    Run flow when ${output.candidateState === 'active'} is true...
    Run flow when false is true... SKIPPED
    Run flow when ${output.candidateState === 'active'} is true...
    Run flow when false is true... SKIPPED
    Run ${output.candidateLine = 'CANDIDATE ' + output.candidateIdx + ' [' + output.generatedNationalId + '] - ' + (output.candidateState === 'rejected' ? 'REJECTED: ' : 'ACCEPTED: ') + output.candidateReason + ' - registration completed: ' + (output.candidateRegistered ? 'YES' : 'NO') + ' - Family Information submitted: ' + (output.candidateFamilySubmitted ? 'YES' : 'NO') + ' - age ' + output.applicantAgeHijri + ' Hijri years (DOB ' + output.registeredApplicantDob + ')'}... COMPLETED
    Run ${output.candidateLog = output.candidateLog + output.candidateLine + ' || '}... COMPLETED
    Run ${console.log(output.candidateLine)}... COMPLETED
  Run ../subflows/eligibility-candidate.yaml... COMPLETED

==== Debug output (logs & screenshots) ====

D:\Automation\Maestro-Mobile\report-dashboard\maestro-output\check elgibilty\debug\.maestro\tests\2026-10-04_141408
WARNING: Final field parent in class maestro.cli.command.TestCommand has been mutated reflectively by class picocli.CommandLine$Model$FieldBinding in unnamed module @2d9d4f9d (file:/D:/Automation-Tool/maestro/lib/picocli-4.6.3.jar)
WARNING: Use --enable-final-field-mutation=ALL-UNNAMED to avoid a warning
WARNING: Mutating final fields will be blocked in a future release unless final field mutation is enabled
WARNING: A terminally deprecated method in sun.misc.Unsafe has been called
WARNING: sun.misc.Unsafe::arrayBaseOffset has been called by com.google.protobuf.UnsafeUtil$MemoryAccessor (file:/D:/Automation-Tool/maestro/lib/protobuf-java-3.21.9.jar)
WARNING: Please consider reporting this to the maintainers of class com.google.protobuf.UnsafeUtil$MemoryAccessor
WARNING: sun.misc.Unsafe::arrayBaseOffset will be removed in a future release
Exception in thread "Thread-5" java.io.IOException: Command failed (host:transport:emulator-5554): device 'emulator-5554' not found
	at dadb.adbserver.AdbServer.send$dadb(AdbServer.kt:103)
	at dadb.adbserver.AdbServerDadb.open(AdbServer.kt:148)
	at dadb.Dadb$DefaultImpls.openShell(Dadb.kt:42)
	at dadb.adbserver.AdbServerDadb.openShell(AdbServer.kt:122)
	at dadb.Dadb$DefaultImpls.shell(Dadb.kt:35)
	at dadb.adbserver.AdbServerDadb.shell(AdbServer.kt:122)
	at maestro.android.AndroidDeviceConnection.shell(AndroidDeviceConnection.kt:153)
	at maestro.drivers.AndroidDriver.shell(AndroidDriver.kt:1363)
	at maestro.drivers.AndroidDriver.isPackageInstalled(AndroidDriver.kt:1346)
	at maestro.drivers.AndroidDriver.bestEffortUninstall(AndroidDriver.kt:1321)
	at maestro.drivers.AndroidDriver.uninstallMaestroDriverApp$lambda$90(AndroidDriver.kt:1307)
	at maestro.utils.Metrics.measured(Metrics.kt:48)
	at maestro.drivers.AndroidDriver.uninstallMaestroDriverApp(AndroidDriver.kt:1306)
	at maestro.drivers.AndroidDriver.close(AndroidDriver.kt:179)
	at maestro.Maestro.close(Maestro.kt:601)
	at maestro.cli.session.MaestroSessionManager$MaestroSession.close(MaestroSessionManager.kt:470)
	at maestro.cli.session.MaestroSessionManager.newSession$lambda$2(MaestroSessionManager.kt:131)
	at kotlin.concurrent.ThreadsKt$thread$thread$1.run(Thread.kt:30)
