Running on Pixel_8
 > Flow Check Eligibility With New User
Run ${output.generatedNationalId = String(Math.floor(1000000000 + Math.random() * 1000000000))}... COMPLETED
TEST DATA - generated National ID does not match 1 followed by 9 digits... COMPLETED
Run ${output.generatedPhone = String(Math.floor(500000000 + Math.random() * 10000000))}... COMPLETED
Run ${output.generatedEmail = 'elig.' + output.generatedNationalId + '@example.com'}... COMPLETED
Run ${console.log('ELIGIBILITY NEW USER - National ID [' + output.generatedNationalId + '] phone [+966' + output.generatedPhone + '] email [' + output.generatedEmail + ']')}... COMPLETED
Launch app "fi.iwa.sakani" with clear state... COMPLETED
Run ../subflows/register-new-user.yaml...
  Assert that ${typeof NATIONAL_ID !== "undefined" && String(NATIONAL_ID).length === 10 && !/[^0-9]/.test(String(NATIONAL_ID))} is true... COMPLETED
  Run clear-overlays.yaml...
    Repeat while "${ANCHOR}" is not visible (up to 26 times)...
      Run ${output.handled = false}... COMPLETED
      Run flow when "(?s)(?:Don.t allow|Skip|Dismiss|Ok|Marketplace Day|Start comparing properties|Go to the weekly (offer|deal)|Update email|Number and Email Already Linked|.*would you recommend benefiting from Sakani.*|Thank you for your feedback|Maybe Later|Reject cookies)" is visible...
        Run flow when "Don.t allow" is visible...
        Run flow when "Don.t allow" is visible... SKIPPED
        Run flow when "Skip" is visible...
          Tap on "Skip"... COMPLETED
          Run ${output.handled = true}... COMPLETED
          Wait for animation to end within 3000 ms... COMPLETED
        Run flow when "Skip" is visible... COMPLETED
        Run flow when "Dismiss" is visible...
        Run flow when "Dismiss" is visible... SKIPPED
        Run flow when "Ok" is visible...
        Run flow when "Ok" is visible... SKIPPED
        Run flow when "Marketplace Day" is visible...
        Run flow when "Marketplace Day" is visible... SKIPPED
        Run flow when "Start comparing properties" is visible...
          Press back... COMPLETED
          Run ${output.handled = true}... COMPLETED
          Wait for animation to end within 3000 ms... COMPLETED
        Run flow when "Start comparing properties" is visible... COMPLETED
        Run flow when "Go to the weekly (offer|deal)" is visible...
        Run flow when "Go to the weekly (offer|deal)" is visible... SKIPPED
        Run flow when "Update email" is visible...
        Run flow when "Update email" is visible... SKIPPED
        Run flow when "Number and Email Already Linked" is visible...
        Run flow when "Number and Email Already Linked" is visible... SKIPPED
        Run flow when "(?s)(.*would you recommend benefiting from Sakani.*|Thank you for your feedback)" is visible...
        Run flow when "(?s)(.*would you recommend benefiting from Sakani.*|Thank you for your feedback)" is visible... SKIPPED
        Run flow when "Maybe Later" is visible...
        Run flow when "Maybe Later" is visible... SKIPPED
        Run flow when "Reject cookies" is visible...
        Run flow when "Reject cookies" is visible... SKIPPED
      Run flow when "(?s)(?:Don.t allow|Skip|Dismiss|Ok|Marketplace Day|Start comparing properties|Go to the weekly (offer|deal)|Update email|Number and Email Already Linked|.*would you recommend benefiting from Sakani.*|Thank you for your feedback|Maybe Later|Reject cookies)" is visible... COMPLETED
      Run flow when ${output.handled !== true} is true...
      Run flow when false is true... SKIPPED
    Repeat while "${ANCHOR}" is not visible (up to 26 times)... COMPLETED
    Run flow when ${output.npsLeftToCaller !== true} is true...
      Run dismiss-nps.yaml...
        Run flow when "(?s).*would you recommend benefiting from Sakani.*" is visible...
        Run flow when "(?s).*would you recommend benefiting from Sakani.*" is visible... SKIPPED
        Run flow when "Thank you for your feedback" is visible...
        Run flow when "Thank you for your feedback" is visible... SKIPPED
      Run dismiss-nps.yaml... COMPLETED
    Run flow when true is true... COMPLETED
    Run flow when ${output.anchorOptional !== true} is true...
      Repeat while "${ANCHOR}" is not visible (up to 6 times)...
      Repeat while "${ANCHOR}" is not visible (up to 6 times)... SKIPPED
      Run dismiss-nps.yaml...
        Run flow when "(?s).*would you recommend benefiting from Sakani.*" is visible...
        Run flow when "(?s).*would you recommend benefiting from Sakani.*" is visible... SKIPPED
        Run flow when "Thank you for your feedback" is visible...
        Run flow when "Thank you for your feedback" is visible... SKIPPED
      Run dismiss-nps.yaml... COMPLETED
      Assert that "${ANCHOR}" is visible... COMPLETED
    Run flow when true is true... COMPLETED
  Run clear-overlays.yaml... COMPLETED
  Assert that "(?s).*Login / Sign up.*" is visible... COMPLETED
  Tap on "(?s).*Login / Sign up.*"... COMPLETED
  Assert that "Continue with N[ae]fath" is visible... COMPLETED
  Tap on "Enter your ID, phone number,? or email"... COMPLETED
  Input text ${NATIONAL_ID}... COMPLETED
  Assert that "${NATIONAL_ID}" is visible... COMPLETED
  Tap on "Continue"... COMPLETED
  Assert that "Login with nafath" is visible... COMPLETED
  Assert that "${NATIONAL_ID}" is visible... COMPLETED
  Tap on "Confirm"... COMPLETED
  Assert that "Personal information" is visible... COMPLETED
  Assert that "We populated the information based on your National ID/Iqama and DOB." is visible... COMPLETED
  Assert that "${NATIONAL_ID}", Below "National ID.*" is visible... COMPLETED
  Tap on "Continue"... COMPLETED
  Assert that "(?s).*Please fill in your mobile number detail and email address.*" is visible... COMPLETED
  Tap on "Enter your phone number"... COMPLETED
  Input text ${PHONE}... COMPLETED
  Hide Keyboard... COMPLETED
  Tap on "Enter your email"... COMPLETED
  Input text ${EMAIL}... COMPLETED
  Hide Keyboard... COMPLETED
  Wait for animation to end within 3000 ms... COMPLETED
  Assert that "${PHONE}" is visible... COMPLETED
  Assert that "${EMAIL}" is visible... COMPLETED
  REGISTRATION - the app rejected the generated phone number... COMPLETED
  Assert that "(?s).*Please fill in your mobile number detail and email address.*" is visible... COMPLETED
  Tap on point (50%,93%)... COMPLETED
  REGISTRATION - contact details were not accepted (no Verification Code screen)... COMPLETED
  Tap on "X", Index: 0... COMPLETED
  Input text ${OTP}... COMPLETED
  Run clear-overlays.yaml...
    Repeat while "${ANCHOR}" is not visible (up to 26 times)...
      Run ${output.handled = false}... COMPLETED
      Run flow when "(?s)(?:Don.t allow|Skip|Dismiss|Ok|Marketplace Day|Start comparing properties|Go to the weekly (offer|deal)|Update email|Number and Email Already Linked|.*would you recommend benefiting from Sakani.*|Thank you for your feedback|Maybe Later|Reject cookies)" is visible...
        Run flow when "Don.t allow" is visible...
        Run flow when "Don.t allow" is visible... SKIPPED
        Run flow when "Skip" is visible...
        Run flow when "Skip" is visible... SKIPPED
        Run flow when "Dismiss" is visible...
        Run flow when "Dismiss" is visible... SKIPPED
        Run flow when "Ok" is visible...
        Run flow when "Ok" is visible... SKIPPED
        Run flow when "Marketplace Day" is visible...
        Run flow when "Marketplace Day" is visible... SKIPPED
        Run flow when "Start comparing properties" is visible...
        Run flow when "Start comparing properties" is visible... SKIPPED
        Run flow when "Go to the weekly (offer|deal)" is visible...
          Press back... COMPLETED
          Run ${output.handled = true}... COMPLETED
          Wait for animation to end within 3000 ms... COMPLETED
        Run flow when "Go to the weekly (offer|deal)" is visible... COMPLETED
        Run flow when "Update email" is visible...
        Run flow when "Update email" is visible... SKIPPED
        Run flow when "Number and Email Already Linked" is visible...
        Run flow when "Number and Email Already Linked" is visible... SKIPPED
        Run flow when "(?s)(.*would you recommend benefiting from Sakani.*|Thank you for your feedback)" is visible...
        Run flow when "(?s)(.*would you recommend benefiting from Sakani.*|Thank you for your feedback)" is visible... SKIPPED
        Run flow when "Maybe Later" is visible...
          Tap on "Maybe Later"... COMPLETED
          Run ${output.handled = true}... COMPLETED
          Wait for animation to end within 3000 ms... COMPLETED
        Run flow when "Maybe Later" is visible... COMPLETED
        Run flow when "Reject cookies" is visible...
        Run flow when "Reject cookies" is visible... SKIPPED
      Run flow when "(?s)(?:Don.t allow|Skip|Dismiss|Ok|Marketplace Day|Start comparing properties|Go to the weekly (offer|deal)|Update email|Number and Email Already Linked|.*would you recommend benefiting from Sakani.*|Thank you for your feedback|Maybe Later|Reject cookies)" is visible... COMPLETED
      Run flow when ${output.handled !== true} is true...
      Run flow when false is true... SKIPPED
    Repeat while "${ANCHOR}" is not visible (up to 26 times)... COMPLETED
    Run flow when ${output.npsLeftToCaller !== true} is true...
      Run dismiss-nps.yaml...
        Run flow when "(?s).*would you recommend benefiting from Sakani.*" is visible...
        Run flow when "(?s).*would you recommend benefiting from Sakani.*" is visible... SKIPPED
        Run flow when "Thank you for your feedback" is visible...
        Run flow when "Thank you for your feedback" is visible... SKIPPED
      Run dismiss-nps.yaml... COMPLETED
    Run flow when true is true... COMPLETED
    Run flow when ${output.anchorOptional !== true} is true...
      Repeat while "${ANCHOR}" is not visible (up to 6 times)...
      Repeat while "${ANCHOR}" is not visible (up to 6 times)... SKIPPED
      Run dismiss-nps.yaml...
        Run flow when "(?s).*would you recommend benefiting from Sakani.*" is visible...
        Run flow when "(?s).*would you recommend benefiting from Sakani.*" is visible... SKIPPED
        Run flow when "Thank you for your feedback" is visible...
        Run flow when "Thank you for your feedback" is visible... SKIPPED
      Run dismiss-nps.yaml... COMPLETED
      Assert that "${ANCHOR}" is visible... COMPLETED
    Run flow when true is true... COMPLETED
  Run clear-overlays.yaml... COMPLETED
  Assert that "Welcome! Your account is all set." is visible... COMPLETED
  Tap on "Continue"... COMPLETED
  Run post-login.yaml...
    Assert that "Login with nafath" is not visible... COMPLETED
    Run ${output.anchorOptional = true}... COMPLETED
    Run clear-overlays.yaml...
      Repeat while "${ANCHOR}" is not visible (up to 26 times)...
        Run ${output.handled = false}... COMPLETED
        Run flow when "(?s)(?:Don.t allow|Skip|Dismiss|Ok|Marketplace Day|Start comparing properties|Go to the weekly (offer|deal)|Update email|Number and Email Already Linked|.*would you recommend benefiting from Sakani.*|Thank you for your feedback|Maybe Later|Reject cookies)" is visible...
          Run flow when "Don.t allow" is visible...
          Run flow when "Don.t allow" is visible... SKIPPED
          Run flow when "Skip" is visible...
            Tap on "Skip"... COMPLETED
            Run ${output.handled = true}... COMPLETED
            Wait for animation to end within 3000 ms... COMPLETED
          Run flow when "Skip" is visible... COMPLETED
          Run flow when "Dismiss" is visible...
          Run flow when "Dismiss" is visible... SKIPPED
          Run flow when "Ok" is visible...
          Run flow when "Ok" is visible... SKIPPED
          Run flow when "Marketplace Day" is visible...
          Run flow when "Marketplace Day" is visible... SKIPPED
          Run flow when "Start comparing properties" is visible...
          Run flow when "Start comparing properties" is visible... SKIPPED
          Run flow when "Go to the weekly (offer|deal)" is visible...
          Run flow when "Go to the weekly (offer|deal)" is visible... SKIPPED
          Run flow when "Update email" is visible...
          Run flow when "Update email" is visible... SKIPPED
          Run flow when "Number and Email Already Linked" is visible...
          Run flow when "Number and Email Already Linked" is visible... SKIPPED
          Run flow when "(?s)(.*would you recommend benefiting from Sakani.*|Thank you for your feedback)" is visible...
          Run flow when "(?s)(.*would you recommend benefiting from Sakani.*|Thank you for your feedback)" is visible... SKIPPED
          Run flow when "Maybe Later" is visible...
          Run flow when "Maybe Later" is visible... SKIPPED
          Run flow when "Reject cookies" is visible...
          Run flow when "Reject cookies" is visible... SKIPPED
        Run flow when "(?s)(?:Don.t allow|Skip|Dismiss|Ok|Marketplace Day|Start comparing properties|Go to the weekly (offer|deal)|Update email|Number and Email Already Linked|.*would you recommend benefiting from Sakani.*|Thank you for your feedback|Maybe Later|Reject cookies)" is visible... COMPLETED
        Run flow when ${output.handled !== true} is true...
        Run flow when false is true... SKIPPED
      Repeat while "${ANCHOR}" is not visible (up to 26 times)... COMPLETED
      Run flow when ${output.npsLeftToCaller !== true} is true...
        Run dismiss-nps.yaml...
          Run flow when "(?s).*would you recommend benefiting from Sakani.*" is visible...
          Run flow when "(?s).*would you recommend benefiting from Sakani.*" is visible... SKIPPED
          Run flow when "Thank you for your feedback" is visible...
          Run flow when "Thank you for your feedback" is visible... SKIPPED
        Run dismiss-nps.yaml... COMPLETED
      Run flow when true is true... COMPLETED
      Run flow when ${output.anchorOptional !== true} is true...
      Run flow when false is true... SKIPPED
    Run clear-overlays.yaml... COMPLETED
    Run ${output.anchorOptional = false}... COMPLETED
    Run flow when "New service" is visible...
    Run flow when "New service" is visible... SKIPPED
    Run flow when "Go to the weekly (offer|deal)" is visible...
    Run flow when "Go to the weekly (offer|deal)" is visible... SKIPPED
    Run flow when "Continue with N[ae]fath" is visible...
    Run flow when "Continue with N[ae]fath" is visible... SKIPPED
    Repeat while "(?si)(Hello|Good (morning|afternoon|evening)),\s*\S.*" is not visible (up to 6 times)...
    Repeat while "(?si)(Hello|Good (morning|afternoon|evening)),\s*\S.*" is not visible (up to 6 times)... SKIPPED
    Run dismiss-nps.yaml...
      Run flow when "(?s).*would you recommend benefiting from Sakani.*" is visible...
      Run flow when "(?s).*would you recommend benefiting from Sakani.*" is visible... SKIPPED
      Run flow when "Thank you for your feedback" is visible...
      Run flow when "Thank you for your feedback" is visible... SKIPPED
    Run dismiss-nps.yaml... COMPLETED
    Assert that "(?si)(Hello|Good (morning|afternoon|evening)),\s*\S.*" is visible... COMPLETED
    Assert that "(?s).*Login / Sign up.*" is not visible... COMPLETED
  Run post-login.yaml... COMPLETED
Run ../subflows/register-new-user.yaml... COMPLETED
Run ../subflows/open-account-tab.yaml...
  Run tap-until-destination.yaml...
    Repeat while "${DESTINATION}" is not visible (up to 6 times)...
      Run dismiss-nps.yaml...
        Run flow when "(?s).*would you recommend benefiting from Sakani.*" is visible...
        Run flow when "(?s).*would you recommend benefiting from Sakani.*" is visible... SKIPPED
        Run flow when "Thank you for your feedback" is visible...
        Run flow when "Thank you for your feedback" is visible... SKIPPED
      Run dismiss-nps.yaml... COMPLETED
      Tap on (Optional) "${TARGET}"... COMPLETED
      Wait for animation to end within 3000 ms... COMPLETED
    Repeat while "${DESTINATION}" is not visible (up to 6 times)... COMPLETED
    Assert that "${DESTINATION}" is visible... COMPLETED
  Run tap-until-destination.yaml... COMPLETED
Run ../subflows/open-account-tab.yaml... COMPLETED
Run ${console.log('ELIGIBILITY - Account opened')}... COMPLETED
Run ${output.accountService = "(?s)Eligibility checker status.*"}... COMPLETED
Run ../subflows/open-account-service.yaml...
  Run account-ready.yaml...
    Assert that "Account\s*Tab 4 of 4", selected is visible... COMPLETED
    Assert that "(Profile details|Invoices)" is visible... COMPLETED
  Run account-ready.yaml... COMPLETED
  Repeat while "${output.accountService}", enabled, Below "(?s)(Account|Hello\s.*)", Above "Home\s*Tab 1 of 4", Size: 996x147(tolerance: 4) is not visible (up to 6 times)...
  Repeat while "${output.accountService}", enabled, Below "(?s)(Account|Hello\s.*)", Above "Home\s*Tab 1 of 4", Size: 996x147(tolerance: 4) is not visible (up to 6 times)... SKIPPED
  Assert that "${output.accountService}", enabled, Below "(?s)(Account|Hello\s.*)", Above "Home\s*Tab 1 of 4", Size: 996x147(tolerance: 4) is visible... COMPLETED
  Tap on "${output.accountService}", enabled, Below "(?s)(Account|Hello\s.*)", Above "Home\s*Tab 1 of 4", Size: 996x147(tolerance: 4)... COMPLETED
Run ../subflows/open-account-service.yaml... COMPLETED
Assert that "Check your eligibility" is visible... COMPLETED
Assert that "Eligibility" is visible... COMPLETED
Assert that "Housing options, picked for you" is visible... COMPLETED
Take screenshot elig-1-eligibility-checker... COMPLETED
Tap on "Check your eligibility"... COMPLETED
Assert that "Step 1 of 3" is visible... COMPLETED
Assert that "Terms and Conditions" is visible... COMPLETED
Take screenshot elig-2-step1-terms... COMPLETED
Tap on "I have read and understood the terms and conditions of the contract.*"... COMPLETED
Tap on "Accept and continue"... COMPLETED
STEP 1 - Terms were not accepted (Step 2 did not open)... FAILED

Assertion is false: "Step 2 of 3" is visible

Assertion '"Step 2 of 3" is visible' failed. Check the UI hierarchy in debug artifacts to verify the element state and properties.

Possible causes:
- Element selector may be incorrect - check if there are similar elements with slightly different names/properties.
- Element may be temporarily unavailable due to loading state
- This could be a real regression that needs to be addressed

==== Debug output (logs & screenshots) ====

D:\Automation\Maestro-Mobile\report-dashboard\maestro-output\check elgibilty\debug\.maestro\tests\2026-10-04_094701
??????????????????????????????????????????????????????????????????????????????????????????????????
?                                                                                                ?
?   Debug tests faster by easy access to test recordings, maestro logs, screenshots, and more.   ?
?                                                                                                ?
?   Run your flows on Maestro Cloud:                                                             ?
?   maestro cloud app_file flows_folder/                                                         ?
?                                                                                                ?
??????????????????????????????????????????????????????????????????????????????????????????????????

WARNING: Final field parent in class maestro.cli.command.TestCommand has been mutated reflectively by class picocli.CommandLine$Model$FieldBinding in unnamed module @2d9d4f9d (file:/D:/Automation-Tool/maestro/lib/picocli-4.6.3.jar)
WARNING: Use --enable-final-field-mutation=ALL-UNNAMED to avoid a warning
WARNING: Mutating final fields will be blocked in a future release unless final field mutation is enabled
WARNING: A terminally deprecated method in sun.misc.Unsafe has been called
WARNING: sun.misc.Unsafe::arrayBaseOffset has been called by com.google.protobuf.UnsafeUtil$MemoryAccessor (file:/D:/Automation-Tool/maestro/lib/protobuf-java-3.21.9.jar)
WARNING: Please consider reporting this to the maintainers of class com.google.protobuf.UnsafeUtil$MemoryAccessor
WARNING: sun.misc.Unsafe::arrayBaseOffset will be removed in a future release
