Running on Pixel_8
 > Flow Cancel booking - the first Active booking at the top of the list
Run ${console.log('CANCEL BOOKING TARGET NATIONAL_ID = [' + NATIONAL_ID + ']')}... COMPLETED
Run ${output.targetNationalId = String(NATIONAL_ID)}... COMPLETED
Assert that ${String(NATIONAL_ID).length === 10 && !/[^0-9]/.test(String(NATIONAL_ID)) && (String(NATIONAL_ID).charAt(0) === "1" || String(NATIONAL_ID).charAt(0) === "2")} is true... COMPLETED
Launch app "fi.iwa.sakani" with clear state... COMPLETED
Run ../subflows/login.yaml...
  Assert that ${typeof NATIONAL_ID !== "undefined" && String(NATIONAL_ID).length === 10 && !/[^0-9]/.test(String(NATIONAL_ID)) && (String(NATIONAL_ID).charAt(0) === "1" || String(NATIONAL_ID).charAt(0) === "2")} is true... COMPLETED
  Run clear-overlays.yaml...
    Repeat while "${ANCHOR}" is not visible (up to 26 times)...
      Run ${output.handled = false}... COMPLETED
      Run flow when "(?s)(?:Don.t allow|Skip|Dismiss|Ok|Marketplace Day|Start comparing properties|Go to the weekly (offer|deal)|Update email|Number and Email Already Linked|.*would you recommend benefiting from Sakani.*|Thank you for your feedback|Maybe Later|Reject cookies)" is visible...
        Run flow when "Don.t allow" is visible...
        Run flow when "Don.t allow" is visible... SKIPPED
        Run flow when "Skip" is visible...
          Tap on "Skip"... COMPLETED
          Run ${output.handled = true}... COMPLETED
          Wait for animation to end within 3000 ms... COMPLETED
        Run flow when "Skip" is visible... COMPLETED
        Run flow when "Dismiss" is visible...
        Run flow when "Dismiss" is visible... SKIPPED
        Run flow when "Ok" is visible...
        Run flow when "Ok" is visible... SKIPPED
        Run flow when "Marketplace Day" is visible...
        Run flow when "Marketplace Day" is visible... SKIPPED
        Run flow when "Start comparing properties" is visible...
          Press back... COMPLETED
          Run ${output.handled = true}... COMPLETED
          Wait for animation to end within 3000 ms... COMPLETED
        Run flow when "Start comparing properties" is visible... COMPLETED
        Run flow when "Go to the weekly (offer|deal)" is visible...
        Run flow when "Go to the weekly (offer|deal)" is visible... SKIPPED
        Run flow when "Update email" is visible...
        Run flow when "Update email" is visible... SKIPPED
        Run flow when "Number and Email Already Linked" is visible...
        Run flow when "Number and Email Already Linked" is visible... SKIPPED
        Run flow when "(?s)(.*would you recommend benefiting from Sakani.*|Thank you for your feedback)" is visible...
        Run flow when "(?s)(.*would you recommend benefiting from Sakani.*|Thank you for your feedback)" is visible... SKIPPED
        Run flow when "Maybe Later" is visible...
        Run flow when "Maybe Later" is visible... SKIPPED
        Run flow when "Reject cookies" is visible...
        Run flow when "Reject cookies" is visible... SKIPPED
      Run flow when "(?s)(?:Don.t allow|Skip|Dismiss|Ok|Marketplace Day|Start comparing properties|Go to the weekly (offer|deal)|Update email|Number and Email Already Linked|.*would you recommend benefiting from Sakani.*|Thank you for your feedback|Maybe Later|Reject cookies)" is visible... COMPLETED
      Run flow when ${output.handled !== true} is true...
      Run flow when false is true... SKIPPED
    Repeat while "${ANCHOR}" is not visible (up to 26 times)... COMPLETED
    Run flow when ${output.npsLeftToCaller !== true} is true...
      Run dismiss-nps.yaml...
        Run flow when "(?s).*would you recommend benefiting from Sakani.*" is visible...
        Run flow when "(?s).*would you recommend benefiting from Sakani.*" is visible... SKIPPED
        Run flow when "Thank you for your feedback" is visible...
        Run flow when "Thank you for your feedback" is visible... SKIPPED
      Run dismiss-nps.yaml... COMPLETED
    Run flow when true is true... COMPLETED
    Run flow when ${output.anchorOptional !== true} is true...
      Repeat while "${ANCHOR}" is not visible (up to 6 times)...
      Repeat while "${ANCHOR}" is not visible (up to 6 times)... SKIPPED
      Run dismiss-nps.yaml...
        Run flow when "(?s).*would you recommend benefiting from Sakani.*" is visible...
        Run flow when "(?s).*would you recommend benefiting from Sakani.*" is visible... SKIPPED
        Run flow when "Thank you for your feedback" is visible...
        Run flow when "Thank you for your feedback" is visible... SKIPPED
      Run dismiss-nps.yaml... COMPLETED
      Assert that "${ANCHOR}" is visible... COMPLETED
    Run flow when true is true... COMPLETED
  Run clear-overlays.yaml... COMPLETED
  Assert that "(?s).*Login / Sign up.*" is visible... COMPLETED
  Tap on "(?s).*Login / Sign up.*"... COMPLETED
  Assert that "Continue with N[ae]fath" is visible... COMPLETED
  Tap on "Enter your ID, phone number,? or email"... COMPLETED
  Input text ${NATIONAL_ID}... COMPLETED
  Assert that "${NATIONAL_ID}" is visible... COMPLETED
  Tap on "Continue"... COMPLETED
  Assert that "Login with nafath" is visible... COMPLETED
  Assert that "${NATIONAL_ID}" is visible... COMPLETED
  Run ${output.loginNationalId = String(NATIONAL_ID)}... COMPLETED
  Tap on "Confirm"... COMPLETED
  Run post-login.yaml...
    Assert that "Login with nafath" is not visible... COMPLETED
    Run ${output.anchorOptional = true}... COMPLETED
    Run clear-overlays.yaml...
      Repeat while "${ANCHOR}" is not visible (up to 26 times)...
        Run ${output.handled = false}... COMPLETED
        Run flow when "(?s)(?:Don.t allow|Skip|Dismiss|Ok|Marketplace Day|Start comparing properties|Go to the weekly (offer|deal)|Update email|Number and Email Already Linked|.*would you recommend benefiting from Sakani.*|Thank you for your feedback|Maybe Later|Reject cookies)" is visible...
          Run flow when "Don.t allow" is visible...
          Run flow when "Don.t allow" is visible... SKIPPED
          Run flow when "Skip" is visible...
          Run flow when "Skip" is visible... SKIPPED
          Run flow when "Dismiss" is visible...
          Run flow when "Dismiss" is visible... SKIPPED
          Run flow when "Ok" is visible...
          Run flow when "Ok" is visible... SKIPPED
          Run flow when "Marketplace Day" is visible...
          Run flow when "Marketplace Day" is visible... SKIPPED
          Run flow when "Start comparing properties" is visible...
          Run flow when "Start comparing properties" is visible... SKIPPED
          Run flow when "Go to the weekly (offer|deal)" is visible...
          Run flow when "Go to the weekly (offer|deal)" is visible... SKIPPED
          Run flow when "Update email" is visible...
          Run flow when "Update email" is visible... SKIPPED
          Run flow when "Number and Email Already Linked" is visible...
            Tap on point (7%,9%)... COMPLETED
            Run ${output.handled = true}... COMPLETED
            Wait for animation to end within 4000 ms... COMPLETED
          Run flow when "Number and Email Already Linked" is visible... COMPLETED
          Run flow when "(?s)(.*would you recommend benefiting from Sakani.*|Thank you for your feedback)" is visible...
          Run flow when "(?s)(.*would you recommend benefiting from Sakani.*|Thank you for your feedback)" is visible... SKIPPED
          Run flow when "Maybe Later" is visible...
          Run flow when "Maybe Later" is visible... SKIPPED
          Run flow when "Reject cookies" is visible...
          Run flow when "Reject cookies" is visible... SKIPPED
        Run flow when "(?s)(?:Don.t allow|Skip|Dismiss|Ok|Marketplace Day|Start comparing properties|Go to the weekly (offer|deal)|Update email|Number and Email Already Linked|.*would you recommend benefiting from Sakani.*|Thank you for your feedback|Maybe Later|Reject cookies)" is visible... COMPLETED
        Run flow when ${output.handled !== true} is true...
        Run flow when false is true... SKIPPED
      Repeat while "${ANCHOR}" is not visible (up to 26 times)... COMPLETED
      Run flow when ${output.npsLeftToCaller !== true} is true...
        Run dismiss-nps.yaml...
          Run flow when "(?s).*would you recommend benefiting from Sakani.*" is visible...
          Run flow when "(?s).*would you recommend benefiting from Sakani.*" is visible... SKIPPED
          Run flow when "Thank you for your feedback" is visible...
          Run flow when "Thank you for your feedback" is visible... SKIPPED
        Run dismiss-nps.yaml... COMPLETED
      Run flow when true is true... COMPLETED
      Run flow when ${output.anchorOptional !== true} is true...
      Run flow when false is true... SKIPPED
    Run clear-overlays.yaml... COMPLETED
    Run ${output.anchorOptional = false}... COMPLETED
    Run flow when "New service" is visible...
    Run flow when "New service" is visible... SKIPPED
    Run flow when "Go to the weekly (offer|deal)" is visible...
    Run flow when "Go to the weekly (offer|deal)" is visible... SKIPPED
    Run flow when "Continue with N[ae]fath" is visible...
    Run flow when "Continue with N[ae]fath" is visible... SKIPPED
    Repeat while "(?si)(Hello|Good (morning|afternoon|evening)),\s*\S.*" is not visible (up to 6 times)...
    Repeat while "(?si)(Hello|Good (morning|afternoon|evening)),\s*\S.*" is not visible (up to 6 times)... SKIPPED
    Run dismiss-nps.yaml...
      Run flow when "(?s).*would you recommend benefiting from Sakani.*" is visible...
      Run flow when "(?s).*would you recommend benefiting from Sakani.*" is visible... SKIPPED
      Run flow when "Thank you for your feedback" is visible...
      Run flow when "Thank you for your feedback" is visible... SKIPPED
    Run dismiss-nps.yaml... COMPLETED
    Assert that "(?si)(Hello|Good (morning|afternoon|evening)),\s*\S.*" is visible... COMPLETED
    Assert that "(?s).*Login / Sign up.*" is not visible... COMPLETED
  Run post-login.yaml... COMPLETED
Run ../subflows/login.yaml... COMPLETED
Run ${output.accountReached = false}... COMPLETED
Run flow...
  Tap on "Account\s*Tab 4 of 4"... COMPLETED
  Assert that "My bookings" is visible... COMPLETED
  Run ${output.accountReached = true}... COMPLETED
Run flow... COMPLETED
Run flow when ${output.accountReached !== true} is true...
Run flow when false is true... SKIPPED
Run ${console.log('LEAVE HOME (after login) - My bookings reached, fast path=' + output.accountReached)}... COMPLETED
Assert that "My bookings" is visible... COMPLETED
Run ../subflows/verify-signed-in-account.yaml...
  Assert that ${typeof NATIONAL_ID !== "undefined" && String(NATIONAL_ID).length === 10 && !/[^0-9]/.test(String(NATIONAL_ID))} is true... COMPLETED
  Tap on "Profile details"... COMPLETED
  Assert that "Personal Detail(s)?" is visible... COMPLETED
  Assert that "National ID" is visible... COMPLETED
  Assert that "${NATIONAL_ID}" is visible... COMPLETED
  Run ${output.profileNationalId = String(NATIONAL_ID)}... COMPLETED
  Run flow when "Personal Detail(s)?" is visible...
    Press back... COMPLETED
  Run flow when "Personal Detail(s)?" is visible... COMPLETED
  Assert that "My bookings" is visible... COMPLETED
Run ../subflows/verify-signed-in-account.yaml... COMPLETED
Assert that ${output.loginNationalId === output.targetNationalId && output.targetNationalId === String(NATIONAL_ID) && output.profileNationalId === output.targetNationalId} is true... COMPLETED
Run ${output.identityOk = output.loginNationalId === String(NATIONAL_ID) && output.profileNationalId === String(NATIONAL_ID)}... COMPLETED
Run ../subflows/clear-overlays.yaml...
  Repeat while "${ANCHOR}" is not visible (up to 26 times)...
  Repeat while "${ANCHOR}" is not visible (up to 26 times)... SKIPPED
  Run flow when ${output.npsLeftToCaller !== true} is true...
    Run dismiss-nps.yaml...
      Run flow when "(?s).*would you recommend benefiting from Sakani.*" is visible...
      Run flow when "(?s).*would you recommend benefiting from Sakani.*" is visible... SKIPPED
      Run flow when "Thank you for your feedback" is visible...
      Run flow when "Thank you for your feedback" is visible... SKIPPED
    Run dismiss-nps.yaml... COMPLETED
  Run flow when true is true... COMPLETED
  Run flow when ${output.anchorOptional !== true} is true...
    Repeat while "${ANCHOR}" is not visible (up to 6 times)...
    Repeat while "${ANCHOR}" is not visible (up to 6 times)... SKIPPED
    Run dismiss-nps.yaml...
      Run flow when "(?s).*would you recommend benefiting from Sakani.*" is visible...
      Run flow when "(?s).*would you recommend benefiting from Sakani.*" is visible... SKIPPED
      Run flow when "Thank you for your feedback" is visible...
      Run flow when "Thank you for your feedback" is visible... SKIPPED
    Run dismiss-nps.yaml... COMPLETED
    Assert that "${ANCHOR}" is visible... COMPLETED
  Run flow when true is true... COMPLETED
Run ../subflows/clear-overlays.yaml... COMPLETED
Tap on "My bookings"... COMPLETED
Assert that "My Bookings" is visible... COMPLETED
Assert that "Active\s*Tab 2 of 4" is visible... COMPLETED
Assert that "Cancelled\s*Tab 4 of 4" is visible... COMPLETED
Tap on "Active\s*Tab 2 of 4"... COMPLETED
Assert that "(?s).*(
Active
.*Unit code|don.t have any active booking).*" is visible... COMPLETED
Take screenshot cancel-00-active-tab-before... COMPLETED
Run ${output.unitCode = ""}... COMPLETED
Run ${output.hasActiveBooking = false}... COMPLETED
Run flow when "(?s).*
Active
.*
Unit code
.*", Index: 0 is visible...
Run flow when "(?s).*
Active
.*
Unit code
.*", Index: 0 is visible... SKIPPED
Run ${output.cancelAllowed = output.identityOk === true && output.hasActiveBooking === true}... COMPLETED
Run ${console.log('CANCEL BOOKING DECISION - account=' + output.identityOk + ' | a first Active card is present=' + output.hasActiveBooking + ' | cancelAllowed=' + output.cancelAllowed)}... COMPLETED
Run flow when ${output.hasActiveBooking !== true} is true...
  Run ${console.log('No active bookings available for cancellation.')}... COMPLETED
  Take screenshot cancel-STOP-no-active-booking... COMPLETED
Run flow when true is true... COMPLETED
Assert that ${output.cancelAllowed === true} is true... FAILED

Assertion is false: false is true

Assertion 'false is true' failed. Check the UI hierarchy in debug artifacts to verify the element state and properties.

Possible causes:
- Element selector may be incorrect - check if there are similar elements with slightly different names/properties.
- Element may be temporarily unavailable due to loading state
- This could be a real regression that needs to be addressed

==== Debug output (logs & screenshots) ====

D:\Automation\Maestro-Mobile\report-dashboard\maestro-output\cancel-booking\debug\.maestro\tests\2026-09-29_155603
WARNING: Final field parent in class maestro.cli.command.TestCommand has been mutated reflectively by class picocli.CommandLine$Model$FieldBinding in unnamed module @2d9d4f9d (file:/D:/Automation-Tool/maestro/lib/picocli-4.6.3.jar)
WARNING: Use --enable-final-field-mutation=ALL-UNNAMED to avoid a warning
WARNING: Mutating final fields will be blocked in a future release unless final field mutation is enabled
WARNING: A terminally deprecated method in sun.misc.Unsafe has been called
WARNING: sun.misc.Unsafe::arrayBaseOffset has been called by com.google.protobuf.UnsafeUtil$MemoryAccessor (file:/D:/Automation-Tool/maestro/lib/protobuf-java-3.21.9.jar)
WARNING: Please consider reporting this to the maintainers of class com.google.protobuf.UnsafeUtil$MemoryAccessor
WARNING: sun.misc.Unsafe::arrayBaseOffset will be removed in a future release
