WARNING: Final field parent in class maestro.cli.command.TestCommand has been mutated reflectively by class picocli.CommandLine$Model$FieldBinding in unnamed module @2d9d4f9d (file:/D:/Automation-Tool/maestro/lib/picocli-4.6.3.jar)
WARNING: Use --enable-final-field-mutation=ALL-UNNAMED to avoid a warning
WARNING: Mutating final fields will be blocked in a future release unless final field mutation is enabled
Running on Pixel_8
 > Flow DIAG - guest Home overlay phase (read-only hold)
WARNING: A terminally deprecated method in sun.misc.Unsafe has been called
WARNING: sun.misc.Unsafe::arrayBaseOffset has been called by com.google.protobuf.UnsafeUtil$MemoryAccessor (file:/D:/Automation-Tool/maestro/lib/protobuf-java-3.21.9.jar)
WARNING: Please consider reporting this to the maintainers of class com.google.protobuf.UnsafeUtil$MemoryAccessor
WARNING: sun.misc.Unsafe::arrayBaseOffset will be removed in a future release
Launch app "fi.iwa.sakani" with clear state... COMPLETED
Run ../../../.maestro/subflows/clear-overlays.yaml...
  Repeat while "${ANCHOR}" is not visible (up to 26 times)...
    Run ${output.handled = false}... COMPLETED
    Run flow when "(?s)(?:Don.t allow|Skip|Dismiss|Ok|Marketplace Day|Start comparing properties|Go to the weekly (offer|deal)|Update email|Number and Email Already Linked|.*would you recommend benefiting from Sakani.*|Thank you for your feedback|Maybe Later|Reject cookies)" is visible...
      Run flow when "Don.t allow" is visible...
      Run flow when "Don.t allow" is visible... SKIPPED
      Run flow when "Skip" is visible...
        Tap on "Skip"... COMPLETED
        Run ${output.handled = true}... COMPLETED
        Wait for animation to end within 3000 ms... COMPLETED
      Run flow when "Skip" is visible... COMPLETED
      Run flow when "Dismiss" is visible...
      Run flow when "Dismiss" is visible... SKIPPED
      Run flow when "Ok" is visible...
      Run flow when "Ok" is visible... SKIPPED
      Run flow when "Marketplace Day" is visible...
      Run flow when "Marketplace Day" is visible... SKIPPED
      Run flow when "Start comparing properties" is visible...
        Press back...
==== Debug output (logs & screenshots) ====

D:\Automation\Maestro-Mobile\evidence\2026-10-05-eligibility-appeal-journey\diag-unexplained-touch\run-1\debug\.maestro\tests\2026-10-05_144335
Exception in thread "Thread-5" java.io.IOException: Command failed (host:transport:emulator-5554): device 'emulator-5554' not found
	at dadb.adbserver.AdbServer.send$dadb(AdbServer.kt:103)
	at dadb.adbserver.AdbServerDadb.open(AdbServer.kt:148)
	at dadb.Dadb$DefaultImpls.openShell(Dadb.kt:42)
	at dadb.adbserver.AdbServerDadb.openShell(AdbServer.kt:122)
	at dadb.Dadb$DefaultImpls.shell(Dadb.kt:35)
	at dadb.adbserver.AdbServerDadb.shell(AdbServer.kt:122)
	at maestro.android.AndroidDeviceConnection.shell(AndroidDeviceConnection.kt:153)
	at maestro.drivers.AndroidDriver.shell(AndroidDriver.kt:1363)
	at maestro.drivers.AndroidDriver.isPackageInstalled(AndroidDriver.kt:1346)
	at maestro.drivers.AndroidDriver.bestEffortUninstall(AndroidDriver.kt:1321)
	at maestro.drivers.AndroidDriver.uninstallMaestroDriverApp$lambda$90(AndroidDriver.kt:1307)
	at maestro.utils.Metrics.measured(Metrics.kt:48)
	at maestro.drivers.AndroidDriver.uninstallMaestroDriverApp(AndroidDriver.kt:1306)
	at maestro.drivers.AndroidDriver.close(AndroidDriver.kt:179)
	at maestro.Maestro.close(Maestro.kt:601)
	at maestro.cli.session.MaestroSessionManager$MaestroSession.close(MaestroSessionManager.kt:470)
	at maestro.cli.session.MaestroSessionManager.newSession$lambda$2(MaestroSessionManager.kt:131)
	at kotlin.concurrent.ThreadsKt$thread$thread$1.run(Thread.kt:30)
