Running on Pixel_8
 > Flow Appeal Request - Not Eligible User
TEST DATA - NOT_ELIGIBLE_NATIONAL_ID is not a 10-digit National ID... COMPLETED
Launch app "fi.iwa.sakani" with clear state... COMPLETED
Run ../subflows/login.yaml...
  Assert that ${typeof NATIONAL_ID !== "undefined" && String(NATIONAL_ID).length === 10 && !/[^0-9]/.test(String(NATIONAL_ID)) && (String(NATIONAL_ID).charAt(0) === "1" || String(NATIONAL_ID).charAt(0) === "2")} is true... COMPLETED
  Run clear-overlays.yaml...
    Repeat while "${ANCHOR}" is not visible (up to 26 times)...
      Run ${output.handled = false}... COMPLETED
      Run flow when "(?s)(?:Don.t allow|Skip|Dismiss|Ok|Marketplace Day|Start comparing properties|Go to the weekly (offer|deal)|Update email|Number and Email Already Linked|.*would you recommend benefiting from Sakani.*|Thank you for your feedback|Maybe Later|Reject cookies)" is visible...
        Run flow when "Don.t allow" is visible...
        Run flow when "Don.t allow" is visible... SKIPPED
        Run flow when "Skip" is visible...
          Tap on "Skip"... COMPLETED
          Run ${output.handled = true}... COMPLETED
          Wait for animation to end within 3000 ms... COMPLETED
        Run flow when "Skip" is visible... COMPLETED
        Run flow when "Dismiss" is visible...
        Run flow when "Dismiss" is visible... SKIPPED
        Run flow when "Ok" is visible...
        Run flow when "Ok" is visible... SKIPPED
        Run flow when "Marketplace Day" is visible...
        Run flow when "Marketplace Day" is visible... SKIPPED
        Run flow when "Start comparing properties" is visible...
          Press back... COMPLETED
          Run ${output.handled = true}... COMPLETED
          Wait for animation to end within 3000 ms... COMPLETED
        Run flow when "Start comparing properties" is visible... COMPLETED
        Run flow when "Go to the weekly (offer|deal)" is visible...
        Run flow when "Go to the weekly (offer|deal)" is visible... SKIPPED
        Run flow when "Update email" is visible...
        Run flow when "Update email" is visible... SKIPPED
        Run flow when "Number and Email Already Linked" is visible...
        Run flow when "Number and Email Already Linked" is visible... SKIPPED
        Run flow when "(?s)(.*would you recommend benefiting from Sakani.*|Thank you for your feedback)" is visible...
        Run flow when "(?s)(.*would you recommend benefiting from Sakani.*|Thank you for your feedback)" is visible... SKIPPED
        Run flow when "Maybe Later" is visible...
        Run flow when "Maybe Later" is visible... SKIPPED
        Run flow when "Reject cookies" is visible...
        Run flow when "Reject cookies" is visible... SKIPPED
      Run flow when "(?s)(?:Don.t allow|Skip|Dismiss|Ok|Marketplace Day|Start comparing properties|Go to the weekly (offer|deal)|Update email|Number and Email Already Linked|.*would you recommend benefiting from Sakani.*|Thank you for your feedback|Maybe Later|Reject cookies)" is visible... COMPLETED
      Run flow when ${output.handled !== true} is true...
      Run flow when false is true... SKIPPED
    Repeat while "${ANCHOR}" is not visible (up to 26 times)... COMPLETED
    Run flow when ${output.npsLeftToCaller !== true} is true...
      Run dismiss-nps.yaml...
        Run flow when "(?s).*would you recommend benefiting from Sakani.*" is visible...
        Run flow when "(?s).*would you recommend benefiting from Sakani.*" is visible... SKIPPED
        Run flow when "Thank you for your feedback" is visible...
        Run flow when "Thank you for your feedback" is visible... SKIPPED
      Run dismiss-nps.yaml... COMPLETED
    Run flow when true is true... COMPLETED
    Run flow when ${output.anchorOptional !== true} is true...
      Repeat while "${ANCHOR}" is not visible (up to 6 times)...
      Repeat while "${ANCHOR}" is not visible (up to 6 times)... SKIPPED
      Run dismiss-nps.yaml...
        Run flow when "(?s).*would you recommend benefiting from Sakani.*" is visible...
        Run flow when "(?s).*would you recommend benefiting from Sakani.*" is visible... SKIPPED
        Run flow when "Thank you for your feedback" is visible...
        Run flow when "Thank you for your feedback" is visible... SKIPPED
      Run dismiss-nps.yaml... COMPLETED
      Assert that "${ANCHOR}" is visible... COMPLETED
    Run flow when true is true... COMPLETED
  Run clear-overlays.yaml... COMPLETED
  Assert that "(?s).*Login / Sign up.*" is visible... COMPLETED
  Tap on "(?s).*Login / Sign up.*"... COMPLETED
  Assert that "Continue with N[ae]fath" is visible... COMPLETED
  Tap on "Enter your ID, phone number,? or email"... COMPLETED
  Input text ${NATIONAL_ID}... COMPLETED
  Assert that "${NATIONAL_ID}" is visible... COMPLETED
  Tap on "Continue"... COMPLETED
  Assert that "Login with nafath" is visible... COMPLETED
  Assert that "${NATIONAL_ID}" is visible... COMPLETED
  Run ${output.loginNationalId = String(NATIONAL_ID)}... COMPLETED
  Tap on "Confirm"... COMPLETED
  Run post-login.yaml...
    Assert that "Login with nafath" is not visible... COMPLETED
    Run ${output.anchorOptional = true}... COMPLETED
    Run clear-overlays.yaml...
      Repeat while "${ANCHOR}" is not visible (up to 26 times)...
        Run ${output.handled = false}... COMPLETED
        Run flow when "(?s)(?:Don.t allow|Skip|Dismiss|Ok|Marketplace Day|Start comparing properties|Go to the weekly (offer|deal)|Update email|Number and Email Already Linked|.*would you recommend benefiting from Sakani.*|Thank you for your feedback|Maybe Later|Reject cookies)" is visible...
          Run flow when "Don.t allow" is visible...
          Run flow when "Don.t allow" is visible... SKIPPED
          Run flow when "Skip" is visible...
          Run flow when "Skip" is visible... SKIPPED
          Run flow when "Dismiss" is visible...
          Run flow when "Dismiss" is visible... SKIPPED
          Run flow when "Ok" is visible...
          Run flow when "Ok" is visible... SKIPPED
          Run flow when "Marketplace Day" is visible...
          Run flow when "Marketplace Day" is visible... SKIPPED
          Run flow when "Start comparing properties" is visible...
          Run flow when "Start comparing properties" is visible... SKIPPED
          Run flow when "Go to the weekly (offer|deal)" is visible...
          Run flow when "Go to the weekly (offer|deal)" is visible... SKIPPED
          Run flow when "Update email" is visible...
          Run flow when "Update email" is visible... SKIPPED
          Run flow when "Number and Email Already Linked" is visible...
            Tap on point (7%,9%)... COMPLETED
            Run ${output.handled = true}... COMPLETED
            Wait for animation to end within 4000 ms... COMPLETED
          Run flow when "Number and Email Already Linked" is visible... COMPLETED
          Run flow when "(?s)(.*would you recommend benefiting from Sakani.*|Thank you for your feedback)" is visible...
          Run flow when "(?s)(.*would you recommend benefiting from Sakani.*|Thank you for your feedback)" is visible... SKIPPED
          Run flow when "Maybe Later" is visible...
          Run flow when "Maybe Later" is visible... SKIPPED
          Run flow when "Reject cookies" is visible...
          Run flow when "Reject cookies" is visible... SKIPPED
        Run flow when "(?s)(?:Don.t allow|Skip|Dismiss|Ok|Marketplace Day|Start comparing properties|Go to the weekly (offer|deal)|Update email|Number and Email Already Linked|.*would you recommend benefiting from Sakani.*|Thank you for your feedback|Maybe Later|Reject cookies)" is visible... COMPLETED
        Run flow when ${output.handled !== true} is true...
        Run flow when false is true... SKIPPED
      Repeat while "${ANCHOR}" is not visible (up to 26 times)... COMPLETED
      Run flow when ${output.npsLeftToCaller !== true} is true...
        Run dismiss-nps.yaml...
          Run flow when "(?s).*would you recommend benefiting from Sakani.*" is visible...
          Run flow when "(?s).*would you recommend benefiting from Sakani.*" is visible... SKIPPED
          Run flow when "Thank you for your feedback" is visible...
          Run flow when "Thank you for your feedback" is visible... SKIPPED
        Run dismiss-nps.yaml... COMPLETED
      Run flow when true is true... COMPLETED
      Run flow when ${output.anchorOptional !== true} is true...
      Run flow when false is true... SKIPPED
    Run clear-overlays.yaml... COMPLETED
    Run ${output.anchorOptional = false}... COMPLETED
    Run flow when "New service" is visible...
    Run flow when "New service" is visible... SKIPPED
    Run flow when "Go to the weekly (offer|deal)" is visible...
    Run flow when "Go to the weekly (offer|deal)" is visible... SKIPPED
    Run flow when "Continue with N[ae]fath" is visible...
      Run ${console.log('LOGIN RECOVERY - back on the login page after authentication, relaunching with state kept')}... COMPLETED
      Launch app "fi.iwa.sakani"... COMPLETED
      Run clear-overlays.yaml...
        Repeat while "${ANCHOR}" is not visible (up to 26 times)...
          Run ${output.handled = false}... COMPLETED
          Run flow when "(?s)(?:Don.t allow|Skip|Dismiss|Ok|Marketplace Day|Start comparing properties|Go to the weekly (offer|deal)|Update email|Number and Email Already Linked|.*would you recommend benefiting from Sakani.*|Thank you for your feedback|Maybe Later|Reject cookies)" is visible...
          Run flow when "(?s)(?:Don.t allow|Skip|Dismiss|Ok|Marketplace Day|Start comparing properties|Go to the weekly (offer|deal)|Update email|Number and Email Already Linked|.*would you recommend benefiting from Sakani.*|Thank you for your feedback|Maybe Later|Reject cookies)" is visible... SKIPPED
          Run flow when ${output.handled !== true} is true...
            Wait for animation to end within 5000 ms... COMPLETED
          Run flow when true is true... COMPLETED
        Repeat while "${ANCHOR}" is not visible (up to 26 times)... COMPLETED
        Run flow when ${output.npsLeftToCaller !== true} is true...
          Run dismiss-nps.yaml...
            Run flow when "(?s).*would you recommend benefiting from Sakani.*" is visible...
            Run flow when "(?s).*would you recommend benefiting from Sakani.*" is visible... SKIPPED
            Run flow when "Thank you for your feedback" is visible...
            Run flow when "Thank you for your feedback" is visible... SKIPPED
          Run dismiss-nps.yaml... COMPLETED
        Run flow when true is true... COMPLETED
        Run flow when ${output.anchorOptional !== true} is true...
          Repeat while "${ANCHOR}" is not visible (up to 6 times)...
          Repeat while "${ANCHOR}" is not visible (up to 6 times)... SKIPPED
          Run dismiss-nps.yaml...
            Run flow when "(?s).*would you recommend benefiting from Sakani.*" is visible...
            Run flow when "(?s).*would you recommend benefiting from Sakani.*" is visible... SKIPPED
            Run flow when "Thank you for your feedback" is visible...
            Run flow when "Thank you for your feedback" is visible... SKIPPED
          Run dismiss-nps.yaml... COMPLETED
          Assert that "${ANCHOR}" is visible... COMPLETED
        Run flow when true is true... COMPLETED
      Run clear-overlays.yaml... COMPLETED
    Run flow when "Continue with N[ae]fath" is visible... COMPLETED
    Repeat while "(?si)(Hello|Good (morning|afternoon|evening)),\s*\S.*" is not visible (up to 6 times)...
    Repeat while "(?si)(Hello|Good (morning|afternoon|evening)),\s*\S.*" is not visible (up to 6 times)... SKIPPED
    Run dismiss-nps.yaml...
      Run flow when "(?s).*would you recommend benefiting from Sakani.*" is visible...
      Run flow when "(?s).*would you recommend benefiting from Sakani.*" is visible... SKIPPED
      Run flow when "Thank you for your feedback" is visible...
      Run flow when "Thank you for your feedback" is visible... SKIPPED
    Run dismiss-nps.yaml... COMPLETED
    Assert that "(?si)(Hello|Good (morning|afternoon|evening)),\s*\S.*" is visible... COMPLETED
    Assert that "(?s).*Login / Sign up.*" is not visible... COMPLETED
  Run post-login.yaml... COMPLETED
Run ../subflows/login.yaml... COMPLETED
Run ../subflows/open-account-tab.yaml...
  Run tap-until-destination.yaml...
    Repeat while "${DESTINATION}" is not visible (up to 6 times)...
      Run dismiss-nps.yaml...
        Run flow when "(?s).*would you recommend benefiting from Sakani.*" is visible...
        Run flow when "(?s).*would you recommend benefiting from Sakani.*" is visible... SKIPPED
        Run flow when "Thank you for your feedback" is visible...
        Run flow when "Thank you for your feedback" is visible... SKIPPED
      Run dismiss-nps.yaml... COMPLETED
      Tap on (Optional) "${TARGET}"... COMPLETED
      Wait for animation to end within 3000 ms... COMPLETED
    Repeat while "${DESTINATION}" is not visible (up to 6 times)... COMPLETED
    Assert that "${DESTINATION}" is visible... COMPLETED
  Run tap-until-destination.yaml... COMPLETED
Run ../subflows/open-account-tab.yaml... COMPLETED
Run ../subflows/verify-signed-in-account.yaml...
  Assert that ${typeof NATIONAL_ID !== "undefined" && String(NATIONAL_ID).length === 10 && !/[^0-9]/.test(String(NATIONAL_ID))} is true... COMPLETED
  Tap on "Profile details"... COMPLETED
  Assert that "Personal Detail(s)?" is visible... COMPLETED
  Assert that "National ID" is visible... COMPLETED
  Assert that "${NATIONAL_ID}" is visible... COMPLETED
  Run ${output.profileNationalId = String(NATIONAL_ID)}... COMPLETED
  Run flow when "Personal Detail(s)?" is visible...
    Press back... COMPLETED
  Run flow when "Personal Detail(s)?" is visible... COMPLETED
  Assert that "My bookings" is visible... COMPLETED
Run ../subflows/verify-signed-in-account.yaml... COMPLETED
Run ${console.log('APPEAL - signed in as the Not Eligible test user [' + output.profileNationalId + ']')}... COMPLETED
Run ${output.accountService = "(?s)Eligibility checker status.*"}... COMPLETED
Run ../subflows/open-account-service.yaml...
  Run account-ready.yaml...
    Assert that "Account\s*Tab 4 of 4", selected is visible... COMPLETED
    Assert that "(Profile details|Invoices)" is visible... COMPLETED
  Run account-ready.yaml... COMPLETED
  Repeat while "${output.accountService}", enabled, Below "(?s)(Account|Hello\s.*)", Above "Home\s*Tab 1 of 4", Size: 996x147(tolerance: 4) is not visible (up to 6 times)...
  Repeat while "${output.accountService}", enabled, Below "(?s)(Account|Hello\s.*)", Above "Home\s*Tab 1 of 4", Size: 996x147(tolerance: 4) is not visible (up to 6 times)... SKIPPED
  Assert that "${output.accountService}", enabled, Below "(?s)(Account|Hello\s.*)", Above "Home\s*Tab 1 of 4", Size: 996x147(tolerance: 4) is visible... COMPLETED
  Tap on "${output.accountService}", enabled, Below "(?s)(Account|Hello\s.*)", Above "Home\s*Tab 1 of 4", Size: 996x147(tolerance: 4)... COMPLETED
Run ../subflows/open-account-service.yaml... COMPLETED
Wait for animation to end within 15000 ms... COMPLETED
Run flow when "Check your eligibility" is visible...
Run flow when "Check your eligibility" is visible... SKIPPED
ELIGIBILITY - the persisted Eligibility status page did not open... COMPLETED
TEST DATA UNSUITABLE - the Eligibility assessment is not Complete... COMPLETED
TEST DATA UNSUITABLE - Appeal Request requires a Not Eligible user (the persisted result is not Not Eligible)... COMPLETED
Copy text from element with "[0-9]{2}/[0-9]{2}/[0-9]{4}", Below "Checked on"... COMPLETED
Run ${output.eligibilityCheckedOn = String(maestro.copiedText)}... COMPLETED
Run ${console.log('APPEAL PRECONDITION - persisted Eligibility: Complete, Not Eligible, checked on ' + output.eligibilityCheckedOn)}... COMPLETED
Take screenshot appeal-01-not-eligible-result... COMPLETED
Repeat while "(?s)Appeal request.*" is not visible (up to 6 times)...
  Swipe from (50%,75%) to (50%,45%) in 800 ms... COMPLETED
  Wait for animation to end within 2000 ms... COMPLETED
Repeat while "(?s)Appeal request.*" is not visible (up to 6 times)... COMPLETED
Run flow when "(?s)Appeal request.*lodge an appeal.*" is not visible...
Run flow when "(?s)Appeal request.*lodge an appeal.*" is not visible... SKIPPED
Run ${console.log('APPEAL PRECHECK - no existing Appeal: the page offers to lodge an appeal')}... COMPLETED
Tap on "(?s)Appeal request.*lodge an appeal.*"... COMPLETED
APPEAL - the Appeal request screen did not open... COMPLETED
Assert that "Appeal request" is visible... COMPLETED
Assert that "Terms and Conditions" is visible... COMPLETED
Take screenshot appeal-02-create-appeal... COMPLETED
Wait for animation to end within 15000 ms... COMPLETED
Take screenshot appeal-03-step1... COMPLETED
Tap on "I acknowledge that I have been informed of the housing support list.*"... COMPLETED
Wait for animation to end within 3000 ms... COMPLETED
Tap on "Accept and continue"... COMPLETED
STEP 1 - the declaration was not accepted (Step 2 did not open)... COMPLETED
Assert that "Reply to Appeal Reasons" is visible... COMPLETED
Run ${output.appealReasonCount = 0}... COMPLETED
Run ${output.appealEmptyPasses = 0}... COMPLETED
Repeat while ${output.appealEmptyPasses < 2} is true (up to 12 times)...
  Run flow when "Enter your reason" is visible...
    Run ${output.appealEmptyPasses = 0}... COMPLETED
    Run ${output.appealReasonCount = output.appealReasonCount + 1}... COMPLETED
    Tap on "Enter your reason", Index: 0... COMPLETED
    STEP 2 - the reason sheet did not open... COMPLETED
    Take screenshot appeal-04-step2-reason-${output.appealReasonCount}-options... COMPLETED
    BUSINESS DECISION REQUIRED - this reason's sheet has no generic 'Other' option (see the options screenshot) - nothing chosen... COMPLETED
    Tap on "Other", Below "Enter your reason"... COMPLETED
    Tap on "Continue", Below "Enter your reason"... COMPLETED
    STEP 2 - the reason sheet did not close after Other... COMPLETED
    Repeat while "Write your comment here" is not visible (up to 4 times)...
    Repeat while "Write your comment here" is not visible (up to 4 times)... SKIPPED
    Tap on "Write your comment here", Index: 0... COMPLETED
    Input text ${APPEAL_TEXT}... COMPLETED
    Wait for animation to end within 2000 ms... COMPLETED
    Hide Keyboard... COMPLETED
    Wait for animation to end within 3000 ms... COMPLETED
    STEP 2 - left the Appeal while closing the keyboard... COMPLETED
    STEP 2 - the justification text was not kept... COMPLETED
    Run ${console.log('STEP 2 - reason ' + output.appealReasonCount + ': Other + justification [' + APPEAL_TEXT + ']')}... COMPLETED
  Run flow when "Enter your reason" is visible... COMPLETED
  Run flow when "Enter your reason" is not visible...
  Run flow when "Enter your reason" is not visible... SKIPPED
      Swipe from (50%,70%) to (50%,55%) in 800 ms... COMPLETED
      Wait for animation to end within 2000 ms... COMPLETED
    Run ${output.appealEmptyPasses = output.appealEmptyPasses + 1}... COMPLETED
    Swipe from (50%,70%) to (50%,45%) in 600 ms... COMPLETED
    Wait for animation to end within 2000 ms... COMPLETED
Repeat while ${output.appealEmptyPasses < 2} is true (up to 12 times)... COMPLETED
STEP 2 - no appeal reason was answered... COMPLETED
STEP 2 - a mandatory justification is still empty... COMPLETED
Take screenshot appeal-04-step2... COMPLETED
Tap on "Continue"... COMPLETED
STEP 2 - the justifications were not accepted (Step 3 did not open)... COMPLETED
Wait for animation to end within 10000 ms... COMPLETED
Assert that "Upload your documents" is visible... COMPLETED
Take screenshot appeal-05-step3... COMPLETED
Run flow when "synthetic-national-id.pdf", Below "A copy of the national ID.*" is not visible...
  Tap on "Upload Document", Below "A copy of the national ID.*"... COMPLETED
  STEP 3 - the upload source sheet did not open (national ID)... COMPLETED
  Tap on "Files"... COMPLETED
  STEP 3 - synthetic-national-id.pdf is not offered by the Android file picker - nothing selected... COMPLETED
  Tap on "synthetic-national-id.pdf"... COMPLETED
  STEP 3 - did not return to the Appeal after choosing the national ID file... COMPLETED
Run flow when "synthetic-national-id.pdf", Below "A copy of the national ID.*" is not visible... COMPLETED
STEP 3 - synthetic-national-id.pdf is not attached to 'A copy of the national ID'... COMPLETED
Run flow when "synthetic-family-card.pdf", Below "A copy of the family card.*" is not visible...
  Tap on "Upload Document", Below "A copy of the family card.*"... COMPLETED
  STEP 3 - the upload source sheet did not open (family card)... COMPLETED
  Tap on "Files"... COMPLETED
  STEP 3 - synthetic-family-card.pdf is not offered by the Android file picker - nothing selected... COMPLETED
  Tap on "synthetic-family-card.pdf"... COMPLETED
  STEP 3 - did not return to the Appeal after choosing the family card file... COMPLETED
Run flow when "synthetic-family-card.pdf", Below "A copy of the family card.*" is not visible... COMPLETED
STEP 3 - synthetic-family-card.pdf is not attached to 'A copy of the family card'... COMPLETED
Wait for animation to end within 5000 ms... COMPLETED
Assert that "synthetic-national-id.pdf", Below "A copy of the national ID.*" is visible... COMPLETED
STEP 3 - a mandatory document is still missing... COMPLETED
STEP 3 - PRE rejected an uploaded document (see the screen)... COMPLETED
Take screenshot appeal-05b-documents-attached... COMPLETED
Run ${console.log('STEP 3 - attached: A copy of the national ID [synthetic-national-id.pdf], A copy of the family card [synthetic-family-card.pdf]')}... COMPLETED
Take screenshot appeal-review-before-submit... COMPLETED
Run ${output.appealSubmitTaps = 0}... COMPLETED
SUBMIT - a submission was already attempted in this run - NOT submitting again... COMPLETED
Tap on "Submit"... COMPLETED
Run ${output.appealSubmitTaps = output.appealSubmitTaps + 1}... COMPLETED
Run ${console.log('APPEAL SUBMIT - tapped exactly ' + output.appealSubmitTaps + ' time(s)')}... COMPLETED
Wait for animation to end within 20000 ms... COMPLETED
SUBMIT - still on Step 3 after Submit: state UNCERTAIN - do NOT resubmit; verify the Appeal read-only... COMPLETED
Wait for animation to end within 10000 ms... COMPLETED
SUBMIT - the product reported an error after Submit: state UNCERTAIN - do NOT resubmit; verify read-only... COMPLETED
Take screenshot appeal-06-after-submit... COMPLETED
Run ${output.appealResult = ''}... COMPLETED
Run ${output.appealReference = ''}... COMPLETED
Run ${output.appealStatus = ''}... COMPLETED
Run flow when "(?si).*(appeal|request|submitted|success|received).*" is visible...
  Copy text from element with "(?si).*(appeal|request|submitted|success|received).*"... COMPLETED
  Run ${output.appealResult = String(maestro.copiedText).replace(/\n/g, ' | ')}... COMPLETED
Run flow when "(?si).*(appeal|request|submitted|success|received).*" is visible... COMPLETED
Run flow when "(?si).*(reference|request number|request no|number).*[0-9]{4,}.*" is visible...
Run flow when "(?si).*(reference|request number|request no|number).*[0-9]{4,}.*" is visible... SKIPPED
Run ${console.log('APPEAL AFTER SUBMIT - message [' + output.appealResult + '] reference [' + output.appealReference + ']')}... COMPLETED
Repeat while "Account\s*Tab 4 of 4" is not visible (up to 5 times)...
  Press back... COMPLETED
  Wait for animation to end within 4000 ms... COMPLETED
Repeat while "Account\s*Tab 4 of 4" is not visible (up to 5 times)... COMPLETED
Run ../subflows/open-account-tab.yaml...
  Run tap-until-destination.yaml...
    Repeat while "${DESTINATION}" is not visible (up to 6 times)...
      Run dismiss-nps.yaml...
        Run flow when "(?s).*would you recommend benefiting from Sakani.*" is visible...
        Run flow when "(?s).*would you recommend benefiting from Sakani.*" is visible... SKIPPED
        Run flow when "Thank you for your feedback" is visible...
        Run flow when "Thank you for your feedback" is visible... SKIPPED
      Run dismiss-nps.yaml... COMPLETED
      Tap on (Optional) "${TARGET}"... WARNED
      Wait for animation to end within 3000 ms... COMPLETED
    Repeat while "${DESTINATION}" is not visible (up to 6 times)... COMPLETED
    Assert that "${DESTINATION}" is visible... FAILED
  Run tap-until-destination.yaml... FAILED
Run ../subflows/open-account-tab.yaml... FAILED

Assertion is false: "My bookings" is visible

Assertion '"My bookings" is visible' failed. Check the UI hierarchy in debug artifacts to verify the element state and properties.

Possible causes:
- Element selector may be incorrect - check if there are similar elements with slightly different names/properties.
- Element may be temporarily unavailable due to loading state
- This could be a real regression that needs to be addressed

==== Debug output (logs & screenshots) ====

D:\Automation\Maestro-Mobile\report-dashboard\maestro-output\appeal request\debug\.maestro\tests\2026-10-04_152744
WARNING: Final field parent in class maestro.cli.command.TestCommand has been mutated reflectively by class picocli.CommandLine$Model$FieldBinding in unnamed module @2d9d4f9d (file:/D:/Automation-Tool/maestro/lib/picocli-4.6.3.jar)
WARNING: Use --enable-final-field-mutation=ALL-UNNAMED to avoid a warning
WARNING: Mutating final fields will be blocked in a future release unless final field mutation is enabled
WARNING: A terminally deprecated method in sun.misc.Unsafe has been called
WARNING: sun.misc.Unsafe::arrayBaseOffset has been called by com.google.protobuf.UnsafeUtil$MemoryAccessor (file:/D:/Automation-Tool/maestro/lib/protobuf-java-3.21.9.jar)
WARNING: Please consider reporting this to the maintainers of class com.google.protobuf.UnsafeUtil$MemoryAccessor
WARNING: sun.misc.Unsafe::arrayBaseOffset will be removed in a future release
