Running on Pixel_8
 > Flow Login - AUTH-002 input validation, AUTH-012 Nafath entry, AUTH-006 sign-in, AUTH-010 authenticated Home, AUTH-009 restart
Run ${console.log('LOGIN.YAML TARGET NATIONAL_ID = [' + NATIONAL_ID + ']')}... COMPLETED
Assert that ${String(NATIONAL_ID).length === 10 && !/[^0-9]/.test(String(NATIONAL_ID)) && (String(NATIONAL_ID).charAt(0) === "1" || String(NATIONAL_ID).charAt(0) === "2")} is true... COMPLETED
Launch app "fi.iwa.sakani" with clear state... COMPLETED
Run ../subflows/clear-overlays.yaml...
  Repeat while "${ANCHOR}" is not visible (up to 26 times)...
    Run ${output.handled = false}... COMPLETED
    Run flow when "(?s)(?:Don.t allow|Skip|Dismiss|Ok|Marketplace Day|Start comparing properties|Go to the weekly (offer|deal)|Update email|Number and Email Already Linked|.*would you recommend benefiting from Sakani.*|Thank you for your feedback|Maybe Later|Reject cookies)" is visible...
      Run flow when "Don.t allow" is visible...
      Run flow when "Don.t allow" is visible... SKIPPED
      Run flow when "Skip" is visible...
        Tap on "Skip"... COMPLETED
        Run ${output.handled = true}... COMPLETED
        Wait for animation to end within 3000 ms... COMPLETED
      Run flow when "Skip" is visible... COMPLETED
      Run flow when "Dismiss" is visible...
      Run flow when "Dismiss" is visible... SKIPPED
      Run flow when "Ok" is visible...
      Run flow when "Ok" is visible... SKIPPED
      Run flow when "Marketplace Day" is visible...
      Run flow when "Marketplace Day" is visible... SKIPPED
      Run flow when "Start comparing properties" is visible...
        Press back... COMPLETED
        Run ${output.handled = true}... COMPLETED
        Wait for animation to end within 3000 ms... COMPLETED
      Run flow when "Start comparing properties" is visible... COMPLETED
      Run flow when "Go to the weekly (offer|deal)" is visible...
      Run flow when "Go to the weekly (offer|deal)" is visible... SKIPPED
      Run flow when "Update email" is visible...
      Run flow when "Update email" is visible... SKIPPED
      Run flow when "Number and Email Already Linked" is visible...
      Run flow when "Number and Email Already Linked" is visible... SKIPPED
      Run flow when "(?s)(.*would you recommend benefiting from Sakani.*|Thank you for your feedback)" is visible...
      Run flow when "(?s)(.*would you recommend benefiting from Sakani.*|Thank you for your feedback)" is visible... SKIPPED
      Run flow when "Maybe Later" is visible...
      Run flow when "Maybe Later" is visible... SKIPPED
      Run flow when "Reject cookies" is visible...
      Run flow when "Reject cookies" is visible... SKIPPED
    Run flow when "(?s)(?:Don.t allow|Skip|Dismiss|Ok|Marketplace Day|Start comparing properties|Go to the weekly (offer|deal)|Update email|Number and Email Already Linked|.*would you recommend benefiting from Sakani.*|Thank you for your feedback|Maybe Later|Reject cookies)" is visible... COMPLETED
    Run flow when ${output.handled !== true} is true...
    Run flow when false is true... SKIPPED
  Repeat while "${ANCHOR}" is not visible (up to 26 times)... COMPLETED
  Run flow when ${output.npsLeftToCaller !== true} is true...
    Run dismiss-nps.yaml...
      Run flow when "(?s).*would you recommend benefiting from Sakani.*" is visible...
      Run flow when "(?s).*would you recommend benefiting from Sakani.*" is visible... SKIPPED
      Run flow when "Thank you for your feedback" is visible...
      Run flow when "Thank you for your feedback" is visible... SKIPPED
    Run dismiss-nps.yaml... COMPLETED
  Run flow when true is true... COMPLETED
  Run flow when ${output.anchorOptional !== true} is true...
    Repeat while "${ANCHOR}" is not visible (up to 6 times)...
    Repeat while "${ANCHOR}" is not visible (up to 6 times)... SKIPPED
    Run dismiss-nps.yaml...
      Run flow when "(?s).*would you recommend benefiting from Sakani.*" is visible...
      Run flow when "(?s).*would you recommend benefiting from Sakani.*" is visible... SKIPPED
      Run flow when "Thank you for your feedback" is visible...
      Run flow when "Thank you for your feedback" is visible... SKIPPED
    Run dismiss-nps.yaml... COMPLETED
    Assert that "${ANCHOR}" is visible... COMPLETED
  Run flow when true is true... COMPLETED
Run ../subflows/clear-overlays.yaml... COMPLETED
Tap on "(?s).*Login / Sign up.*"... COMPLETED
Assert that "Continue with N[ae]fath" is visible... COMPLETED
Assert that "Enter your ID, phone number,? or email" is visible... COMPLETED
Tap on "Continue"... COMPLETED
Wait for animation to end within 3000 ms... COMPLETED
Assert that "Login with nafath" is not visible... COMPLETED
Tap on "Enter your ID, phone number,? or email"... COMPLETED
Input text 123... COMPLETED
Tap on "Continue"... COMPLETED
Wait for animation to end within 3000 ms... COMPLETED
Assert that "Login with nafath" is not visible... COMPLETED
Tap on "123"... COMPLETED
Erase text... COMPLETED
Input text abcdefghij... COMPLETED
Tap on "Continue"... COMPLETED
Wait for animation to end within 3000 ms... COMPLETED
Assert that "Login with nafath" is not visible... COMPLETED
Tap on "abcdefghij"... COMPLETED
Erase text... COMPLETED
Tap on "Continue with N[ae]fath"... COMPLETED
Assert that "Login with nafath" is visible... COMPLETED
Assert that "Use your nafath information to login" is visible... COMPLETED
Assert that "National ID / Iqama number" is visible... COMPLETED
Assert that "Confirm" is visible... COMPLETED
Press back... COMPLETED
Assert that "(?s).*Login / Sign up.*" is visible... COMPLETED
Tap on "(?s).*Login / Sign up.*"... COMPLETED
Assert that "Continue with N[ae]fath" is visible... COMPLETED
Assert that "Enter your ID, phone number,? or email" is visible... COMPLETED
Assert that "Login with nafath" is not visible... COMPLETED
Tap on "Enter your ID, phone number,? or email"... COMPLETED
Input text ${NATIONAL_ID}... COMPLETED
Assert that "${NATIONAL_ID}" is visible... COMPLETED
Tap on "Continue"... COMPLETED
Assert that "Login with nafath" is visible... COMPLETED
Assert that "Confirm" is visible... COMPLETED
Assert that "${NATIONAL_ID}" is visible... COMPLETED
Tap on "Confirm"... COMPLETED
Run ../subflows/post-login.yaml...
  Assert that "Login with nafath" is not visible... COMPLETED
  Run ${output.anchorOptional = true}... COMPLETED
  Run clear-overlays.yaml...
    Repeat while "${ANCHOR}" is not visible (up to 26 times)...
      Run ${output.handled = false}... COMPLETED
      Run flow when "(?s)(?:Don.t allow|Skip|Dismiss|Ok|Marketplace Day|Start comparing properties|Go to the weekly (offer|deal)|Update email|Number and Email Already Linked|.*would you recommend benefiting from Sakani.*|Thank you for your feedback|Maybe Later|Reject cookies)" is visible...
        Run flow when "Don.t allow" is visible...
        Run flow when "Don.t allow" is visible... SKIPPED
        Run flow when "Skip" is visible...
        Run flow when "Skip" is visible... SKIPPED
        Run flow when "Dismiss" is visible...
        Run flow when "Dismiss" is visible... SKIPPED
        Run flow when "Ok" is visible...
        Run flow when "Ok" is visible... SKIPPED
        Run flow when "Marketplace Day" is visible...
        Run flow when "Marketplace Day" is visible... SKIPPED
        Run flow when "Start comparing properties" is visible...
        Run flow when "Start comparing properties" is visible... SKIPPED
        Run flow when "Go to the weekly (offer|deal)" is visible...
        Run flow when "Go to the weekly (offer|deal)" is visible... SKIPPED
        Run flow when "Update email" is visible...
        Run flow when "Update email" is visible... SKIPPED
        Run flow when "Number and Email Already Linked" is visible...
          Tap on point (7%,9%)... COMPLETED
          Run ${output.handled = true}... COMPLETED
          Wait for animation to end within 4000 ms... COMPLETED
        Run flow when "Number and Email Already Linked" is visible... COMPLETED
        Run flow when "(?s)(.*would you recommend benefiting from Sakani.*|Thank you for your feedback)" is visible...
        Run flow when "(?s)(.*would you recommend benefiting from Sakani.*|Thank you for your feedback)" is visible... SKIPPED
        Run flow when "Maybe Later" is visible...
        Run flow when "Maybe Later" is visible... SKIPPED
        Run flow when "Reject cookies" is visible...
        Run flow when "Reject cookies" is visible... SKIPPED
      Run flow when "(?s)(?:Don.t allow|Skip|Dismiss|Ok|Marketplace Day|Start comparing properties|Go to the weekly (offer|deal)|Update email|Number and Email Already Linked|.*would you recommend benefiting from Sakani.*|Thank you for your feedback|Maybe Later|Reject cookies)" is visible... COMPLETED
      Run flow when ${output.handled !== true} is true...
      Run flow when false is true... SKIPPED
    Repeat while "${ANCHOR}" is not visible (up to 26 times)... COMPLETED
    Run flow when ${output.npsLeftToCaller !== true} is true...
      Run dismiss-nps.yaml...
        Run flow when "(?s).*would you recommend benefiting from Sakani.*" is visible...
        Run flow when "(?s).*would you recommend benefiting from Sakani.*" is visible... SKIPPED
        Run flow when "Thank you for your feedback" is visible...
        Run flow when "Thank you for your feedback" is visible... SKIPPED
      Run dismiss-nps.yaml... COMPLETED
    Run flow when true is true... COMPLETED
    Run flow when ${output.anchorOptional !== true} is true...
    Run flow when false is true... SKIPPED
  Run clear-overlays.yaml... COMPLETED
  Run ${output.anchorOptional = false}... COMPLETED
  Run flow when "New service" is visible...
  Run flow when "New service" is visible... SKIPPED
  Run flow when "Go to the weekly (offer|deal)" is visible...
  Run flow when "Go to the weekly (offer|deal)" is visible... SKIPPED
  Run flow when "Continue with N[ae]fath" is visible...
  Run flow when "Continue with N[ae]fath" is visible... SKIPPED
  Repeat while "(?si)(Hello|Good (morning|afternoon|evening)),\s*\S.*" is not visible (up to 6 times)...
  Repeat while "(?si)(Hello|Good (morning|afternoon|evening)),\s*\S.*" is not visible (up to 6 times)... SKIPPED
  Run dismiss-nps.yaml...
    Run flow when "(?s).*would you recommend benefiting from Sakani.*" is visible...
    Run flow when "(?s).*would you recommend benefiting from Sakani.*" is visible... SKIPPED
    Run flow when "Thank you for your feedback" is visible...
    Run flow when "Thank you for your feedback" is visible... SKIPPED
  Run dismiss-nps.yaml... COMPLETED
  Assert that "(?si)(Hello|Good (morning|afternoon|evening)),\s*\S.*" is visible... COMPLETED
  Assert that "(?s).*Login / Sign up.*" is not visible... COMPLETED
Run ../subflows/post-login.yaml... COMPLETED
Run ../subflows/clear-overlays.yaml...
  Repeat while "${ANCHOR}" is not visible (up to 26 times)...
  Repeat while "${ANCHOR}" is not visible (up to 26 times)... SKIPPED
  Run flow when ${output.npsLeftToCaller !== true} is true...
    Run dismiss-nps.yaml...
      Run flow when "(?s).*would you recommend benefiting from Sakani.*" is visible...
      Run flow when "(?s).*would you recommend benefiting from Sakani.*" is visible... SKIPPED
      Run flow when "Thank you for your feedback" is visible...
      Run flow when "Thank you for your feedback" is visible... SKIPPED
    Run dismiss-nps.yaml... COMPLETED
  Run flow when true is true... COMPLETED
  Run flow when ${output.anchorOptional !== true} is true...
    Repeat while "${ANCHOR}" is not visible (up to 6 times)...
    Repeat while "${ANCHOR}" is not visible (up to 6 times)... SKIPPED
    Run dismiss-nps.yaml...
      Run flow when "(?s).*would you recommend benefiting from Sakani.*" is visible...
      Run flow when "(?s).*would you recommend benefiting from Sakani.*" is visible... SKIPPED
      Run flow when "Thank you for your feedback" is visible...
      Run flow when "Thank you for your feedback" is visible... SKIPPED
    Run dismiss-nps.yaml... COMPLETED
    Assert that "${ANCHOR}" is visible... COMPLETED
  Run flow when true is true... COMPLETED
Run ../subflows/clear-overlays.yaml... COMPLETED
Assert that "(?si)(Hello|Good (morning|afternoon|evening)),\s*\S.*", Above "Home\s*Tab 1 of 4", selected is visible... COMPLETED
Assert that "(?s).*Login / Sign up.*" is not visible... COMPLETED
Launch app "fi.iwa.sakani"... COMPLETED
Run ../subflows/clear-overlays.yaml...
  Repeat while "${ANCHOR}" is not visible (up to 26 times)...
    Run ${output.handled = false}... COMPLETED
    Run flow when "(?s)(?:Don.t allow|Skip|Dismiss|Ok|Marketplace Day|Start comparing properties|Go to the weekly (offer|deal)|Update email|Number and Email Already Linked|.*would you recommend benefiting from Sakani.*|Thank you for your feedback|Maybe Later|Reject cookies)" is visible...
      Run flow when "Don.t allow" is visible...
      Run flow when "Don.t allow" is visible... SKIPPED
      Run flow when "Skip" is visible...
      Run flow when "Skip" is visible... SKIPPED
      Run flow when "Dismiss" is visible...
        Tap on "Dismiss"... COMPLETED
        Run ${output.handled = true}... COMPLETED
        Wait for animation to end within 3000 ms... COMPLETED
      Run flow when "Dismiss" is visible... COMPLETED
      Run flow when "Ok" is visible...
      Run flow when "Ok" is visible... SKIPPED
      Run flow when "Marketplace Day" is visible...
      Run flow when "Marketplace Day" is visible... SKIPPED
      Run flow when "Start comparing properties" is visible...
      Run flow when "Start comparing properties" is visible... SKIPPED
      Run flow when "Go to the weekly (offer|deal)" is visible...
      Run flow when "Go to the weekly (offer|deal)" is visible... SKIPPED
      Run flow when "Update email" is visible...
      Run flow when "Update email" is visible... SKIPPED
      Run flow when "Number and Email Already Linked" is visible...
      Run flow when "Number and Email Already Linked" is visible... SKIPPED
      Run flow when "(?s)(.*would you recommend benefiting from Sakani.*|Thank you for your feedback)" is visible...
      Run flow when "(?s)(.*would you recommend benefiting from Sakani.*|Thank you for your feedback)" is visible... SKIPPED
      Run flow when "Maybe Later" is visible...
      Run flow when "Maybe Later" is visible... SKIPPED
      Run flow when "Reject cookies" is visible...
      Run flow when "Reject cookies" is visible... SKIPPED
    Run flow when "(?s)(?:Don.t allow|Skip|Dismiss|Ok|Marketplace Day|Start comparing properties|Go to the weekly (offer|deal)|Update email|Number and Email Already Linked|.*would you recommend benefiting from Sakani.*|Thank you for your feedback|Maybe Later|Reject cookies)" is visible... COMPLETED
    Run flow when ${output.handled !== true} is true...
    Run flow when false is true... SKIPPED
  Repeat while "${ANCHOR}" is not visible (up to 26 times)... COMPLETED
  Run flow when ${output.npsLeftToCaller !== true} is true...
    Run dismiss-nps.yaml...
      Run flow when "(?s).*would you recommend benefiting from Sakani.*" is visible...
      Run flow when "(?s).*would you recommend benefiting from Sakani.*" is visible... SKIPPED
      Run flow when "Thank you for your feedback" is visible...
      Run flow when "Thank you for your feedback" is visible... SKIPPED
    Run dismiss-nps.yaml... COMPLETED
  Run flow when true is true... COMPLETED
  Run flow when ${output.anchorOptional !== true} is true...
    Repeat while "${ANCHOR}" is not visible (up to 6 times)...
    Repeat while "${ANCHOR}" is not visible (up to 6 times)... SKIPPED
    Run dismiss-nps.yaml...
      Run flow when "(?s).*would you recommend benefiting from Sakani.*" is visible...
      Run flow when "(?s).*would you recommend benefiting from Sakani.*" is visible... SKIPPED
      Run flow when "Thank you for your feedback" is visible...
      Run flow when "Thank you for your feedback" is visible... SKIPPED
    Run dismiss-nps.yaml... COMPLETED
    Assert that "${ANCHOR}" is visible... COMPLETED
  Run flow when true is true... COMPLETED
Run ../subflows/clear-overlays.yaml... COMPLETED
Assert that "(?si)(Hello|Good (morning|afternoon|evening)),\s*\S.*", Above "Home\s*Tab 1 of 4" is visible... COMPLETED
Assert that "(?s).*Login / Sign up.*" is not visible... COMPLETED
WARNING: Final field parent in class maestro.cli.command.TestCommand has been mutated reflectively by class picocli.CommandLine$Model$FieldBinding in unnamed module @2d9d4f9d (file:/D:/Automation-Tool/maestro/lib/picocli-4.6.3.jar)
WARNING: Use --enable-final-field-mutation=ALL-UNNAMED to avoid a warning
WARNING: Mutating final fields will be blocked in a future release unless final field mutation is enabled
WARNING: A terminally deprecated method in sun.misc.Unsafe has been called
WARNING: sun.misc.Unsafe::arrayBaseOffset has been called by com.google.protobuf.UnsafeUtil$MemoryAccessor (file:/D:/Automation-Tool/maestro/lib/protobuf-java-3.21.9.jar)
WARNING: Please consider reporting this to the maintainers of class com.google.protobuf.UnsafeUtil$MemoryAccessor
WARNING: sun.misc.Unsafe::arrayBaseOffset will be removed in a future release
